<html>
<body>
<pre>
<h1>µVision Build Log</h1>
<h2>Tool Versions:</h2>
IDE-Version: ¦ÌVision V5.12.0.0
Copyright (C) 2014 ARM Ltd and ARM Germany GmbH. All rights reserved.
License Information: zhang tengwei, KaSaDi, LIC=LSNJJ-UIT14-M9EGG-V1PH6-2DWAD-AEKKQ
 
Tool Versions:
Toolchain:       MDK-ARM Standard  Version: 5.12.0.0
Toolchain Path:  C:\Keil_v5\ARM\ARMCC\Bin
C Compiler:      Armcc.exe V5.05 (build 41)
Assembler:       Armasm.exe V5.05 (build 41)
Linker/Locator:  ArmLink.exe V5.05 (build 41)
Library Manager: ArmAr.exe V5.05 (build 41)
Hex Converter:   FromElf.exe V5.05 (build 41)
CPU DLL:         SARMCM3.DLL V5.12.0.0
Dialog DLL:      DARMCM1.DLL V1.11.00.0
    Target DLL: STLink\ST-LINKIII-KEIL_SWO.dll
Dialog DLL:      TARMCM1.DLL V1.08.00.0
 
<h2>Project:</h2>
C:\Users\zhangtengwei\Desktop\EFESD\MDK-ARM\MEMU.uvprojx
Project File Date:  04/14/2016

<h2>Output:</h2>
Build target 'MEMU Configuration'
compiling stm32f0xx_hal_pwr_ex.c...
compiling stm32f0xx_hal_gpio.c...
compiling stm32f0xx_hal_dma.c...
compiling stm32f0xx_hal_rcc.c...
compiling stm32f0xx_hal_flash_ex.c...
compiling stm32f0xx_hal_flash.c...
compiling stm32f0xx_hal_rcc_ex.c...
compiling stm32f0xx_hal_cortex.c...
compiling stm32f0xx_hal.c...
compiling stm32f0xx_hal_pwr.c...
compiling stm32f0xx_hal_uart.c...
compiling stm32f0xx_hal_uart_ex.c...
compiling stm32f0xx_hal_adc.c...
compiling stm32f0xx_hal_adc_ex.c...
compiling stm32f0xx_hal_tim.c...
compiling stm32f0xx_hal_tim_ex.c...
compiling main.c...
../Src/main.c(78): warning:  #177-D: variable "n" was declared but never referenced
  U16 n=0;
../Src/main.c: 1 warning, 0 errors
compiling stm32f0xx_it.c...
../Src/../app/pid.h(17): warning:  #1-D: last line of file ends without a newline
  #endif
../Src/stm32f0xx_it.c: 1 warning, 0 errors
compiling stm32f0xx_hal_msp.c...
compiling usart.c...
compiling gpio.c...
../Src/../app/PID.h(17): warning:  #1-D: last line of file ends without a newline
  #endif
../Src/gpio.c: 1 warning, 0 errors
compiling adc.c...
compiling tim.c...
compiling system_stm32f0xx.c...
compiling rotary.c...
compiling TM1651.c...
compiling key.c...
compiling GUI.c...
compiling font.c...
..\app\font.c(25): warning:  #1-D: last line of file ends without a newline
   
..\app\font.c: 1 warning, 0 errors
compiling menu.c...
compiling PointerInput.c...
compiling hoter.c...
..\app\../app/pid.h(17): warning:  #1-D: last line of file ends without a newline
  #endif
..\app\hoter.c: 1 warning, 0 errors
compiling adc_filter.c...
compiling PID.c...
..\app\pid.h(17): warning:  #1-D: last line of file ends without a newline
  #endif
..\app\PID.c: 1 warning, 0 errors
compiling HAL_MAIN.c...
compiling HAL_ADC.c...
..\Drivers\HAL\HAL_ADC.c(10): warning:  #1-D: last line of file ends without a newline
    
..\Drivers\HAL\HAL_ADC.c: 1 warning, 0 errors
linking...
Program Size: Code=8156 RO-data=224 RW-data=228 ZI-data=1332  
FromELF: creating hex file...
"MEMU Configuration\MEMU Configuration.axf" - 0 Error(s), 7 Warning(s).

<h2>Software Packages used:</h2>

Package Vendor: ARM
                http://www.keil.com/pack/ARM.CMSIS.4.2.0.pack
                ARM::CMSIS:CORE:3.40.0
                CMSIS (Cortex Microcontroller Software Interface Standard)
   * Component: CORE Version: 3.40.0

<h2>Collection of Component include folders:</h2>
  C:\Users\zhangtengwei\Desktop\EFESD\MDK-ARM\RTE
  C:\Keil_v5\ARM\PACK\ARM\CMSIS\4.2.0\CMSIS\Include
  C:\Keil_v5\ARM\PACK\Keil\STM32F0xx_DFP\1.2.0\Device\Include

<h2>Collection of Component Files used:</h2>

   * Component: ARM::CMSIS:CORE:3.40.0
      Source file:   CMSIS\UserCodeTemplates\ARM\ITM_Retarget.c
</pre>
</body>
</html>
