Component: ARM Compiler 5.06 update 1 (build 61) Tool: armlink [4d35a8]

==============================================================================

Section Cross References

    startup_stm32f030x6_1.o(RESET) refers to startup_stm32f030x6_1.o(STACK) for __initial_sp
    startup_stm32f030x6_1.o(RESET) refers to startup_stm32f030x6_1.o(.text) for Reset_Handler
    startup_stm32f030x6_1.o(RESET) refers to stm32f0xx_it.o(i.SysTick_Handler) for SysTick_Handler
    startup_stm32f030x6_1.o(RESET) refers to stm32f0xx_it.o(i.EXTI0_1_IRQHandler) for EXTI0_1_IRQHandler
    startup_stm32f030x6_1.o(RESET) refers to stm32f0xx_it.o(i.TIM14_IRQHandler) for TIM14_IRQHandler
    startup_stm32f030x6_1.o(.text) refers to system_stm32f0xx_1.o(i.SystemInit) for SystemInit
    startup_stm32f030x6_1.o(.text) refers to entry.o(.ARM.Collect$$$$00000000) for __main
    stm32f0xx_hal_gpio.o(i.HAL_GPIO_EXTI_IRQHandler) refers to gpio.o(i.HAL_GPIO_EXTI_Callback) for HAL_GPIO_EXTI_Callback
    stm32f0xx_hal_dma.o(i.HAL_DMA_Abort) refers to stm32f0xx_hal.o(i.HAL_GetTick) for HAL_GetTick
    stm32f0xx_hal_dma.o(i.HAL_DMA_PollForTransfer) refers to stm32f0xx_hal.o(i.HAL_GetTick) for HAL_GetTick
    stm32f0xx_hal_dma.o(i.HAL_DMA_Start) refers to stm32f0xx_hal_dma.o(i.DMA_SetConfig) for DMA_SetConfig
    stm32f0xx_hal_dma.o(i.HAL_DMA_Start_IT) refers to stm32f0xx_hal_dma.o(i.DMA_SetConfig) for DMA_SetConfig
    stm32f0xx_hal_rcc.o(i.HAL_RCC_ClockConfig) refers to stm32f0xx_hal.o(i.HAL_GetTick) for HAL_GetTick
    stm32f0xx_hal_rcc.o(i.HAL_RCC_ClockConfig) refers to stm32f0xx_hal_rcc.o(i.HAL_RCC_GetSysClockFreq) for HAL_RCC_GetSysClockFreq
    stm32f0xx_hal_rcc.o(i.HAL_RCC_ClockConfig) refers to stm32f0xx_hal.o(i.HAL_InitTick) for HAL_InitTick
    stm32f0xx_hal_rcc.o(i.HAL_RCC_ClockConfig) refers to system_stm32f0xx_1.o(.constdata) for AHBPrescTable
    stm32f0xx_hal_rcc.o(i.HAL_RCC_ClockConfig) refers to system_stm32f0xx_1.o(.data) for SystemCoreClock
    stm32f0xx_hal_rcc.o(i.HAL_RCC_DeInit) refers to system_stm32f0xx_1.o(.data) for SystemCoreClock
    stm32f0xx_hal_rcc.o(i.HAL_RCC_GetHCLKFreq) refers to system_stm32f0xx_1.o(.data) for SystemCoreClock
    stm32f0xx_hal_rcc.o(i.HAL_RCC_GetPCLK1Freq) refers to system_stm32f0xx_1.o(.data) for SystemCoreClock
    stm32f0xx_hal_rcc.o(i.HAL_RCC_GetPCLK1Freq) refers to system_stm32f0xx_1.o(.constdata) for APBPrescTable
    stm32f0xx_hal_rcc.o(i.HAL_RCC_GetSysClockFreq) refers to uidiv.o(.text) for __aeabi_uidivmod
    stm32f0xx_hal_rcc.o(i.HAL_RCC_MCOConfig) refers to memseta.o(.text) for __aeabi_memclr4
    stm32f0xx_hal_rcc.o(i.HAL_RCC_MCOConfig) refers to stm32f0xx_hal_gpio.o(i.HAL_GPIO_Init) for HAL_GPIO_Init
    stm32f0xx_hal_rcc.o(i.HAL_RCC_NMI_IRQHandler) refers to stm32f0xx_hal_rcc.o(i.HAL_RCC_CSSCallback) for HAL_RCC_CSSCallback
    stm32f0xx_hal_rcc.o(i.HAL_RCC_OscConfig) refers to stm32f0xx_hal.o(i.HAL_GetTick) for HAL_GetTick
    stm32f0xx_hal_flash_ex.o(i.FLASH_MassErase) refers to stm32f0xx_hal_flash.o(.bss) for pFlash
    stm32f0xx_hal_flash_ex.o(i.FLASH_OB_RDP_LevelConfig) refers to stm32f0xx_hal_flash.o(i.FLASH_WaitForLastOperation) for FLASH_WaitForLastOperation
    stm32f0xx_hal_flash_ex.o(i.FLASH_OB_RDP_LevelConfig) refers to stm32f0xx_hal_flash.o(.bss) for pFlash
    stm32f0xx_hal_flash_ex.o(i.FLASH_PageErase) refers to stm32f0xx_hal_flash.o(.bss) for pFlash
    stm32f0xx_hal_flash_ex.o(i.HAL_FLASHEx_Erase) refers to stm32f0xx_hal_flash.o(i.FLASH_WaitForLastOperation) for FLASH_WaitForLastOperation
    stm32f0xx_hal_flash_ex.o(i.HAL_FLASHEx_Erase) refers to stm32f0xx_hal_flash_ex.o(i.FLASH_MassErase) for FLASH_MassErase
    stm32f0xx_hal_flash_ex.o(i.HAL_FLASHEx_Erase) refers to stm32f0xx_hal_flash_ex.o(i.FLASH_PageErase) for FLASH_PageErase
    stm32f0xx_hal_flash_ex.o(i.HAL_FLASHEx_Erase) refers to stm32f0xx_hal_flash.o(.bss) for pFlash
    stm32f0xx_hal_flash_ex.o(i.HAL_FLASHEx_Erase_IT) refers to stm32f0xx_hal_flash_ex.o(i.FLASH_PageErase) for FLASH_PageErase
    stm32f0xx_hal_flash_ex.o(i.HAL_FLASHEx_Erase_IT) refers to stm32f0xx_hal_flash_ex.o(i.FLASH_MassErase) for FLASH_MassErase
    stm32f0xx_hal_flash_ex.o(i.HAL_FLASHEx_Erase_IT) refers to stm32f0xx_hal_flash.o(.bss) for pFlash
    stm32f0xx_hal_flash_ex.o(i.HAL_FLASHEx_OBErase) refers to stm32f0xx_hal_flash_ex.o(i.FLASH_OB_GetRDP) for FLASH_OB_GetRDP
    stm32f0xx_hal_flash_ex.o(i.HAL_FLASHEx_OBErase) refers to stm32f0xx_hal_flash.o(i.FLASH_WaitForLastOperation) for FLASH_WaitForLastOperation
    stm32f0xx_hal_flash_ex.o(i.HAL_FLASHEx_OBErase) refers to stm32f0xx_hal_flash_ex.o(i.FLASH_OB_RDP_LevelConfig) for FLASH_OB_RDP_LevelConfig
    stm32f0xx_hal_flash_ex.o(i.HAL_FLASHEx_OBErase) refers to stm32f0xx_hal_flash.o(.bss) for pFlash
    stm32f0xx_hal_flash_ex.o(i.HAL_FLASHEx_OBGetConfig) refers to stm32f0xx_hal_flash_ex.o(i.FLASH_OB_GetRDP) for FLASH_OB_GetRDP
    stm32f0xx_hal_flash_ex.o(i.HAL_FLASHEx_OBProgram) refers to stm32f0xx_hal_flash.o(i.FLASH_WaitForLastOperation) for FLASH_WaitForLastOperation
[...]
    Removing stm32f0xx_hal_tim.o(i.HAL_TIM_PWM_Start_DMA), (264 bytes).
    Removing stm32f0xx_hal_tim.o(i.HAL_TIM_PWM_Start_IT), (116 bytes).
    Removing stm32f0xx_hal_tim.o(i.HAL_TIM_PWM_Stop), (108 bytes).
    Removing stm32f0xx_hal_tim.o(i.HAL_TIM_PWM_Stop_DMA), (160 bytes).
    Removing stm32f0xx_hal_tim.o(i.HAL_TIM_PWM_Stop_IT), (148 bytes).
    Removing stm32f0xx_hal_tim.o(i.HAL_TIM_PeriodElapsedCallback), (2 bytes).
    Removing stm32f0xx_hal_tim.o(i.HAL_TIM_ReadCapturedValue), (70 bytes).
    Removing stm32f0xx_hal_tim.o(i.HAL_TIM_SlaveConfigSynchronization), (60 bytes).
    Removing stm32f0xx_hal_tim.o(i.HAL_TIM_SlaveConfigSynchronization_IT), (60 bytes).
    Removing stm32f0xx_hal_tim.o(i.TIM_CCxChannelCmd), (22 bytes).
    Removing stm32f0xx_hal_tim.o(i.TIM_DMACaptureCplt), (62 bytes).
    Removing stm32f0xx_hal_tim.o(i.TIM_DMADelayPulseCplt), (62 bytes).
    Removing stm32f0xx_hal_tim.o(i.TIM_DMAError), (16 bytes).
    Removing stm32f0xx_hal_tim.o(i.TIM_DMAPeriodElapsedCplt), (16 bytes).
    Removing stm32f0xx_hal_tim.o(i.TIM_DMATriggerCplt), (16 bytes).
    Removing stm32f0xx_hal_tim.o(i.TIM_ETR_SetConfig), (22 bytes).
    Removing stm32f0xx_hal_tim.o(i.TIM_ITRx_SetConfig), (16 bytes).
    Removing stm32f0xx_hal_tim.o(i.TIM_OC1_SetConfig), (120 bytes).
    Removing stm32f0xx_hal_tim.o(i.TIM_OC2_SetConfig), (120 bytes).
    Removing stm32f0xx_hal_tim.o(i.TIM_OC3_SetConfig), (124 bytes).
    Removing stm32f0xx_hal_tim.o(i.TIM_OC4_SetConfig), (100 bytes).
    Removing stm32f0xx_hal_tim.o(i.TIM_SlaveTimer_SetConfig), (122 bytes).
    Removing stm32f0xx_hal_tim.o(i.TIM_TI1_ConfigInputStage), (34 bytes).
    Removing stm32f0xx_hal_tim.o(i.TIM_TI1_SetConfig), (68 bytes).
    Removing stm32f0xx_hal_tim.o(i.TIM_TI2_ConfigInputStage), (38 bytes).
    Removing stm32f0xx_hal_tim.o(i.TIM_TI2_SetConfig), (52 bytes).
    Removing stm32f0xx_hal_tim_ex.o(.rev16_text), (4 bytes).
    Removing stm32f0xx_hal_tim_ex.o(.revsh_text), (4 bytes).
    Removing stm32f0xx_hal_tim_ex.o(i.HAL_TIMEx_ConfigBreakDeadTime), (60 bytes).
    Removing stm32f0xx_hal_tim_ex.o(i.HAL_TIMEx_ConfigCommutationEvent), (88 bytes).
    Removing stm32f0xx_hal_tim_ex.o(i.HAL_TIMEx_ConfigCommutationEvent_DMA), (120 bytes).
    Removing stm32f0xx_hal_tim_ex.o(i.HAL_TIMEx_ConfigCommutationEvent_IT), (98 bytes).
    Removing stm32f0xx_hal_tim_ex.o(i.HAL_TIMEx_HallSensor_DeInit), (52 bytes).
    Removing stm32f0xx_hal_tim_ex.o(i.HAL_TIMEx_HallSensor_GetState), (6 bytes).
    Removing stm32f0xx_hal_tim_ex.o(i.HAL_TIMEx_HallSensor_Init), (184 bytes).
    Removing stm32f0xx_hal_tim_ex.o(i.HAL_TIMEx_HallSensor_MspDeInit), (2 bytes).
    Removing stm32f0xx_hal_tim_ex.o(i.HAL_TIMEx_HallSensor_MspInit), (2 bytes).
    Removing stm32f0xx_hal_tim_ex.o(i.HAL_TIMEx_HallSensor_Start), (28 bytes).
    Removing stm32f0xx_hal_tim_ex.o(i.HAL_TIMEx_HallSensor_Start_DMA), (116 bytes).
    Removing stm32f0xx_hal_tim_ex.o(i.HAL_TIMEx_HallSensor_Start_IT), (38 bytes).
    Removing stm32f0xx_hal_tim_ex.o(i.HAL_TIMEx_HallSensor_Stop), (48 bytes).
    Removing stm32f0xx_hal_tim_ex.o(i.HAL_TIMEx_HallSensor_Stop_DMA), (60 bytes).
    Removing stm32f0xx_hal_tim_ex.o(i.HAL_TIMEx_HallSensor_Stop_IT), (60 bytes).
    Removing stm32f0xx_hal_tim_ex.o(i.HAL_TIMEx_MasterConfigSynchronization), (72 bytes).
    Removing stm32f0xx_hal_tim_ex.o(i.HAL_TIMEx_OCN_Start), (38 bytes).
    Removing stm32f0xx_hal_tim_ex.o(i.HAL_TIMEx_OCN_Start_DMA), (232 bytes).
    Removing stm32f0xx_hal_tim_ex.o(i.HAL_TIMEx_OCN_Start_IT), (94 bytes).
    Removing stm32f0xx_hal_tim_ex.o(i.HAL_TIMEx_OCN_Stop), (76 bytes).
    Removing stm32f0xx_hal_tim_ex.o(i.HAL_TIMEx_OCN_Stop_DMA), (136 bytes).
    Removing stm32f0xx_hal_tim_ex.o(i.HAL_TIMEx_OCN_Stop_IT), (136 bytes).
    Removing stm32f0xx_hal_tim_ex.o(i.HAL_TIMEx_OnePulseN_Start), (28 bytes).
    Removing stm32f0xx_hal_tim_ex.o(i.HAL_TIMEx_OnePulseN_Start_IT), (48 bytes).
    Removing stm32f0xx_hal_tim_ex.o(i.HAL_TIMEx_OnePulseN_Stop), (76 bytes).
    Removing stm32f0xx_hal_tim_ex.o(i.HAL_TIMEx_OnePulseN_Stop_IT), (96 bytes).
    Removing stm32f0xx_hal_tim_ex.o(i.HAL_TIMEx_PWMN_Start), (38 bytes).
    Removing stm32f0xx_hal_tim_ex.o(i.HAL_TIMEx_PWMN_Start_DMA), (232 bytes).
    Removing stm32f0xx_hal_tim_ex.o(i.HAL_TIMEx_PWMN_Start_IT), (94 bytes).
    Removing stm32f0xx_hal_tim_ex.o(i.HAL_TIMEx_PWMN_Stop), (76 bytes).
    Removing stm32f0xx_hal_tim_ex.o(i.HAL_TIMEx_PWMN_Stop_DMA), (136 bytes).
    Removing stm32f0xx_hal_tim_ex.o(i.HAL_TIMEx_PWMN_Stop_IT), (136 bytes).
    Removing stm32f0xx_hal_tim_ex.o(i.HAL_TIMEx_RemapConfig), (30 bytes).
    Removing stm32f0xx_hal_tim_ex.o(i.TIMEx_DMACommutationCplt), (16 bytes).
    Removing stm32f0xx_hal_tim_ex.o(i.TIM_CCxNChannelCmd), (22 bytes).
    Removing stm32f0xx_hal_i2c_ex.o(.rev16_text), (4 bytes).
    Removing stm32f0xx_hal_i2c_ex.o(.revsh_text), (4 bytes).
    Removing stm32f0xx_hal_i2c_ex.o(i.HAL_I2CEx_ConfigAnalogFilter), (74 bytes).
    Removing stm32f0xx_hal_i2c_ex.o(i.HAL_I2CEx_ConfigDigitalFilter), (72 bytes).
    Removing stm32f0xx_hal_i2c_ex.o(i.HAL_I2CEx_DisableFastModePlus), (36 bytes).
    Removing stm32f0xx_hal_i2c_ex.o(i.HAL_I2CEx_EnableFastModePlus), (36 bytes).
    Removing stm32f0xx_hal_i2c.o(.rev16_text), (4 bytes).
    Removing stm32f0xx_hal_i2c.o(.revsh_text), (4 bytes).
    Removing stm32f0xx_hal_i2c.o(i.HAL_I2C_AbortCpltCallback), (2 bytes).
    Removing stm32f0xx_hal_i2c.o(i.HAL_I2C_AddrCallback), (2 bytes).
    Removing stm32f0xx_hal_i2c.o(i.HAL_I2C_DeInit), (48 bytes).
    Removing stm32f0xx_hal_i2c.o(i.HAL_I2C_DisableListen_IT), (48 bytes).
    Removing stm32f0xx_hal_i2c.o(i.HAL_I2C_ER_IRQHandler), (88 bytes).
    Removing stm32f0xx_hal_i2c.o(i.HAL_I2C_EV_IRQHandler), (16 bytes).
    Removing stm32f0xx_hal_i2c.o(i.HAL_I2C_EnableListen_IT), (40 bytes).
    Removing stm32f0xx_hal_i2c.o(i.HAL_I2C_ErrorCallback), (2 bytes).
    Removing stm32f0xx_hal_i2c.o(i.HAL_I2C_GetError), (4 bytes).
    Removing stm32f0xx_hal_i2c.o(i.HAL_I2C_GetMode), (6 bytes).
    Removing stm32f0xx_hal_i2c.o(i.HAL_I2C_GetState), (6 bytes).
    Removing stm32f0xx_hal_i2c.o(i.HAL_I2C_Init), (168 bytes).
    Removing stm32f0xx_hal_i2c.o(i.HAL_I2C_IsDeviceReady), (284 bytes).
    Removing stm32f0xx_hal_i2c.o(i.HAL_I2C_ListenCpltCallback), (2 bytes).
    Removing stm32f0xx_hal_i2c.o(i.HAL_I2C_MasterRxCpltCallback), (2 bytes).
    Removing stm32f0xx_hal_i2c.o(i.HAL_I2C_MasterTxCpltCallback), (2 bytes).
    Removing stm32f0xx_hal_i2c.o(i.HAL_I2C_Master_Abort_IT), (88 bytes).
    Removing stm32f0xx_hal_i2c.o(i.HAL_I2C_Master_Receive), (280 bytes).
    Removing stm32f0xx_hal_i2c.o(i.HAL_I2C_Master_Receive_DMA), (236 bytes).
    Removing stm32f0xx_hal_i2c.o(i.HAL_I2C_Master_Receive_IT), (124 bytes).
    Removing stm32f0xx_hal_i2c.o(i.HAL_I2C_Master_Sequential_Receive_IT), (116 bytes).
    Removing stm32f0xx_hal_i2c.o(i.HAL_I2C_Master_Sequential_Transmit_IT), (116 bytes).
    Removing stm32f0xx_hal_i2c.o(i.HAL_I2C_Master_Transmit), (280 bytes).
    Removing stm32f0xx_hal_i2c.o(i.HAL_I2C_Master_Transmit_DMA), (240 bytes).
    Removing stm32f0xx_hal_i2c.o(i.HAL_I2C_Master_Transmit_IT), (124 bytes).
    Removing stm32f0xx_hal_i2c.o(i.HAL_I2C_MemRxCpltCallback), (2 bytes).
    Removing stm32f0xx_hal_i2c.o(i.HAL_I2C_MemTxCpltCallback), (2 bytes).
    Removing stm32f0xx_hal_i2c.o(i.HAL_I2C_Mem_Read), (344 bytes).
    Removing stm32f0xx_hal_i2c.o(i.HAL_I2C_Mem_Read_DMA), (248 bytes).
    Removing stm32f0xx_hal_i2c.o(i.HAL_I2C_Mem_Read_IT), (188 bytes).
    Removing stm32f0xx_hal_i2c.o(i.HAL_I2C_Mem_Write), (340 bytes).
    Removing stm32f0xx_hal_i2c.o(i.HAL_I2C_Mem_Write_DMA), (244 bytes).
    Removing stm32f0xx_hal_i2c.o(i.HAL_I2C_Mem_Write_IT), (184 bytes).
    Removing stm32f0xx_hal_i2c.o(i.HAL_I2C_MspDeInit), (2 bytes).
    Removing stm32f0xx_hal_i2c.o(i.HAL_I2C_MspInit), (2 bytes).
    Removing stm32f0xx_hal_i2c.o(i.HAL_I2C_SlaveRxCpltCallback), (2 bytes).
    Removing stm32f0xx_hal_i2c.o(i.HAL_I2C_SlaveTxCpltCallback), (2 bytes).
    Removing stm32f0xx_hal_i2c.o(i.HAL_I2C_Slave_Receive), (292 bytes).
    Removing stm32f0xx_hal_i2c.o(i.HAL_I2C_Slave_Receive_DMA), (156 bytes).
    Removing stm32f0xx_hal_i2c.o(i.HAL_I2C_Slave_Receive_IT), (88 bytes).
    Removing stm32f0xx_hal_i2c.o(i.HAL_I2C_Slave_Sequential_Receive_IT), (128 bytes).
    Removing stm32f0xx_hal_i2c.o(i.HAL_I2C_Slave_Sequential_Transmit_IT), (128 bytes).
    Removing stm32f0xx_hal_i2c.o(i.HAL_I2C_Slave_Transmit), (300 bytes).
    Removing stm32f0xx_hal_i2c.o(i.HAL_I2C_Slave_Transmit_DMA), (156 bytes).
    Removing stm32f0xx_hal_i2c.o(i.HAL_I2C_Slave_Transmit_IT), (88 bytes).
    Removing stm32f0xx_hal_i2c.o(i.I2C_DMAAbort), (52 bytes).
    Removing stm32f0xx_hal_i2c.o(i.I2C_DMAError), (24 bytes).
    Removing stm32f0xx_hal_i2c.o(i.I2C_DMAMasterReceiveCplt), (68 bytes).
    Removing stm32f0xx_hal_i2c.o(i.I2C_DMAMasterTransmitCplt), (68 bytes).
    Removing stm32f0xx_hal_i2c.o(i.I2C_DMASlaveReceiveCplt), (2 bytes).
    Removing stm32f0xx_hal_i2c.o(i.I2C_DMASlaveTransmitCplt), (2 bytes).
    Removing stm32f0xx_hal_i2c.o(i.I2C_Disable_IRQ), (86 bytes).
    Removing stm32f0xx_hal_i2c.o(i.I2C_Enable_IRQ), (100 bytes).
    Removing stm32f0xx_hal_i2c.o(i.I2C_Flush_TXDR), (34 bytes).
    Removing stm32f0xx_hal_i2c.o(i.I2C_ITAddrCplt), (122 bytes).
    Removing stm32f0xx_hal_i2c.o(i.I2C_ITError), (204 bytes).
    Removing stm32f0xx_hal_i2c.o(i.I2C_ITListenCplt), (92 bytes).
    Removing stm32f0xx_hal_i2c.o(i.I2C_ITMasterCplt), (160 bytes).
    Removing stm32f0xx_hal_i2c.o(i.I2C_ITMasterSequentialCplt), (70 bytes).
    Removing stm32f0xx_hal_i2c.o(i.I2C_ITSlaveCplt), (232 bytes).
    Removing stm32f0xx_hal_i2c.o(i.I2C_ITSlaveSequentialCplt), (74 bytes).
    Removing stm32f0xx_hal_i2c.o(i.I2C_IsAcknowledgeFailed), (116 bytes).
    Removing stm32f0xx_hal_i2c.o(i.I2C_Master_ISR_DMA), (194 bytes).
    Removing stm32f0xx_hal_i2c.o(i.I2C_Master_ISR_IT), (296 bytes).
    Removing stm32f0xx_hal_i2c.o(i.I2C_RequestMemoryRead), (106 bytes).
    Removing stm32f0xx_hal_i2c.o(i.I2C_RequestMemoryWrite), (106 bytes).
    Removing stm32f0xx_hal_i2c.o(i.I2C_Slave_ISR_DMA), (104 bytes).
    Removing stm32f0xx_hal_i2c.o(i.I2C_Slave_ISR_IT), (280 bytes).
    Removing stm32f0xx_hal_i2c.o(i.I2C_TransferConfig), (36 bytes).
    Removing stm32f0xx_hal_i2c.o(i.I2C_WaitOnFlagUntilTimeout), (72 bytes).
    Removing stm32f0xx_hal_i2c.o(i.I2C_WaitOnRXNEFlagUntilTimeout), (120 bytes).
    Removing stm32f0xx_hal_i2c.o(i.I2C_WaitOnSTOPFlagUntilTimeout), (78 bytes).
    Removing stm32f0xx_hal_i2c.o(i.I2C_WaitOnTXISFlagUntilTimeout), (82 bytes).
    Removing stm32f0xx_hal_adc_ex.o(.rev16_text), (4 bytes).
    Removing stm32f0xx_hal_adc_ex.o(.revsh_text), (4 bytes).
    Removing stm32f0xx_hal_adc.o(.rev16_text), (4 bytes).
    Removing stm32f0xx_hal_adc.o(.revsh_text), (4 bytes).
    Removing stm32f0xx_hal_adc.o(i.ADC_ConversionStop), (82 bytes).
    Removing stm32f0xx_hal_adc.o(i.ADC_DMAConvCplt), (108 bytes).
    Removing stm32f0xx_hal_adc.o(i.ADC_DMAError), (26 bytes).
    Removing stm32f0xx_hal_adc.o(i.ADC_DMAHalfConvCplt), (10 bytes).
    Removing stm32f0xx_hal_adc.o(i.ADC_Disable), (102 bytes).
    Removing stm32f0xx_hal_adc.o(i.HAL_ADC_AnalogWDGConfig), (156 bytes).
    Removing stm32f0xx_hal_adc.o(i.HAL_ADC_ConvCpltCallback), (2 bytes).
    Removing stm32f0xx_hal_adc.o(i.HAL_ADC_ConvHalfCpltCallback), (2 bytes).
    Removing stm32f0xx_hal_adc.o(i.HAL_ADC_DeInit), (160 bytes).
    Removing stm32f0xx_hal_adc.o(i.HAL_ADC_ErrorCallback), (2 bytes).
    Removing stm32f0xx_hal_adc.o(i.HAL_ADC_GetError), (4 bytes).
    Removing stm32f0xx_hal_adc.o(i.HAL_ADC_GetState), (4 bytes).
    Removing stm32f0xx_hal_adc.o(i.HAL_ADC_IRQHandler), (208 bytes).
    Removing stm32f0xx_hal_adc.o(i.HAL_ADC_LevelOutOfWindowCallback), (2 bytes).
    Removing stm32f0xx_hal_adc.o(i.HAL_ADC_MspDeInit), (2 bytes).
    Removing stm32f0xx_hal_adc.o(i.HAL_ADC_MspInit), (2 bytes).
    Removing stm32f0xx_hal_adc.o(i.HAL_ADC_PollForEvent), (116 bytes).
    Removing stm32f0xx_hal_adc.o(i.HAL_ADC_Start_DMA), (160 bytes).
    Removing stm32f0xx_hal_adc.o(i.HAL_ADC_Start_IT), (124 bytes).
    Removing stm32f0xx_hal_adc.o(i.HAL_ADC_Stop), (62 bytes).
    Removing stm32f0xx_hal_adc.o(i.HAL_ADC_Stop_DMA), (112 bytes).
    Removing stm32f0xx_hal_adc.o(i.HAL_ADC_Stop_IT), (72 bytes).
    Removing main.o(.rev16_text), (4 bytes).
    Removing main.o(.revsh_text), (4 bytes).
    Removing stm32f0xx_it.o(.rev16_text), (4 bytes).
    Removing stm32f0xx_it.o(.revsh_text), (4 bytes).
    Removing stm32f0xx_hal_msp.o(.rev16_text), (4 bytes).
    Removing stm32f0xx_hal_msp.o(.revsh_text), (4 bytes).
    Removing gpio.o(.rev16_text), (4 bytes).
    Removing gpio.o(.revsh_text), (4 bytes).
    Removing adc.o(.rev16_text), (4 bytes).
    Removing adc.o(.revsh_text), (4 bytes).
    Removing adc.o(i.HAL_ADC_MspDeInit), (40 bytes).
    Removing tim.o(.rev16_text), (4 bytes).
    Removing tim.o(.revsh_text), (4 bytes).
    Removing tim.o(i.HAL_TIM_Base_MspDeInit), (36 bytes).
    Removing system_stm32f0xx_1.o(.rev16_text), (4 bytes).
    Removing system_stm32f0xx_1.o(.revsh_text), (4 bytes).
    Removing system_stm32f0xx_1.o(i.SystemCoreClockUpdate), (108 bytes).
    Removing system_stm32f0xx_1.o(.constdata), (8 bytes).
    Removing rotary.o(.rev16_text), (4 bytes).
    Removing rotary.o(.revsh_text), (4 bytes).
    Removing button.o(.rev16_text), (4 bytes).
    Removing button.o(.revsh_text), (4 bytes).
    Removing tm1650.o(.rev16_text), (4 bytes).
    Removing tm1650.o(.revsh_text), (4 bytes).
    Removing tm1650.o(i.FD650_READ), (34 bytes).
    Removing tm1650.o(i.FD650_read_button), (72 bytes).
    Removing tm1650.o(i.Tm1650_2_init), (52 bytes).
    Removing tm1650.o(i.tm1650_clk_2), (18 bytes).
    Removing tm1650.o(i.tm1650_dio_2), (18 bytes).
    Removing tm1650.o(i.tm1650_read_dio_2), (28 bytes).
    Removing tm1650.o(.constdata), (4 bytes).
    Removing tm1650.o(.constdata), (4 bytes).
    Removing tm1650.o(.constdata), (4 bytes).
    Removing tm1650.o(.constdata), (4 bytes).
    Removing tm1650.o(.constdata), (4 bytes).
    Removing tm1650.o(.constdata), (4 bytes).
    Removing tm1650.o(.constdata), (4 bytes).
    Removing tm1650.o(.constdata), (4 bytes).
    Removing tm1650.o(.constdata), (4 bytes).
    Removing tm1650.o(.constdata), (4 bytes).
    Removing tm1650.o(.constdata), (4 bytes).
    Removing tm1650.o(.constdata), (4 bytes).
    Removing tm1650.o(.constdata), (4 bytes).
    Removing tm1650.o(.constdata), (4 bytes).
    Removing tm1650.o(.constdata), (4 bytes).
    Removing tm1650.o(.constdata), (4 bytes).
    Removing tm1650.o(.constdata), (4 bytes).
    Removing tm1650.o(.constdata), (4 bytes).
    Removing hotter.o(.rev16_text), (4 bytes).
    Removing hotter.o(.revsh_text), (4 bytes).
    Removing hotter.o(i.Filter_hotter1321_adc_ISR), (28 bytes).
    Removing hotter.o(i.Get_hotter1321_adc), (32 bytes).
    Removing hotter.o(i.Heat_hotter1321), (28 bytes).
    Removing hotter.o(i.Hotter1321WorkingState_ISR), (16 bytes).
    Removing hotter.o(i.Hotter1321_init), (96 bytes).
    Removing hotter.o(i.Hotter1321_power_on_scan_ISR), (36 bytes).
    Removing hotter.o(i.Hotter1321_realTemp_ISR), (16 bytes).
    Removing hotterctrl.o(.rev16_text), (4 bytes).
    Removing hotterctrl.o(.revsh_text), (4 bytes).
    Removing hotterctrl.o(i.TEMP_RESET_POSITION_READY_operate), (48 bytes).
    Removing hotterctrl.o(i.TEMP_RESET_POSITION_operate), (60 bytes).
    Removing msg_task.o(.rev16_text), (4 bytes).
    Removing msg_task.o(.revsh_text), (4 bytes).
    Removing msg_task.o(i.HalTimeDelay), (52 bytes).
    Removing msg_task.o(i.HalTimeDelaySimple), (40 bytes).
    Removing adc_filter.o(.rev16_text), (4 bytes).
    Removing adc_filter.o(.revsh_text), (4 bytes).
    Removing flash.o(.rev16_text), (4 bytes).
    Removing flash.o(.revsh_text), (4 bytes).
    Removing flash.o(i.APP_DataRead), (22 bytes).
    Removing flash.o(i.APP_DataSaveIsError), (80 bytes).
    Removing pid.o(.rev16_text), (4 bytes).
    Removing pid.o(.revsh_text), (4 bytes).
    Removing pid.o(i.Get_HeatingTime), (12 bytes).
    Removing pid.o(i.Heating_Time), (16 bytes).
    Removing pid.o(i.Pid_Realize), (116 bytes).
    Removing pid.o(i.Set_HeatingTime), (12 bytes).
    Removing pid.o(.data), (28 bytes).

415 unused section(s) (total 26892 bytes) removed from the image.

==============================================================================

Image Symbol Table

    Local Symbols

    Symbol Name                              Value     Ov Type        Size  Object(Section)

    ../Drivers/CMSIS//Device/ST/STM32F0xx/Source/Templates/system_stm32f0xx.c 0x00000000   Number         0  system_stm32f0xx_1.o ABSOLUTE
    ../Drivers/STM32F0xx_HAL_Driver/Src/stm32f0xx_hal.c 0x00000000   Number         0  stm32f0xx_hal.o ABSOLUTE
    ../Drivers/STM32F0xx_HAL_Driver/Src/stm32f0xx_hal_adc.c 0x00000000   Number         0  stm32f0xx_hal_adc.o ABSOLUTE
    ../Drivers/STM32F0xx_HAL_Driver/Src/stm32f0xx_hal_adc_ex.c 0x00000000   Number         0  stm32f0xx_hal_adc_ex.o ABSOLUTE
    ../Drivers/STM32F0xx_HAL_Driver/Src/stm32f0xx_hal_cortex.c 0x00000000   Number         0  stm32f0xx_hal_cortex.o ABSOLUTE
    ../Drivers/STM32F0xx_HAL_Driver/Src/stm32f0xx_hal_dma.c 0x00000000   Number         0  stm32f0xx_hal_dma.o ABSOLUTE
    ../Drivers/STM32F0xx_HAL_Driver/Src/stm32f0xx_hal_flash.c 0x00000000   Number         0  stm32f0xx_hal_flash.o ABSOLUTE
    ../Drivers/STM32F0xx_HAL_Driver/Src/stm32f0xx_hal_flash_ex.c 0x00000000   Number         0  stm32f0xx_hal_flash_ex.o ABSOLUTE
    ../Drivers/STM32F0xx_HAL_Driver/Src/stm32f0xx_hal_gpio.c 0x00000000   Number         0  stm32f0xx_hal_gpio.o ABSOLUTE
    ../Drivers/STM32F0xx_HAL_Driver/Src/stm32f0xx_hal_i2c.c 0x00000000   Number         0  stm32f0xx_hal_i2c.o ABSOLUTE
    ../Drivers/STM32F0xx_HAL_Driver/Src/stm32f0xx_hal_i2c_ex.c 0x00000000   Number         0  stm32f0xx_hal_i2c_ex.o ABSOLUTE
    ../Drivers/STM32F0xx_HAL_Driver/Src/stm32f0xx_hal_pwr.c 0x00000000   Number         0  stm32f0xx_hal_pwr.o ABSOLUTE
    ../Drivers/STM32F0xx_HAL_Driver/Src/stm32f0xx_hal_pwr_ex.c 0x00000000   Number         0  stm32f0xx_hal_pwr_ex.o ABSOLUTE
    ../Drivers/STM32F0xx_HAL_Driver/Src/stm32f0xx_hal_rcc.c 0x00000000   Number         0  stm32f0xx_hal_rcc.o ABSOLUTE
    ../Drivers/STM32F0xx_HAL_Driver/Src/stm32f0xx_hal_rcc_ex.c 0x00000000   Number         0  stm32f0xx_hal_rcc_ex.o ABSOLUTE
    ../Drivers/STM32F0xx_HAL_Driver/Src/stm32f0xx_hal_tim.c 0x00000000   Number         0  stm32f0xx_hal_tim.o ABSOLUTE
    ../Drivers/STM32F0xx_HAL_Driver/Src/stm32f0xx_hal_tim_ex.c 0x00000000   Number         0  stm32f0xx_hal_tim_ex.o ABSOLUTE
    ../Src/adc.c                             0x00000000   Number         0  adc.o ABSOLUTE
    ../Src/gpio.c                            0x00000000   Number         0  gpio.o ABSOLUTE
    ../Src/main.c                            0x00000000   Number         0  main.o ABSOLUTE
    ../Src/stm32f0xx_hal_msp.c               0x00000000   Number         0  stm32f0xx_hal_msp.o ABSOLUTE
    ../Src/stm32f0xx_it.c                    0x00000000   Number         0  stm32f0xx_it.o ABSOLUTE
    ../Src/tim.c                             0x00000000   Number         0  tim.o ABSOLUTE
    ../clib/microlib/division.c              0x00000000   Number         0  uidiv.o ABSOLUTE
    ../clib/microlib/division.c              0x00000000   Number         0  idiv.o ABSOLUTE
    ../clib/microlib/init/entry.s            0x00000000   Number         0  entry11a.o ABSOLUTE
    ../clib/microlib/init/entry.s            0x00000000   Number         0  entry9a.o ABSOLUTE
    ../clib/microlib/init/entry.s            0x00000000   Number         0  entry5.o ABSOLUTE
    ../clib/microlib/init/entry.s            0x00000000   Number         0  entry8b.o ABSOLUTE
    ../clib/microlib/init/entry.s            0x00000000   Number         0  entry8a.o ABSOLUTE
    ../clib/microlib/init/entry.s            0x00000000   Number         0  entry7b.o ABSOLUTE
    ../clib/microlib/init/entry.s            0x00000000   Number         0  entry7a.o ABSOLUTE
    ../clib/microlib/init/entry.s            0x00000000   Number         0  entry2.o ABSOLUTE
    ../clib/microlib/init/entry.s            0x00000000   Number         0  entry.o ABSOLUTE
    ../clib/microlib/init/entry.s            0x00000000   Number         0  entry11b.o ABSOLUTE
    ../clib/microlib/init/entry.s            0x00000000   Number         0  entry10b.o ABSOLUTE
    ../clib/microlib/init/entry.s            0x00000000   Number         0  entry10a.o ABSOLUTE
    ../clib/microlib/init/entry.s            0x00000000   Number         0  entry9b.o ABSOLUTE
    ../clib/microlib/longlong.c              0x00000000   Number         0  llushr.o ABSOLUTE
    ../clib/microlib/longlong.c              0x00000000   Number         0  llshl.o ABSOLUTE
    ../clib/microlib/string/memcpy.c         0x00000000   Number         0  memcpyb.o ABSOLUTE
    ../clib/microlib/string/memcpy.c         0x00000000   Number         0  memcpya.o ABSOLUTE
    ../clib/microlib/string/memset.c         0x00000000   Number         0  memseta.o ABSOLUTE
    ../clib/microlib/stubs.s                 0x00000000   Number         0  iusefp.o ABSOLUTE
    ../fplib/microlib/fpadd.c                0x00000000   Number         0  fadd.o ABSOLUTE
    ../fplib/microlib/fpepilogue.c           0x00000000   Number         0  fepilogue.o ABSOLUTE
    ../fplib/microlib/fpepilogue.c           0x00000000   Number         0  depilogue.o ABSOLUTE
    ../fplib/microlib/fpfix.c                0x00000000   Number         0  dfixui.o ABSOLUTE
    ../fplib/microlib/fpfix.c                0x00000000   Number         0  ffixi.o ABSOLUTE
    ../fplib/microlib/fpflt.c                0x00000000   Number         0  dflti.o ABSOLUTE
    ../fplib/microlib/fpflt.c                0x00000000   Number         0  fflti.o ABSOLUTE
    ../fplib/microlib/fpmul.c                0x00000000   Number         0  fmul.o ABSOLUTE
    ..\BSP\button.c                          0x00000000   Number         0  button.o ABSOLUTE
    ..\BSP\hotter.c                          0x00000000   Number         0  hotter.o ABSOLUTE
    ..\Drivers\CMSIS\\Device\ST\STM32F0xx\Source\Templates\system_stm32f0xx.c 0x00000000   Number         0  system_stm32f0xx_1.o ABSOLUTE
    ..\Drivers\STM32F0xx_HAL_Driver\Src\stm32f0xx_hal.c 0x00000000   Number         0  stm32f0xx_hal.o ABSOLUTE
    ..\Drivers\STM32F0xx_HAL_Driver\Src\stm32f0xx_hal_adc.c 0x00000000   Number         0  stm32f0xx_hal_adc.o ABSOLUTE
    ..\Drivers\STM32F0xx_HAL_Driver\Src\stm32f0xx_hal_adc_ex.c 0x00000000   Number         0  stm32f0xx_hal_adc_ex.o ABSOLUTE
    ..\Drivers\STM32F0xx_HAL_Driver\Src\stm32f0xx_hal_cortex.c 0x00000000   Number         0  stm32f0xx_hal_cortex.o ABSOLUTE
    ..\Drivers\STM32F0xx_HAL_Driver\Src\stm32f0xx_hal_dma.c 0x00000000   Number         0  stm32f0xx_hal_dma.o ABSOLUTE
    ..\Drivers\STM32F0xx_HAL_Driver\Src\stm32f0xx_hal_flash.c 0x00000000   Number         0  stm32f0xx_hal_flash.o ABSOLUTE
    ..\Drivers\STM32F0xx_HAL_Driver\Src\stm32f0xx_hal_flash_ex.c 0x00000000   Number         0  stm32f0xx_hal_flash_ex.o ABSOLUTE
    ..\Drivers\STM32F0xx_HAL_Driver\Src\stm32f0xx_hal_gpio.c 0x00000000   Number         0  stm32f0xx_hal_gpio.o ABSOLUTE
    ..\Drivers\STM32F0xx_HAL_Driver\Src\stm32f0xx_hal_i2c.c 0x00000000   Number         0  stm32f0xx_hal_i2c.o ABSOLUTE
    ..\Drivers\STM32F0xx_HAL_Driver\Src\stm32f0xx_hal_i2c_ex.c 0x00000000   Number         0  stm32f0xx_hal_i2c_ex.o ABSOLUTE
    ..\Drivers\STM32F0xx_HAL_Driver\Src\stm32f0xx_hal_pwr.c 0x00000000   Number         0  stm32f0xx_hal_pwr.o ABSOLUTE
    ..\Drivers\STM32F0xx_HAL_Driver\Src\stm32f0xx_hal_pwr_ex.c 0x00000000   Number         0  stm32f0xx_hal_pwr_ex.o ABSOLUTE
    ..\Drivers\STM32F0xx_HAL_Driver\Src\stm32f0xx_hal_rcc.c 0x00000000   Number         0  stm32f0xx_hal_rcc.o ABSOLUTE
    ..\Drivers\STM32F0xx_HAL_Driver\Src\stm32f0xx_hal_rcc_ex.c 0x00000000   Number         0  stm32f0xx_hal_rcc_ex.o ABSOLUTE
    ..\Drivers\STM32F0xx_HAL_Driver\Src\stm32f0xx_hal_tim.c 0x00000000   Number         0  stm32f0xx_hal_tim.o ABSOLUTE
    ..\Drivers\STM32F0xx_HAL_Driver\Src\stm32f0xx_hal_tim_ex.c 0x00000000   Number         0  stm32f0xx_hal_tim_ex.o ABSOLUTE
    ..\Src\adc.c                             0x00000000   Number         0  adc.o ABSOLUTE
    ..\Src\gpio.c                            0x00000000   Number         0  gpio.o ABSOLUTE
    ..\Src\main.c                            0x00000000   Number         0  main.o ABSOLUTE
    ..\Src\stm32f0xx_hal_msp.c               0x00000000   Number         0  stm32f0xx_hal_msp.o ABSOLUTE
    ..\Src\stm32f0xx_it.c                    0x00000000   Number         0  stm32f0xx_it.o ABSOLUTE
    ..\Src\tim.c                             0x00000000   Number         0  tim.o ABSOLUTE
    ..\TOOL\PID.c                            0x00000000   Number         0  pid.o ABSOLUTE
    ..\TOOL\adc_filter.c                     0x00000000   Number         0  adc_filter.o ABSOLUTE
    ..\TOOL\flash.c                          0x00000000   Number         0  flash.o ABSOLUTE
    ..\\BSP\\button.c                        0x00000000   Number         0  button.o ABSOLUTE
    ..\\BSP\\hotter.c                        0x00000000   Number         0  hotter.o ABSOLUTE
    ..\\TOOL\\PID.c                          0x00000000   Number         0  pid.o ABSOLUTE
    ..\\TOOL\\adc_filter.c                   0x00000000   Number         0  adc_filter.o ABSOLUTE
    ..\\TOOL\\flash.c                        0x00000000   Number         0  flash.o ABSOLUTE
    ..\\bsp\\rotary.c                        0x00000000   Number         0  rotary.o ABSOLUTE
    ..\\bsp\\tm1650.c                        0x00000000   Number         0  tm1650.o ABSOLUTE
    ..\\cantor\\hotterctrl.c                 0x00000000   Number         0  hotterctrl.o ABSOLUTE
    ..\\tool\\msg_task.c                     0x00000000   Number         0  msg_task.o ABSOLUTE
    ..\bsp\rotary.c                          0x00000000   Number         0  rotary.o ABSOLUTE
    ..\bsp\tm1650.c                          0x00000000   Number         0  tm1650.o ABSOLUTE
    ..\cantor\hotterctrl.c                   0x00000000   Number         0  hotterctrl.o ABSOLUTE
    ..\tool\msg_task.c                       0x00000000   Number         0  msg_task.o ABSOLUTE
    cdcmple.s                                0x00000000   Number         0  cdcmple.o ABSOLUTE
    dc.s                                     0x00000000   Number         0  dc.o ABSOLUTE
    handlers.s                               0x00000000   Number         0  handlers.o ABSOLUTE
    init.s                                   0x00000000   Number         0  init.o ABSOLUTE
    startup_stm32f030x6.s                    0x00000000   Number         0  startup_stm32f030x6_1.o ABSOLUTE
    RESET                                    0x08000000   Section      176  startup_stm32f030x6_1.o(RESET)
    .ARM.Collect$$$$00000000                 0x080000b0   Section        0  entry.o(.ARM.Collect$$$$00000000)
    .ARM.Collect$$$$00000001                 0x080000b0   Section        4  entry2.o(.ARM.Collect$$$$00000001)
    .ARM.Collect$$$$00000004                 0x080000b4   Section        4  entry5.o(.ARM.Collect$$$$00000004)
    .ARM.Collect$$$$00000008                 0x080000b8   Section        0  entry7b.o(.ARM.Collect$$$$00000008)
    .ARM.Collect$$$$0000000A                 0x080000b8   Section        0  entry8b.o(.ARM.Collect$$$$0000000A)
    .ARM.Collect$$$$0000000B                 0x080000b8   Section        8  entry9a.o(.ARM.Collect$$$$0000000B)
    .ARM.Collect$$$$0000000D                 0x080000c0   Section        0  entry10a.o(.ARM.Collect$$$$0000000D)
    .ARM.Collect$$$$0000000F                 0x080000c0   Section        0  entry11a.o(.ARM.Collect$$$$0000000F)
    .ARM.Collect$$$$00002712                 0x080000c0   Section        4  entry2.o(.ARM.Collect$$$$00002712)
    __lit__00000000                          0x080000c0   Data           4  entry2.o(.ARM.Collect$$$$00002712)
    .text                                    0x080000c4   Section       28  startup_stm32f030x6_1.o(.text)
    .text                                    0x080000e0   Section        0  uidiv.o(.text)
    .text                                    0x0800010c   Section        0  idiv.o(.text)
    .text                                    0x08000134   Section        0  llushr.o(.text)
    .text                                    0x08000156   Section        0  memcpya.o(.text)
    .text                                    0x0800017a   Section        0  fadd.o(.text)
    .text                                    0x0800022c   Section        0  fmul.o(.text)
    .text                                    0x080002a6   Section        0  fflti.o(.text)
    .text                                    0x080002bc   Section        0  dflti.o(.text)
    .text                                    0x080002e4   Section        0  ffixi.o(.text)
    .text                                    0x08000318   Section        0  dfixui.o(.text)
    .text                                    0x08000354   Section       40  cdcmple.o(.text)
    .text                                    0x0800037c   Section        0  iusefp.o(.text)
    .text                                    0x0800037c   Section        0  fepilogue.o(.text)
    .text                                    0x080003fe   Section        0  depilogue.o(.text)
    .text                                    0x080004bc   Section       36  init.o(.text)
    .text                                    0x080004e0   Section        0  llshl.o(.text)
    i.ADC_Enable                             0x08000500   Section        0  stm32f0xx_hal_adc.o(i.ADC_Enable)
    ADC_Enable                               0x08000501   Thumb Code   120  stm32f0xx_hal_adc.o(i.ADC_Enable)
    i.AvgFilter                              0x08000584   Section        0  adc_filter.o(i.AvgFilter)
    i.Avg_1_Init                             0x080005c8   Section        0  adc_filter.o(i.Avg_1_Init)
    i.BUTTON_1_ISR                           0x080005e0   Section        0  button.o(i.BUTTON_1_ISR)
    i.BUTTON_scan                            0x080005f0   Section        0  button.o(i.BUTTON_scan)
    i.Button_1_init                          0x08000650   Section        0  button.o(i.Button_1_init)
    i.EXTI0_1_IRQHandler                     0x08000674   Section        0  stm32f0xx_it.o(i.EXTI0_1_IRQHandler)
    i.Error_Handler                          0x0800067e   Section        0  main.o(i.Error_Handler)
    i.FD650_START                            0x08000680   Section        0  tm1650.o(i.FD650_START)
    i.FD650_STOP                             0x0800069e   Section        0  tm1650.o(i.FD650_STOP)
    i.FD650_send                             0x080006b6   Section        0  tm1650.o(i.FD650_send)
    i.FD650_write                            0x080006da   Section        0  tm1650.o(i.FD650_write)
    i.FLASH_MassErase                        0x0800071c   Section        0  stm32f0xx_hal_flash_ex.o(i.FLASH_MassErase)
    FLASH_MassErase                          0x0800071d   Thumb Code    26  stm32f0xx_hal_flash_ex.o(i.FLASH_MassErase)
    i.FLASH_PageErase                        0x08000740   Section        0  stm32f0xx_hal_flash_ex.o(i.FLASH_PageErase)
    i.FLASH_Program_HalfWord                 0x08000764   Section        0  stm32f0xx_hal_flash.o(i.FLASH_Program_HalfWord)
    FLASH_Program_HalfWord                   0x08000765   Thumb Code    22  stm32f0xx_hal_flash.o(i.FLASH_Program_HalfWord)
    i.FLASH_SetErrorCode                     0x08000784   Section        0  stm32f0xx_hal_flash.o(i.FLASH_SetErrorCode)
    FLASH_SetErrorCode                       0x08000785   Thumb Code    46  stm32f0xx_hal_flash.o(i.FLASH_SetErrorCode)
    i.FLASH_WaitForLastOperation             0x080007bc   Section        0  stm32f0xx_hal_flash.o(i.FLASH_WaitForLastOperation)
    i.FanCtrl_ISR                            0x0800080c   Section        0  hotterctrl.o(i.FanCtrl_ISR)
    i.Filter_hotterK_adc_ISR                 0x08000864   Section        0  hotter.o(i.Filter_hotterK_adc_ISR)
    i.FlshPara_Init                          0x08000880   Section        0  flash.o(i.FlshPara_Init)
    i.FlshPara_Save                          0x08000910   Section        0  flash.o(i.FlshPara_Save)
    i.Get_hotterK_adc                        0x08000984   Section        0  hotter.o(i.Get_hotterK_adc)
    i.HAL_ADCEx_Calibration_Start            0x080009a4   Section        0  stm32f0xx_hal_adc_ex.o(i.HAL_ADCEx_Calibration_Start)
    i.HAL_ADC_ConfigChannel                  0x08000a38   Section        0  stm32f0xx_hal_adc.o(i.HAL_ADC_ConfigChannel)
    i.HAL_ADC_GetValue                       0x08000b48   Section        0  stm32f0xx_hal_adc.o(i.HAL_ADC_GetValue)
    i.HAL_ADC_Init                           0x08000b50   Section        0  stm32f0xx_hal_adc.o(i.HAL_ADC_Init)
    i.HAL_ADC_MspInit                        0x08000cc4   Section        0  adc.o(i.HAL_ADC_MspInit)
    i.HAL_ADC_PollForConversion              0x08000d04   Section        0  stm32f0xx_hal_adc.o(i.HAL_ADC_PollForConversion)
    i.HAL_ADC_Start                          0x08000dc4   Section        0  stm32f0xx_hal_adc.o(i.HAL_ADC_Start)
    i.HAL_FLASHEx_Erase                      0x08000e20   Section        0  stm32f0xx_hal_flash_ex.o(i.HAL_FLASHEx_Erase)
    i.HAL_FLASH_Lock                         0x08000ec0   Section        0  stm32f0xx_hal_flash.o(i.HAL_FLASH_Lock)
    i.HAL_FLASH_Program                      0x08000ed4   Section        0  stm32f0xx_hal_flash.o(i.HAL_FLASH_Program)
    i.HAL_FLASH_Unlock                       0x08000f50   Section        0  stm32f0xx_hal_flash.o(i.HAL_FLASH_Unlock)
    i.HAL_GPIO_EXTI_Callback                 0x08000f74   Section        0  gpio.o(i.HAL_GPIO_EXTI_Callback)
    i.HAL_GPIO_EXTI_IRQHandler               0x08000f94   Section        0  stm32f0xx_hal_gpio.o(i.HAL_GPIO_EXTI_IRQHandler)
    i.HAL_GPIO_Init                          0x08000fac   Section        0  stm32f0xx_hal_gpio.o(i.HAL_GPIO_Init)
    i.HAL_GPIO_ReadPin                       0x080010f4   Section        0  stm32f0xx_hal_gpio.o(i.HAL_GPIO_ReadPin)
    i.HAL_GPIO_WritePin                      0x080010fe   Section        0  stm32f0xx_hal_gpio.o(i.HAL_GPIO_WritePin)
    i.HAL_GetTick                            0x0800110c   Section        0  stm32f0xx_hal.o(i.HAL_GetTick)
    i.HAL_IncTick                            0x08001118   Section        0  stm32f0xx_hal.o(i.HAL_IncTick)
    i.HAL_Init                               0x08001128   Section        0  stm32f0xx_hal.o(i.HAL_Init)
    i.HAL_InitTick                           0x08001148   Section        0  stm32f0xx_hal.o(i.HAL_InitTick)
    i.HAL_MspInit                            0x0800116c   Section        0  stm32f0xx_hal_msp.o(i.HAL_MspInit)
    i.HAL_NVIC_EnableIRQ                     0x080011a4   Section        0  stm32f0xx_hal_cortex.o(i.HAL_NVIC_EnableIRQ)
    i.HAL_NVIC_SetPriority                   0x080011b8   Section        0  stm32f0xx_hal_cortex.o(i.HAL_NVIC_SetPriority)
    i.HAL_RCC_ClockConfig                    0x080011c0   Section        0  stm32f0xx_hal_rcc.o(i.HAL_RCC_ClockConfig)
    i.HAL_RCC_GetHCLKFreq                    0x080012ec   Section        0  stm32f0xx_hal_rcc.o(i.HAL_RCC_GetHCLKFreq)
    i.HAL_RCC_GetSysClockFreq                0x080012f8   Section        0  stm32f0xx_hal_rcc.o(i.HAL_RCC_GetSysClockFreq)
    i.HAL_RCC_OscConfig                      0x08001374   Section        0  stm32f0xx_hal_rcc.o(i.HAL_RCC_OscConfig)
    i.HAL_SYSTICK_CLKSourceConfig            0x080016c8   Section        0  stm32f0xx_hal_cortex.o(i.HAL_SYSTICK_CLKSourceConfig)
    i.HAL_SYSTICK_Callback                   0x080016e0   Section        0  msg_task.o(i.HAL_SYSTICK_Callback)
    i.HAL_SYSTICK_Config                     0x08001744   Section        0  stm32f0xx_hal_cortex.o(i.HAL_SYSTICK_Config)
    i.HAL_SYSTICK_IRQHandler                 0x08001774   Section        0  stm32f0xx_hal_cortex.o(i.HAL_SYSTICK_IRQHandler)
    i.HAL_TIMEx_BreakCallback                0x0800177c   Section        0  stm32f0xx_hal_tim_ex.o(i.HAL_TIMEx_BreakCallback)
    i.HAL_TIMEx_CommutationCallback          0x0800177e   Section        0  stm32f0xx_hal_tim_ex.o(i.HAL_TIMEx_CommutationCallback)
    i.HAL_TIM_Base_Init                      0x08001780   Section        0  stm32f0xx_hal_tim.o(i.HAL_TIM_Base_Init)
    i.HAL_TIM_Base_MspInit                   0x080017b4   Section        0  tim.o(i.HAL_TIM_Base_MspInit)
    i.HAL_TIM_Base_Start                     0x080017e8   Section        0  stm32f0xx_hal_tim.o(i.HAL_TIM_Base_Start)
    i.HAL_TIM_IC_CaptureCallback             0x08001800   Section        0  stm32f0xx_hal_tim.o(i.HAL_TIM_IC_CaptureCallback)
    i.HAL_TIM_IRQHandler                     0x08001802   Section        0  stm32f0xx_hal_tim.o(i.HAL_TIM_IRQHandler)
    i.HAL_TIM_OC_DelayElapsedCallback        0x08001964   Section        0  stm32f0xx_hal_tim.o(i.HAL_TIM_OC_DelayElapsedCallback)
    i.HAL_TIM_PWM_PulseFinishedCallback      0x08001966   Section        0  stm32f0xx_hal_tim.o(i.HAL_TIM_PWM_PulseFinishedCallback)
    i.HAL_TIM_PeriodElapsedCallback          0x08001968   Section        0  tim.o(i.HAL_TIM_PeriodElapsedCallback)
    i.HAL_TIM_TriggerCallback                0x0800196a   Section        0  stm32f0xx_hal_tim.o(i.HAL_TIM_TriggerCallback)
    i.Heat_hotterK                           0x0800196c   Section        0  hotter.o(i.Heat_hotterK)
    i.HotterCtrl                             0x08001988   Section        0  hotterctrl.o(i.HotterCtrl)
    i.HotterKWorkingState_ISR                0x08001a2c   Section        0  hotter.o(i.HotterKWorkingState_ISR)
    i.HotterK_init                           0x08001a3c   Section        0  hotter.o(i.HotterK_init)
    i.HotterK_power_on_scan_ISR              0x08001aa4   Section        0  hotter.o(i.HotterK_power_on_scan_ISR)
    i.HotterK_realTemp_ISR                   0x08001ac8   Section        0  hotter.o(i.HotterK_realTemp_ISR)
    i.HotterRealTemp_ISR                     0x08001ad8   Section        0  hotter.o(i.HotterRealTemp_ISR)
    i.HotterWorkingState_ISR                 0x08001b12   Section        0  hotter.o(i.HotterWorkingState_ISR)
    i.MX_ADC_Init                            0x08001b60   Section        0  adc.o(i.MX_ADC_Init)
    i.MX_GPIO_Init                           0x08001bb8   Section        0  gpio.o(i.MX_GPIO_Init)
    i.MX_TIM14_Init                          0x08001c84   Section        0  tim.o(i.MX_TIM14_Init)
    i.NVIC_SetPriority                       0x08001cb0   Section        0  stm32f0xx_hal_cortex.o(i.NVIC_SetPriority)
    NVIC_SetPriority                         0x08001cb1   Thumb Code    60  stm32f0xx_hal_cortex.o(i.NVIC_SetPriority)
    i.Rotary_1_init                          0x08001cf4   Section        0  rotary.o(i.Rotary_1_init)
    i.Rotary_1_scan_ISR                      0x08001d20   Section        0  rotary.o(i.Rotary_1_scan_ISR)
    i.Rotary_scan                            0x08001d30   Section        0  rotary.o(i.Rotary_scan)
    i.SysTick_Handler                        0x08001dec   Section        0  stm32f0xx_it.o(i.SysTick_Handler)
    i.SystemClock_Config                     0x08001df8   Section        0  main.o(i.SystemClock_Config)
    i.SystemInit                             0x08001e58   Section        0  system_stm32f0xx_1.o(i.SystemInit)
    i.TEMP_ADJUST_READY_operate              0x08001eb4   Section        0  hotterctrl.o(i.TEMP_ADJUST_READY_operate)
    i.TEMP_ADJUST_WARNING_READY_operate      0x08001ef0   Section        0  hotterctrl.o(i.TEMP_ADJUST_WARNING_READY_operate)
    i.TEMP_ADJUST_WARNING_operate            0x08001f2c   Section        0  hotterctrl.o(i.TEMP_ADJUST_WARNING_operate)
    i.TEMP_ADJUST_operate                    0x08001f40   Section        0  hotterctrl.o(i.TEMP_ADJUST_operate)
    i.TEMP_ALARM_READY_operate               0x08001fd8   Section        0  hotterctrl.o(i.TEMP_ALARM_READY_operate)
    i.TEMP_ALARM_operate                     0x08001ff0   Section        0  hotterctrl.o(i.TEMP_ALARM_operate)
    i.TEMP_CHECK_READY_operate               0x08002058   Section        0  hotterctrl.o(i.TEMP_CHECK_READY_operate)
    i.TEMP_CHECK_operate                     0x08002094   Section        0  hotterctrl.o(i.TEMP_CHECK_operate)
    i.TEMP_CTRL_READY_operate                0x080020b8   Section        0  hotterctrl.o(i.TEMP_CTRL_READY_operate)
    i.TEMP_CTRL_operate                      0x080020dc   Section        0  hotterctrl.o(i.TEMP_CTRL_operate)
    i.TEMP_IDLE_READY_operate                0x08002214   Section        0  hotterctrl.o(i.TEMP_IDLE_READY_operate)
    i.TEMP_IDLE_operate                      0x08002244   Section        0  hotterctrl.o(i.TEMP_IDLE_operate)
    i.TEMP_PowerOn_ISR                       0x08002254   Section        0  hotterctrl.o(i.TEMP_PowerOn_ISR)
    i.TEMP_TARGET_SET_READY_operate          0x08002264   Section        0  hotterctrl.o(i.TEMP_TARGET_SET_READY_operate)
    i.TEMP_TARGET_SET_operate                0x0800229c   Section        0  hotterctrl.o(i.TEMP_TARGET_SET_operate)
    i.TEMP_TARGET_SHOW_READY_operate         0x0800232c   Section        0  hotterctrl.o(i.TEMP_TARGET_SHOW_READY_operate)
    i.TEMP_TARGET_SHOW_operate               0x08002368   Section        0  hotterctrl.o(i.TEMP_TARGET_SHOW_operate)
    i.TIM14_IRQHandler                       0x0800237c   Section        0  stm32f0xx_it.o(i.TIM14_IRQHandler)
    i.TIM_Base_SetConfig                     0x0800238c   Section        0  stm32f0xx_hal_tim.o(i.TIM_Base_SetConfig)
    i.TaskCtrl                               0x08002400   Section        0  msg_task.o(i.TaskCtrl)
    i.TaskISR                                0x08002426   Section        0  msg_task.o(i.TaskISR)
    i.TaskMainkInit                          0x08002464   Section        0  msg_task.o(i.TaskMainkInit)
    i.TaskProcess                            0x08002478   Section        0  msg_task.o(i.TaskProcess)
    i.TaskSystickInit                        0x080024ac   Section        0  msg_task.o(i.TaskSystickInit)
    i.TaskSystickProcess                     0x080024c0   Section        0  msg_task.o(i.TaskSystickProcess)
    i.Tm1650_1_init                          0x080024d0   Section        0  tm1650.o(i.Tm1650_1_init)
    i.Tm1650_1_show_ISR                      0x08002504   Section        0  tm1650.o(i.Tm1650_1_show_ISR)
    i.Tm1650_2_show_ISR                      0x08002514   Section        0  tm1650.o(i.Tm1650_2_show_ISR)
    i.Tm1650_show_ISR                        0x08002524   Section        0  tm1650.o(i.Tm1650_show_ISR)
    i.__ARM_clz                              0x08002644   Section        0  depilogue.o(i.__ARM_clz)
    i.__ARM_common_switch8                   0x08002672   Section        0  stm32f0xx_hal_tim.o(i.__ARM_common_switch8)
    i.__scatterload_copy                     0x0800268c   Section       14  handlers.o(i.__scatterload_copy)
    i.__scatterload_null                     0x0800269a   Section        2  handlers.o(i.__scatterload_null)
    i.__scatterload_zeroinit                 0x0800269c   Section       14  handlers.o(i.__scatterload_zeroinit)
    i.airKCtrl                               0x080026ac   Section        0  hotterctrl.o(i.airKCtrl)
    i.airK_PowerOn_ISR                       0x080026bc   Section        0  hotterctrl.o(i.airK_PowerOn_ISR)
    i.airK_init                              0x080026cc   Section        0  hotterctrl.o(i.airK_init)
    i.main                                   0x08002770   Section        0  main.o(i.main)
    i.read_button_1                          0x080027c0   Section        0  button.o(i.read_button_1)
    i.read_rotary_a                          0x080027d8   Section        0  rotary.o(i.read_rotary_a)
    i.read_rotary_b                          0x080027e6   Section        0  rotary.o(i.read_rotary_b)
    i.tm1650_clk_1                           0x080027f4   Section        0  tm1650.o(i.tm1650_clk_1)
    i.tm1650_dio_1                           0x08002804   Section        0  tm1650.o(i.tm1650_dio_1)
    i.tm1650_read_dio_1                      0x08002814   Section        0  tm1650.o(i.tm1650_read_dio_1)
    .constdata                               0x0800282e   Section       16  system_stm32f0xx_1.o(.constdata)
    .constdata                               0x0800283e   Section       14  tm1650.o(.constdata)
    .constdata                               0x0800284c   Section        4  tm1650.o(.constdata)
    .constdata                               0x08002850   Section        4  tm1650.o(.constdata)
    .constdata                               0x08002854   Section        4  tm1650.o(.constdata)
    .constdata                               0x08002858   Section        4  tm1650.o(.constdata)
    .constdata                               0x0800285c   Section       10  flash.o(.constdata)
    .data                                    0x20000000   Section        4  stm32f0xx_hal.o(.data)
    .data                                    0x20000004   Section        4  system_stm32f0xx_1.o(.data)
    .data                                    0x20000008   Section        2  hotter.o(.data)
    data_pre                                 0x20000008   Data           1  hotter.o(.data)
    data_pre                                 0x20000009   Data           1  hotter.o(.data)
    .data                                    0x2000000c   Section      208  msg_task.o(.data)
    StaticFlag_1ms                           0x2000000c   Data           1  msg_task.o(.data)
    StaticFlag_10ms                          0x2000000d   Data           1  msg_task.o(.data)
    StaticFlag_100ms                         0x2000000e   Data           1  msg_task.o(.data)
    times_count                              0x20000018   Data           2  msg_task.o(.data)
    count                                    0x2000001a   Data           2  msg_task.o(.data)
    .bss                                     0x200000e0   Section       32  stm32f0xx_hal_flash.o(.bss)
    .bss                                     0x20000100   Section       76  adc.o(.bss)
    .bss                                     0x2000014c   Section       60  tim.o(.bss)
    .bss                                     0x20000188   Section       20  rotary.o(.bss)
    .bss                                     0x2000019c   Section       16  button.o(.bss)
    .bss                                     0x200001ac   Section       72  tm1650.o(.bss)
    .bss                                     0x200001f4   Section       96  hotter.o(.bss)
    .bss                                     0x20000254   Section       20  hotterctrl.o(.bss)
    .bss                                     0x20000268   Section       24  msg_task.o(.bss)
    .bss                                     0x20000280   Section      268  adc_filter.o(.bss)
    .bss                                     0x2000038c   Section       22  flash.o(.bss)
    EraseInitStruct                          0x2000038c   Data          12  flash.o(.bss)
    STACK                                    0x200003a8   Section     1024  startup_stm32f030x6_1.o(STACK)

    Global Symbols

    Symbol Name                              Value     Ov Type        Size  Object(Section)

    BuildAttributes$$THM_ISAv3M$S$PE$A:L22$X:L11$S22$IEEE1$IW$USESV6$~STKCKD$USESV7$~SHL$OTIME$ROPI$EBA8$MICROLIB$REQ8$PRES8$EABIv2 0x00000000   Number         0  anon$$obj.o ABSOLUTE
    __ARM_use_no_argv                        0x00000000   Number         0  main.o ABSOLUTE
    __cpp_initialize__aeabi_                  - Undefined Weak Reference
    __cxa_finalize                            - Undefined Weak Reference
    __decompress                              - Undefined Weak Reference
    _clock_init                               - Undefined Weak Reference
    _microlib_exit                            - Undefined Weak Reference
    __Vectors_Size                           0x000000b0   Number         0  startup_stm32f030x6_1.o ABSOLUTE
    __Vectors                                0x08000000   Data           4  startup_stm32f030x6_1.o(RESET)
    __Vectors_End                            0x080000b0   Data           0  startup_stm32f030x6_1.o(RESET)
    __main                                   0x080000b1   Thumb Code     0  entry.o(.ARM.Collect$$$$00000000)
    _main_stk                                0x080000b1   Thumb Code     0  entry2.o(.ARM.Collect$$$$00000001)
    _main_scatterload                        0x080000b5   Thumb Code     0  entry5.o(.ARM.Collect$$$$00000004)
    __main_after_scatterload                 0x080000b9   Thumb Code     0  entry5.o(.ARM.Collect$$$$00000004)
    _main_clock                              0x080000b9   Thumb Code     0  entry7b.o(.ARM.Collect$$$$00000008)
    _main_cpp_init                           0x080000b9   Thumb Code     0  entry8b.o(.ARM.Collect$$$$0000000A)
    _main_init                               0x080000b9   Thumb Code     0  entry9a.o(.ARM.Collect$$$$0000000B)
    __rt_final_cpp                           0x080000c1   Thumb Code     0  entry10a.o(.ARM.Collect$$$$0000000D)
    __rt_final_exit                          0x080000c1   Thumb Code     0  entry11a.o(.ARM.Collect$$$$0000000F)
    Reset_Handler                            0x080000c5   Thumb Code     8  startup_stm32f030x6_1.o(.text)
    NMI_Handler                              0x080000cd   Thumb Code     2  startup_stm32f030x6_1.o(.text)
    HardFault_Handler                        0x080000cf   Thumb Code     2  startup_stm32f030x6_1.o(.text)
    SVC_Handler                              0x080000d1   Thumb Code     2  startup_stm32f030x6_1.o(.text)
    PendSV_Handler                           0x080000d3   Thumb Code     2  startup_stm32f030x6_1.o(.text)
    ADC1_IRQHandler                          0x080000d7   Thumb Code     0  startup_stm32f030x6_1.o(.text)
    DMA1_Channel1_IRQHandler                 0x080000d7   Thumb Code     0  startup_stm32f030x6_1.o(.text)
    DMA1_Channel2_3_IRQHandler               0x080000d7   Thumb Code     0  startup_stm32f030x6_1.o(.text)
    DMA1_Channel4_5_IRQHandler               0x080000d7   Thumb Code     0  startup_stm32f030x6_1.o(.text)
    EXTI2_3_IRQHandler                       0x080000d7   Thumb Code     0  startup_stm32f030x6_1.o(.text)
    EXTI4_15_IRQHandler                      0x080000d7   Thumb Code     0  startup_stm32f030x6_1.o(.text)
    FLASH_IRQHandler                         0x080000d7   Thumb Code     0  startup_stm32f030x6_1.o(.text)
    I2C1_IRQHandler                          0x080000d7   Thumb Code     0  startup_stm32f030x6_1.o(.text)
    RCC_IRQHandler                           0x080000d7   Thumb Code     0  startup_stm32f030x6_1.o(.text)
    RTC_IRQHandler                           0x080000d7   Thumb Code     0  startup_stm32f030x6_1.o(.text)
    SPI1_IRQHandler                          0x080000d7   Thumb Code     0  startup_stm32f030x6_1.o(.text)
    TIM16_IRQHandler                         0x080000d7   Thumb Code     0  startup_stm32f030x6_1.o(.text)
    TIM17_IRQHandler                         0x080000d7   Thumb Code     0  startup_stm32f030x6_1.o(.text)
    TIM1_BRK_UP_TRG_COM_IRQHandler           0x080000d7   Thumb Code     0  startup_stm32f030x6_1.o(.text)
    TIM1_CC_IRQHandler                       0x080000d7   Thumb Code     0  startup_stm32f030x6_1.o(.text)
    TIM3_IRQHandler                          0x080000d7   Thumb Code     0  startup_stm32f030x6_1.o(.text)
    USART1_IRQHandler                        0x080000d7   Thumb Code     0  startup_stm32f030x6_1.o(.text)
    WWDG_IRQHandler                          0x080000d7   Thumb Code     0  startup_stm32f030x6_1.o(.text)
    __aeabi_uidiv                            0x080000e1   Thumb Code     0  uidiv.o(.text)
    __aeabi_uidivmod                         0x080000e1   Thumb Code    44  uidiv.o(.text)
    __aeabi_idiv                             0x0800010d   Thumb Code     0  idiv.o(.text)
    __aeabi_idivmod                          0x0800010d   Thumb Code    40  idiv.o(.text)
    __aeabi_llsr                             0x08000135   Thumb Code    34  llushr.o(.text)
    _ll_ushift_r                             0x08000135   Thumb Code     0  llushr.o(.text)
    __aeabi_memcpy                           0x08000157   Thumb Code    36  memcpya.o(.text)
    __aeabi_memcpy4                          0x08000157   Thumb Code     0  memcpya.o(.text)
    __aeabi_memcpy8                          0x08000157   Thumb Code     0  memcpya.o(.text)
    __aeabi_fadd                             0x0800017b   Thumb Code   162  fadd.o(.text)
    __aeabi_fsub                             0x0800021d   Thumb Code     8  fadd.o(.text)
    __aeabi_frsub                            0x08000225   Thumb Code     8  fadd.o(.text)
    __aeabi_fmul                             0x0800022d   Thumb Code   122  fmul.o(.text)
    __aeabi_i2f                              0x080002a7   Thumb Code    22  fflti.o(.text)
    __aeabi_i2d                              0x080002bd   Thumb Code    34  dflti.o(.text)
    __aeabi_f2iz                             0x080002e5   Thumb Code    50  ffixi.o(.text)
    __aeabi_d2uiz                            0x08000319   Thumb Code    50  dfixui.o(.text)
    __aeabi_cdcmpeq                          0x08000355   Thumb Code     0  cdcmple.o(.text)
    __aeabi_cdcmple                          0x08000355   Thumb Code    38  cdcmple.o(.text)
    __I$use$fp                               0x0800037d   Thumb Code     0  iusefp.o(.text)
    _float_round                             0x0800037d   Thumb Code    16  fepilogue.o(.text)
    _float_epilogue                          0x0800038d   Thumb Code   114  fepilogue.o(.text)
    _double_round                            0x080003ff   Thumb Code    26  depilogue.o(.text)
    _double_epilogue                         0x08000419   Thumb Code   164  depilogue.o(.text)
    __scatterload                            0x080004bd   Thumb Code    28  init.o(.text)
    __scatterload_rt2                        0x080004bd   Thumb Code     0  init.o(.text)
    __aeabi_llsl                             0x080004e1   Thumb Code    32  llshl.o(.text)
    _ll_shift_l                              0x080004e1   Thumb Code     0  llshl.o(.text)
    AvgFilter                                0x08000585   Thumb Code    66  adc_filter.o(i.AvgFilter)
    Avg_1_Init                               0x080005c9   Thumb Code    20  adc_filter.o(i.Avg_1_Init)
    BUTTON_1_ISR                             0x080005e1   Thumb Code    10  button.o(i.BUTTON_1_ISR)
    BUTTON_scan                              0x080005f1   Thumb Code    94  button.o(i.BUTTON_scan)
    Button_1_init                            0x08000651   Thumb Code    26  button.o(i.Button_1_init)
    EXTI0_1_IRQHandler                       0x08000675   Thumb Code    10  stm32f0xx_it.o(i.EXTI0_1_IRQHandler)
    Error_Handler                            0x0800067f   Thumb Code     2  main.o(i.Error_Handler)
    FD650_START                              0x08000681   Thumb Code    30  tm1650.o(i.FD650_START)
    FD650_STOP                               0x0800069f   Thumb Code    24  tm1650.o(i.FD650_STOP)
    FD650_send                               0x080006b7   Thumb Code    36  tm1650.o(i.FD650_send)
    FD650_write                              0x080006db   Thumb Code    66  tm1650.o(i.FD650_write)
    FLASH_PageErase                          0x08000741   Thumb Code    28  stm32f0xx_hal_flash_ex.o(i.FLASH_PageErase)
    FLASH_WaitForLastOperation               0x080007bd   Thumb Code    76  stm32f0xx_hal_flash.o(i.FLASH_WaitForLastOperation)
    FanCtrl_ISR                              0x0800080d   Thumb Code    82  hotterctrl.o(i.FanCtrl_ISR)
    Filter_hotterK_adc_ISR                   0x08000865   Thumb Code    20  hotter.o(i.Filter_hotterK_adc_ISR)
    FlshPara_Init                            0x08000881   Thumb Code   124  flash.o(i.FlshPara_Init)
    FlshPara_Save                            0x08000911   Thumb Code   100  flash.o(i.FlshPara_Save)
    Get_hotterK_adc                          0x08000985   Thumb Code    26  hotter.o(i.Get_hotterK_adc)
    HAL_ADCEx_Calibration_Start              0x080009a5   Thumb Code   148  stm32f0xx_hal_adc_ex.o(i.HAL_ADCEx_Calibration_Start)
    HAL_ADC_ConfigChannel                    0x08000a39   Thumb Code   254  stm32f0xx_hal_adc.o(i.HAL_ADC_ConfigChannel)
    HAL_ADC_GetValue                         0x08000b49   Thumb Code     6  stm32f0xx_hal_adc.o(i.HAL_ADC_GetValue)
    HAL_ADC_Init                             0x08000b51   Thumb Code   362  stm32f0xx_hal_adc.o(i.HAL_ADC_Init)
    HAL_ADC_MspInit                          0x08000cc5   Thumb Code    54  adc.o(i.HAL_ADC_MspInit)
    HAL_ADC_PollForConversion                0x08000d05   Thumb Code   190  stm32f0xx_hal_adc.o(i.HAL_ADC_PollForConversion)
    HAL_ADC_Start                            0x08000dc5   Thumb Code    86  stm32f0xx_hal_adc.o(i.HAL_ADC_Start)
    HAL_FLASHEx_Erase                        0x08000e21   Thumb Code   148  stm32f0xx_hal_flash_ex.o(i.HAL_FLASHEx_Erase)
    HAL_FLASH_Lock                           0x08000ec1   Thumb Code    14  stm32f0xx_hal_flash.o(i.HAL_FLASH_Lock)
    HAL_FLASH_Program                        0x08000ed5   Thumb Code   112  stm32f0xx_hal_flash.o(i.HAL_FLASH_Program)
    HAL_FLASH_Unlock                         0x08000f51   Thumb Code    24  stm32f0xx_hal_flash.o(i.HAL_FLASH_Unlock)
    HAL_GPIO_EXTI_Callback                   0x08000f75   Thumb Code    22  gpio.o(i.HAL_GPIO_EXTI_Callback)
    HAL_GPIO_EXTI_IRQHandler                 0x08000f95   Thumb Code    18  stm32f0xx_hal_gpio.o(i.HAL_GPIO_EXTI_IRQHandler)
    HAL_GPIO_Init                            0x08000fad   Thumb Code   302  stm32f0xx_hal_gpio.o(i.HAL_GPIO_Init)
    HAL_GPIO_ReadPin                         0x080010f5   Thumb Code    10  stm32f0xx_hal_gpio.o(i.HAL_GPIO_ReadPin)
    HAL_GPIO_WritePin                        0x080010ff   Thumb Code    12  stm32f0xx_hal_gpio.o(i.HAL_GPIO_WritePin)
    HAL_GetTick                              0x0800110d   Thumb Code     6  stm32f0xx_hal.o(i.HAL_GetTick)
    HAL_IncTick                              0x08001119   Thumb Code    10  stm32f0xx_hal.o(i.HAL_IncTick)
    HAL_Init                                 0x08001129   Thumb Code    26  stm32f0xx_hal.o(i.HAL_Init)
    HAL_InitTick                             0x08001149   Thumb Code    34  stm32f0xx_hal.o(i.HAL_InitTick)
    HAL_MspInit                              0x0800116d   Thumb Code    50  stm32f0xx_hal_msp.o(i.HAL_MspInit)
    HAL_NVIC_EnableIRQ                       0x080011a5   Thumb Code    14  stm32f0xx_hal_cortex.o(i.HAL_NVIC_EnableIRQ)
    HAL_NVIC_SetPriority                     0x080011b9   Thumb Code     8  stm32f0xx_hal_cortex.o(i.HAL_NVIC_SetPriority)
    HAL_RCC_ClockConfig                      0x080011c1   Thumb Code   280  stm32f0xx_hal_rcc.o(i.HAL_RCC_ClockConfig)
    HAL_RCC_GetHCLKFreq                      0x080012ed   Thumb Code     6  stm32f0xx_hal_rcc.o(i.HAL_RCC_GetHCLKFreq)
    HAL_RCC_GetSysClockFreq                  0x080012f9   Thumb Code    78  stm32f0xx_hal_rcc.o(i.HAL_RCC_GetSysClockFreq)
    HAL_RCC_OscConfig                        0x08001375   Thumb Code   838  stm32f0xx_hal_rcc.o(i.HAL_RCC_OscConfig)
    HAL_SYSTICK_CLKSourceConfig              0x080016c9   Thumb Code    20  stm32f0xx_hal_cortex.o(i.HAL_SYSTICK_CLKSourceConfig)
    HAL_SYSTICK_Callback                     0x080016e1   Thumb Code    88  msg_task.o(i.HAL_SYSTICK_Callback)
    HAL_SYSTICK_Config                       0x08001745   Thumb Code    38  stm32f0xx_hal_cortex.o(i.HAL_SYSTICK_Config)
    HAL_SYSTICK_IRQHandler                   0x08001775   Thumb Code     8  stm32f0xx_hal_cortex.o(i.HAL_SYSTICK_IRQHandler)
    HAL_TIMEx_BreakCallback                  0x0800177d   Thumb Code     2  stm32f0xx_hal_tim_ex.o(i.HAL_TIMEx_BreakCallback)
    HAL_TIMEx_CommutationCallback            0x0800177f   Thumb Code     2  stm32f0xx_hal_tim_ex.o(i.HAL_TIMEx_CommutationCallback)
    HAL_TIM_Base_Init                        0x08001781   Thumb Code    52  stm32f0xx_hal_tim.o(i.HAL_TIM_Base_Init)
    HAL_TIM_Base_MspInit                     0x080017b5   Thumb Code    44  tim.o(i.HAL_TIM_Base_MspInit)
    HAL_TIM_Base_Start                       0x080017e9   Thumb Code    24  stm32f0xx_hal_tim.o(i.HAL_TIM_Base_Start)
    HAL_TIM_IC_CaptureCallback               0x08001801   Thumb Code     2  stm32f0xx_hal_tim.o(i.HAL_TIM_IC_CaptureCallback)
    HAL_TIM_IRQHandler                       0x08001803   Thumb Code   354  stm32f0xx_hal_tim.o(i.HAL_TIM_IRQHandler)
    HAL_TIM_OC_DelayElapsedCallback          0x08001965   Thumb Code     2  stm32f0xx_hal_tim.o(i.HAL_TIM_OC_DelayElapsedCallback)
    HAL_TIM_PWM_PulseFinishedCallback        0x08001967   Thumb Code     2  stm32f0xx_hal_tim.o(i.HAL_TIM_PWM_PulseFinishedCallback)
    HAL_TIM_PeriodElapsedCallback            0x08001969   Thumb Code     2  tim.o(i.HAL_TIM_PeriodElapsedCallback)
    HAL_TIM_TriggerCallback                  0x0800196b   Thumb Code     2  stm32f0xx_hal_tim.o(i.HAL_TIM_TriggerCallback)
    Heat_hotterK                             0x0800196d   Thumb Code    24  hotter.o(i.Heat_hotterK)
    HotterCtrl                               0x08001989   Thumb Code   164  hotterctrl.o(i.HotterCtrl)
    HotterKWorkingState_ISR                  0x08001a2d   Thumb Code    10  hotter.o(i.HotterKWorkingState_ISR)
    HotterK_init                             0x08001a3d   Thumb Code    88  hotter.o(i.HotterK_init)
    HotterK_power_on_scan_ISR                0x08001aa5   Thumb Code    28  hotter.o(i.HotterK_power_on_scan_ISR)
    HotterK_realTemp_ISR                     0x08001ac9   Thumb Code    10  hotter.o(i.HotterK_realTemp_ISR)
    HotterRealTemp_ISR                       0x08001ad9   Thumb Code    58  hotter.o(i.HotterRealTemp_ISR)
    HotterWorkingState_ISR                   0x08001b13   Thumb Code    76  hotter.o(i.HotterWorkingState_ISR)
    MX_ADC_Init                              0x08001b61   Thumb Code    80  adc.o(i.MX_ADC_Init)
    MX_GPIO_Init                             0x08001bb9   Thumb Code   188  gpio.o(i.MX_GPIO_Init)
    MX_TIM14_Init                            0x08001c85   Thumb Code    36  tim.o(i.MX_TIM14_Init)
    Rotary_1_init                            0x08001cf5   Thumb Code    30  rotary.o(i.Rotary_1_init)
    Rotary_1_scan_ISR                        0x08001d21   Thumb Code    10  rotary.o(i.Rotary_1_scan_ISR)
    Rotary_scan                              0x08001d31   Thumb Code   188  rotary.o(i.Rotary_scan)
    SysTick_Handler                          0x08001ded   Thumb Code    12  stm32f0xx_it.o(i.SysTick_Handler)
    SystemClock_Config                       0x08001df9   Thumb Code    96  main.o(i.SystemClock_Config)
    SystemInit                               0x08001e59   Thumb Code    78  system_stm32f0xx_1.o(i.SystemInit)
    TEMP_ADJUST_READY_operate                0x08001eb5   Thumb Code    56  hotterctrl.o(i.TEMP_ADJUST_READY_operate)
    TEMP_ADJUST_WARNING_READY_operate        0x08001ef1   Thumb Code    52  hotterctrl.o(i.TEMP_ADJUST_WARNING_READY_operate)
    TEMP_ADJUST_WARNING_operate              0x08001f2d   Thumb Code    14  hotterctrl.o(i.TEMP_ADJUST_WARNING_operate)
    TEMP_ADJUST_operate                      0x08001f41   Thumb Code   146  hotterctrl.o(i.TEMP_ADJUST_operate)
    TEMP_ALARM_READY_operate                 0x08001fd9   Thumb Code    22  hotterctrl.o(i.TEMP_ALARM_READY_operate)
    TEMP_ALARM_operate                       0x08001ff1   Thumb Code    96  hotterctrl.o(i.TEMP_ALARM_operate)
    TEMP_CHECK_READY_operate                 0x08002059   Thumb Code    50  hotterctrl.o(i.TEMP_CHECK_READY_operate)
    TEMP_CHECK_operate                       0x08002095   Thumb Code    30  hotterctrl.o(i.TEMP_CHECK_operate)
    TEMP_CTRL_READY_operate                  0x080020b9   Thumb Code    36  hotterctrl.o(i.TEMP_CTRL_READY_operate)
    TEMP_CTRL_operate                        0x080020dd   Thumb Code   302  hotterctrl.o(i.TEMP_CTRL_operate)
    TEMP_IDLE_READY_operate                  0x08002215   Thumb Code    44  hotterctrl.o(i.TEMP_IDLE_READY_operate)
    TEMP_IDLE_operate                        0x08002245   Thumb Code    16  hotterctrl.o(i.TEMP_IDLE_operate)
    TEMP_PowerOn_ISR                         0x08002255   Thumb Code    16  hotterctrl.o(i.TEMP_PowerOn_ISR)
    TEMP_TARGET_SET_READY_operate            0x08002265   Thumb Code    52  hotterctrl.o(i.TEMP_TARGET_SET_READY_operate)
    TEMP_TARGET_SET_operate                  0x0800229d   Thumb Code   138  hotterctrl.o(i.TEMP_TARGET_SET_operate)
    TEMP_TARGET_SHOW_READY_operate           0x0800232d   Thumb Code    56  hotterctrl.o(i.TEMP_TARGET_SHOW_READY_operate)
    TEMP_TARGET_SHOW_operate                 0x08002369   Thumb Code    14  hotterctrl.o(i.TEMP_TARGET_SHOW_operate)
    TIM14_IRQHandler                         0x0800237d   Thumb Code    10  stm32f0xx_it.o(i.TIM14_IRQHandler)
    TIM_Base_SetConfig                       0x0800238d   Thumb Code    94  stm32f0xx_hal_tim.o(i.TIM_Base_SetConfig)
    TaskCtrl                                 0x08002401   Thumb Code    38  msg_task.o(i.TaskCtrl)
    TaskISR                                  0x08002427   Thumb Code    60  msg_task.o(i.TaskISR)
    TaskMainkInit                            0x08002465   Thumb Code    12  msg_task.o(i.TaskMainkInit)
    TaskProcess                              0x08002479   Thumb Code    52  msg_task.o(i.TaskProcess)
    TaskSystickInit                          0x080024ad   Thumb Code    12  msg_task.o(i.TaskSystickInit)
    TaskSystickProcess                       0x080024c1   Thumb Code    10  msg_task.o(i.TaskSystickProcess)
    Tm1650_1_init                            0x080024d1   Thumb Code    36  tm1650.o(i.Tm1650_1_init)
    Tm1650_1_show_ISR                        0x08002505   Thumb Code    10  tm1650.o(i.Tm1650_1_show_ISR)
    Tm1650_2_show_ISR                        0x08002515   Thumb Code    10  tm1650.o(i.Tm1650_2_show_ISR)
    Tm1650_show_ISR                          0x08002525   Thumb Code   282  tm1650.o(i.Tm1650_show_ISR)
    __ARM_clz                                0x08002645   Thumb Code    46  depilogue.o(i.__ARM_clz)
    __ARM_common_switch8                     0x08002673   Thumb Code    26  stm32f0xx_hal_tim.o(i.__ARM_common_switch8)
    __scatterload_copy                       0x0800268d   Thumb Code    14  handlers.o(i.__scatterload_copy)
    __scatterload_null                       0x0800269b   Thumb Code     2  handlers.o(i.__scatterload_null)
    __scatterload_zeroinit                   0x0800269d   Thumb Code    14  handlers.o(i.__scatterload_zeroinit)
    airKCtrl                                 0x080026ad   Thumb Code    10  hotterctrl.o(i.airKCtrl)
    airK_PowerOn_ISR                         0x080026bd   Thumb Code    10  hotterctrl.o(i.airK_PowerOn_ISR)
    airK_init                                0x080026cd   Thumb Code   140  hotterctrl.o(i.airK_init)
    main                                     0x08002771   Thumb Code    66  main.o(i.main)
    read_button_1                            0x080027c1   Thumb Code    24  button.o(i.read_button_1)
    read_rotary_a                            0x080027d9   Thumb Code    14  rotary.o(i.read_rotary_a)
    read_rotary_b                            0x080027e7   Thumb Code    14  rotary.o(i.read_rotary_b)
    tm1650_clk_1                             0x080027f5   Thumb Code    16  tm1650.o(i.tm1650_clk_1)
    tm1650_dio_1                             0x08002805   Thumb Code    16  tm1650.o(i.tm1650_dio_1)
    tm1650_read_dio_1                        0x08002815   Thumb Code    26  tm1650.o(i.tm1650_read_dio_1)
    AHBPrescTable                            0x0800282e   Data          16  system_stm32f0xx_1.o(.constdata)
    CODE_Clean                               0x0800283e   Data           4  tm1650.o(.constdata)
    CODE00                                   0x08002842   Data          10  tm1650.o(.constdata)
    S_E                                      0x0800284c   Data           4  tm1650.o(.constdata)
    H_E                                      0x08002850   Data           4  tm1650.o(.constdata)
    OFF                                      0x08002854   Data           4  tm1650.o(.constdata)
    CAL                                      0x08002858   Data           4  tm1650.o(.constdata)
    hotter_flash_default                     0x0800285c   Data          10  flash.o(.constdata)
    Region$$Table$$Base                      0x08002868   Number         0  anon$$obj.o(Region$$Table)
    Region$$Table$$Limit                     0x08002888   Number         0  anon$$obj.o(Region$$Table)
    uwTick                                   0x20000000   Data           4  stm32f0xx_hal.o(.data)
    SystemCoreClock                          0x20000004   Data           4  system_stm32f0xx_1.o(.data)
    hal_1ms_flag                             0x20000010   Data           2  msg_task.o(.data)
    hal_10ms_flag                            0x20000012   Data           2  msg_task.o(.data)
    hal_100ms_flag                           0x20000014   Data           2  msg_task.o(.data)
    hal_1s_flag                              0x20000016   Data           2  msg_task.o(.data)
    msg_systick                              0x2000001c   Data         160  msg_task.o(.data)
    msg_main                                 0x200000bc   Data          32  msg_task.o(.data)
    pFlash                                   0x200000e0   Data          32  stm32f0xx_hal_flash.o(.bss)
    hadc                                     0x20000100   Data          76  adc.o(.bss)
    htim14                                   0x2000014c   Data          60  tim.o(.bss)
    rotary_1                                 0x20000188   Data          20  rotary.o(.bss)
    button_1                                 0x2000019c   Data          16  button.o(.bss)
    tm1650_1                                 0x200001ac   Data          36  tm1650.o(.bss)
    tm1650_2                                 0x200001d0   Data          36  tm1650.o(.bss)
    hotter1321                               0x200001f4   Data          48  hotter.o(.bss)
    hotterK                                  0x20000224   Data          48  hotter.o(.bss)
    airK                                     0x20000254   Data          20  hotterctrl.o(.bss)
    task_systick                             0x20000268   Data          12  msg_task.o(.bss)
    task_main                                0x20000274   Data          12  msg_task.o(.bss)
    avg_array_1                              0x20000280   Data         256  adc_filter.o(.bss)
    avg_1                                    0x20000380   Data          12  adc_filter.o(.bss)
    hotter_flash                             0x20000398   Data          10  flash.o(.bss)
    __initial_sp                             0x200007a8   Data           0  startup_stm32f030x6_1.o(STACK)



==============================================================================

Memory Map of the image

  Image Entry point : 0x080000b1

  Load Region LR_IROM1 (Base: 0x08000000, Size: 0x00002964, Max: 0x00004000, ABSOLUTE)

    Execution Region ER_IROM1 (Base: 0x08000000, Size: 0x00002888, Max: 0x00004000, ABSOLUTE)

    Base Addr    Size         Type   Attr      Idx    E Section Name        Object

    0x08000000   0x000000b0   Data   RO            3    RESET               startup_stm32f030x6_1.o
    0x080000b0   0x00000000   Code   RO         3449  * .ARM.Collect$$$$00000000  mc_p.l(entry.o)
    0x080000b0   0x00000004   Code   RO         3478    .ARM.Collect$$$$00000001  mc_p.l(entry2.o)
    0x080000b4   0x00000004   Code   RO         3481    .ARM.Collect$$$$00000004  mc_p.l(entry5.o)
    0x080000b8   0x00000000   Code   RO         3483    .ARM.Collect$$$$00000008  mc_p.l(entry7b.o)
    0x080000b8   0x00000000   Code   RO         3485    .ARM.Collect$$$$0000000A  mc_p.l(entry8b.o)
    0x080000b8   0x00000008   Code   RO         3486    .ARM.Collect$$$$0000000B  mc_p.l(entry9a.o)
    0x080000c0   0x00000000   Code   RO         3488    .ARM.Collect$$$$0000000D  mc_p.l(entry10a.o)
    0x080000c0   0x00000000   Code   RO         3490    .ARM.Collect$$$$0000000F  mc_p.l(entry11a.o)
    0x080000c0   0x00000004   Code   RO         3479    .ARM.Collect$$$$00002712  mc_p.l(entry2.o)
    0x080000c4   0x0000001c   Code   RO            4    .text               startup_stm32f030x6_1.o
    0x080000e0   0x0000002c   Code   RO         3452    .text               mc_p.l(uidiv.o)
    0x0800010c   0x00000028   Code   RO         3454    .text               mc_p.l(idiv.o)
    0x08000134   0x00000022   Code   RO         3456    .text               mc_p.l(llushr.o)
    0x08000156   0x00000024   Code   RO         3458    .text               mc_p.l(memcpya.o)
    0x0800017a   0x000000b2   Code   RO         3464    .text               mf_p.l(fadd.o)
    0x0800022c   0x0000007a   Code   RO         3466    .text               mf_p.l(fmul.o)
    0x080002a6   0x00000016   Code   RO         3468    .text               mf_p.l(fflti.o)
    0x080002bc   0x00000028   Code   RO         3470    .text               mf_p.l(dflti.o)
    0x080002e4   0x00000032   Code   RO         3472    .text               mf_p.l(ffixi.o)
    0x08000316   0x00000002   PAD
    0x08000318   0x0000003c   Code   RO         3474    .text               mf_p.l(dfixui.o)
    0x08000354   0x00000028   Code   RO         3476    .text               mf_p.l(cdcmple.o)
    0x0800037c   0x00000000   Code   RO         3492    .text               mc_p.l(iusefp.o)
    0x0800037c   0x00000082   Code   RO         3493    .text               mf_p.l(fepilogue.o)
    0x080003fe   0x000000be   Code   RO         3495    .text               mf_p.l(depilogue.o)
    0x080004bc   0x00000024   Code   RO         3499    .text               mc_p.l(init.o)
    0x080004e0   0x00000020   Code   RO         3501    .text               mc_p.l(llshl.o)
    0x08000500   0x00000084   Code   RO         2207    i.ADC_Enable        stm32f0xx_hal_adc.o
    0x08000584   0x00000042   Code   RO         3326    i.AvgFilter         adc_filter.o
    0x080005c6   0x00000002   PAD
    0x080005c8   0x00000018   Code   RO         3327    i.Avg_1_Init        adc_filter.o
    0x080005e0   0x00000010   Code   RO         2704    i.BUTTON_1_ISR      button.o
    0x080005f0   0x0000005e   Code   RO         2705    i.BUTTON_scan       button.o
    0x0800064e   0x00000002   PAD
    0x08000650   0x00000024   Code   RO         2706    i.Button_1_init     button.o
    0x08000674   0x0000000a   Code   RO         2445    i.EXTI0_1_IRQHandler  stm32f0xx_it.o
    0x0800067e   0x00000002   Code   RO         2378    i.Error_Handler     main.o
    0x08000680   0x0000001e   Code   RO         2749    i.FD650_START       tm1650.o
    0x0800069e   0x00000018   Code   RO         2750    i.FD650_STOP        tm1650.o
    0x080006b6   0x00000024   Code   RO         2752    i.FD650_send        tm1650.o
    0x080006da   0x00000042   Code   RO         2753    i.FD650_write       tm1650.o
    0x0800071c   0x00000024   Code   RO          355    i.FLASH_MassErase   stm32f0xx_hal_flash_ex.o
    0x08000740   0x00000024   Code   RO          358    i.FLASH_PageErase   stm32f0xx_hal_flash_ex.o
    0x08000764   0x00000020   Code   RO          426    i.FLASH_Program_HalfWord  stm32f0xx_hal_flash.o
    0x08000784   0x00000038   Code   RO          427    i.FLASH_SetErrorCode  stm32f0xx_hal_flash.o
    0x080007bc   0x00000050   Code   RO          428    i.FLASH_WaitForLastOperation  stm32f0xx_hal_flash.o
    0x0800080c   0x00000058   Code   RO         3019    i.FanCtrl_ISR       hotterctrl.o
    0x08000864   0x0000001c   Code   RO         2893    i.Filter_hotterK_adc_ISR  hotter.o
    0x08000880   0x00000090   Code   RO         3360    i.FlshPara_Init     flash.o
    0x08000910   0x00000074   Code   RO         3361    i.FlshPara_Save     flash.o
    0x08000984   0x00000020   Code   RO         2895    i.Get_hotterK_adc   hotter.o
    0x080009a4   0x00000094   Code   RO         2182    i.HAL_ADCEx_Calibration_Start  stm32f0xx_hal_adc_ex.o
    0x08000a38   0x00000110   Code   RO         2209    i.HAL_ADC_ConfigChannel  stm32f0xx_hal_adc.o
    0x08000b48   0x00000006   Code   RO         2216    i.HAL_ADC_GetValue  stm32f0xx_hal_adc.o
    0x08000b4e   0x00000002   PAD
    0x08000b50   0x00000174   Code   RO         2218    i.HAL_ADC_Init      stm32f0xx_hal_adc.o
    0x08000cc4   0x00000040   Code   RO         2539    i.HAL_ADC_MspInit   adc.o
    0x08000d04   0x000000be   Code   RO         2222    i.HAL_ADC_PollForConversion  stm32f0xx_hal_adc.o
    0x08000dc2   0x00000002   PAD
    0x08000dc4   0x0000005c   Code   RO         2224    i.HAL_ADC_Start     stm32f0xx_hal_adc.o
    0x08000e20   0x000000a0   Code   RO          359    i.HAL_FLASHEx_Erase  stm32f0xx_hal_flash_ex.o
    0x08000ec0   0x00000014   Code   RO          432    i.HAL_FLASH_Lock    stm32f0xx_hal_flash.o
    0x08000ed4   0x0000007c   Code   RO          437    i.HAL_FLASH_Program  stm32f0xx_hal_flash.o
    0x08000f50   0x00000024   Code   RO          439    i.HAL_FLASH_Unlock  stm32f0xx_hal_flash.o
    0x08000f74   0x00000020   Code   RO         2504    i.HAL_GPIO_EXTI_Callback  gpio.o
    0x08000f94   0x00000018   Code   RO          124    i.HAL_GPIO_EXTI_IRQHandler  stm32f0xx_hal_gpio.o
    0x08000fac   0x00000148   Code   RO          125    i.HAL_GPIO_Init     stm32f0xx_hal_gpio.o
    0x080010f4   0x0000000a   Code   RO          127    i.HAL_GPIO_ReadPin  stm32f0xx_hal_gpio.o
    0x080010fe   0x0000000c   Code   RO          129    i.HAL_GPIO_WritePin  stm32f0xx_hal_gpio.o
    0x0800110a   0x00000002   PAD
    0x0800110c   0x0000000c   Code   RO          660    i.HAL_GetTick       stm32f0xx_hal.o
    0x08001118   0x00000010   Code   RO          661    i.HAL_IncTick       stm32f0xx_hal.o
    0x08001128   0x00000020   Code   RO          662    i.HAL_Init          stm32f0xx_hal.o
    0x08001148   0x00000022   Code   RO          663    i.HAL_InitTick      stm32f0xx_hal.o
    0x0800116a   0x00000002   PAD
    0x0800116c   0x00000038   Code   RO         2484    i.HAL_MspInit       stm32f0xx_hal_msp.o
    0x080011a4   0x00000014   Code   RO          559    i.HAL_NVIC_EnableIRQ  stm32f0xx_hal_cortex.o
    0x080011b8   0x00000008   Code   RO          563    i.HAL_NVIC_SetPriority  stm32f0xx_hal_cortex.o
    0x080011c0   0x0000012c   Code   RO          264    i.HAL_RCC_ClockConfig  stm32f0xx_hal_rcc.o
    0x080012ec   0x0000000c   Code   RO          269    i.HAL_RCC_GetHCLKFreq  stm32f0xx_hal_rcc.o
    0x080012f8   0x0000007c   Code   RO          272    i.HAL_RCC_GetSysClockFreq  stm32f0xx_hal_rcc.o
    0x08001374   0x00000354   Code   RO          275    i.HAL_RCC_OscConfig  stm32f0xx_hal_rcc.o
    0x080016c8   0x00000018   Code   RO          565    i.HAL_SYSTICK_CLKSourceConfig  stm32f0xx_hal_cortex.o
    0x080016e0   0x00000064   Code   RO         3225    i.HAL_SYSTICK_Callback  msg_task.o
    0x08001744   0x00000030   Code   RO          567    i.HAL_SYSTICK_Config  stm32f0xx_hal_cortex.o
    0x08001774   0x00000008   Code   RO          568    i.HAL_SYSTICK_IRQHandler  stm32f0xx_hal_cortex.o
    0x0800177c   0x00000002   Code   RO         1485    i.HAL_TIMEx_BreakCallback  stm32f0xx_hal_tim_ex.o
    0x0800177e   0x00000002   Code   RO         1486    i.HAL_TIMEx_CommutationCallback  stm32f0xx_hal_tim_ex.o
    0x08001780   0x00000034   Code   RO          858    i.HAL_TIM_Base_Init  stm32f0xx_hal_tim.o
    0x080017b4   0x00000034   Code   RO         2577    i.HAL_TIM_Base_MspInit  tim.o
    0x080017e8   0x00000018   Code   RO          861    i.HAL_TIM_Base_Start  stm32f0xx_hal_tim.o
    0x08001800   0x00000002   Code   RO          887    i.HAL_TIM_IC_CaptureCallback  stm32f0xx_hal_tim.o
    0x08001802   0x00000162   Code   RO          900    i.HAL_TIM_IRQHandler  stm32f0xx_hal_tim.o
    0x08001964   0x00000002   Code   RO          903    i.HAL_TIM_OC_DelayElapsedCallback  stm32f0xx_hal_tim.o
    0x08001966   0x00000002   Code   RO          930    i.HAL_TIM_PWM_PulseFinishedCallback  stm32f0xx_hal_tim.o
    0x08001968   0x00000002   Code   RO         2578    i.HAL_TIM_PeriodElapsedCallback  tim.o
    0x0800196a   0x00000002   Code   RO          941    i.HAL_TIM_TriggerCallback  stm32f0xx_hal_tim.o
    0x0800196c   0x0000001c   Code   RO         2897    i.Heat_hotterK      hotter.o
    0x08001988   0x000000a4   Code   RO         3020    i.HotterCtrl        hotterctrl.o
    0x08001a2c   0x00000010   Code   RO         2902    i.HotterKWorkingState_ISR  hotter.o
    0x08001a3c   0x00000068   Code   RO         2903    i.HotterK_init      hotter.o
    0x08001aa4   0x00000024   Code   RO         2904    i.HotterK_power_on_scan_ISR  hotter.o
    0x08001ac8   0x00000010   Code   RO         2905    i.HotterK_realTemp_ISR  hotter.o
    0x08001ad8   0x0000003a   Code   RO         2906    i.HotterRealTemp_ISR  hotter.o
    0x08001b12   0x0000004c   Code   RO         2907    i.HotterWorkingState_ISR  hotter.o
    0x08001b5e   0x00000002   PAD
    0x08001b60   0x00000058   Code   RO         2540    i.MX_ADC_Init       adc.o
    0x08001bb8   0x000000cc   Code   RO         2505    i.MX_GPIO_Init      gpio.o
    0x08001c84   0x0000002c   Code   RO         2579    i.MX_TIM14_Init     tim.o
    0x08001cb0   0x00000044   Code   RO          569    i.NVIC_SetPriority  stm32f0xx_hal_cortex.o
    0x08001cf4   0x0000002c   Code   RO         2654    i.Rotary_1_init     rotary.o
    0x08001d20   0x00000010   Code   RO         2655    i.Rotary_1_scan_ISR  rotary.o
    0x08001d30   0x000000bc   Code   RO         2656    i.Rotary_scan       rotary.o
    0x08001dec   0x0000000c   Code   RO         2446    i.SysTick_Handler   stm32f0xx_it.o
    0x08001df8   0x00000060   Code   RO         2379    i.SystemClock_Config  main.o
    0x08001e58   0x0000005c   Code   RO         2621    i.SystemInit        system_stm32f0xx_1.o
    0x08001eb4   0x0000003c   Code   RO         3021    i.TEMP_ADJUST_READY_operate  hotterctrl.o
    0x08001ef0   0x0000003c   Code   RO         3022    i.TEMP_ADJUST_WARNING_READY_operate  hotterctrl.o
    0x08001f2c   0x00000014   Code   RO         3023    i.TEMP_ADJUST_WARNING_operate  hotterctrl.o
    0x08001f40   0x00000098   Code   RO         3024    i.TEMP_ADJUST_operate  hotterctrl.o
    0x08001fd8   0x00000016   Code   RO         3025    i.TEMP_ALARM_READY_operate  hotterctrl.o
    0x08001fee   0x00000002   PAD
    0x08001ff0   0x00000068   Code   RO         3026    i.TEMP_ALARM_operate  hotterctrl.o
    0x08002058   0x0000003c   Code   RO         3027    i.TEMP_CHECK_READY_operate  hotterctrl.o
    0x08002094   0x00000024   Code   RO         3028    i.TEMP_CHECK_operate  hotterctrl.o
    0x080020b8   0x00000024   Code   RO         3029    i.TEMP_CTRL_READY_operate  hotterctrl.o
    0x080020dc   0x00000138   Code   RO         3030    i.TEMP_CTRL_operate  hotterctrl.o
    0x08002214   0x00000030   Code   RO         3031    i.TEMP_IDLE_READY_operate  hotterctrl.o
    0x08002244   0x00000010   Code   RO         3032    i.TEMP_IDLE_operate  hotterctrl.o
    0x08002254   0x00000010   Code   RO         3033    i.TEMP_PowerOn_ISR  hotterctrl.o
    0x08002264   0x00000038   Code   RO         3036    i.TEMP_TARGET_SET_READY_operate  hotterctrl.o
    0x0800229c   0x00000090   Code   RO         3037    i.TEMP_TARGET_SET_operate  hotterctrl.o
    0x0800232c   0x0000003c   Code   RO         3038    i.TEMP_TARGET_SHOW_READY_operate  hotterctrl.o
    0x08002368   0x00000014   Code   RO         3039    i.TEMP_TARGET_SHOW_operate  hotterctrl.o
    0x0800237c   0x00000010   Code   RO         2447    i.TIM14_IRQHandler  stm32f0xx_it.o
    0x0800238c   0x00000074   Code   RO          942    i.TIM_Base_SetConfig  stm32f0xx_hal_tim.o
    0x08002400   0x00000026   Code   RO         3228    i.TaskCtrl          msg_task.o
    0x08002426   0x0000003c   Code   RO         3229    i.TaskISR           msg_task.o
    0x08002462   0x00000002   PAD
    0x08002464   0x00000014   Code   RO         3230    i.TaskMainkInit     msg_task.o
    0x08002478   0x00000034   Code   RO         3231    i.TaskProcess       msg_task.o
    0x080024ac   0x00000014   Code   RO         3232    i.TaskSystickInit   msg_task.o
    0x080024c0   0x00000010   Code   RO         3233    i.TaskSystickProcess  msg_task.o
    0x080024d0   0x00000034   Code   RO         2754    i.Tm1650_1_init     tm1650.o
    0x08002504   0x00000010   Code   RO         2755    i.Tm1650_1_show_ISR  tm1650.o
    0x08002514   0x00000010   Code   RO         2757    i.Tm1650_2_show_ISR  tm1650.o
    0x08002524   0x00000120   Code   RO         2758    i.Tm1650_show_ISR   tm1650.o
    0x08002644   0x0000002e   Code   RO         3497    i.__ARM_clz         mf_p.l(depilogue.o)
    0x08002672   0x0000001a   Code   RO         1477    i.__ARM_common_switch8  stm32f0xx_hal_tim.o
    0x0800268c   0x0000000e   Code   RO         3505    i.__scatterload_copy  mc_p.l(handlers.o)
    0x0800269a   0x00000002   Code   RO         3506    i.__scatterload_null  mc_p.l(handlers.o)
    0x0800269c   0x0000000e   Code   RO         3507    i.__scatterload_zeroinit  mc_p.l(handlers.o)
    0x080026aa   0x00000002   PAD
    0x080026ac   0x00000010   Code   RO         3040    i.airKCtrl          hotterctrl.o
    0x080026bc   0x00000010   Code   RO         3041    i.airK_PowerOn_ISR  hotterctrl.o
    0x080026cc   0x000000a4   Code   RO         3042    i.airK_init         hotterctrl.o
    0x08002770   0x00000050   Code   RO         2380    i.main              main.o
    0x080027c0   0x00000018   Code   RO         2707    i.read_button_1     button.o
    0x080027d8   0x0000000e   Code   RO         2657    i.read_rotary_a     rotary.o
    0x080027e6   0x0000000e   Code   RO         2658    i.read_rotary_b     rotary.o
    0x080027f4   0x00000010   Code   RO         2759    i.tm1650_clk_1      tm1650.o
    0x08002804   0x00000010   Code   RO         2761    i.tm1650_dio_1      tm1650.o
    0x08002814   0x0000001a   Code   RO         2763    i.tm1650_read_dio_1  tm1650.o
    0x0800282e   0x00000010   Data   RO         2622    .constdata          system_stm32f0xx_1.o
    0x0800283e   0x0000000e   Data   RO         2766    .constdata          tm1650.o
    0x0800284c   0x00000004   Data   RO         2768    .constdata          tm1650.o
    0x08002850   0x00000004   Data   RO         2769    .constdata          tm1650.o
    0x08002854   0x00000004   Data   RO         2771    .constdata          tm1650.o
    0x08002858   0x00000004   Data   RO         2772    .constdata          tm1650.o
    0x0800285c   0x0000000a   Data   RO         3363    .constdata          flash.o
    0x08002866   0x00000002   PAD
    0x08002868   0x00000020   Data   RO         3503    Region$$Table       anon$$obj.o


    Execution Region RW_IRAM1 (Base: 0x20000000, Size: 0x000007a8, Max: 0x00001000, ABSOLUTE)

    Base Addr    Size         Type   Attr      Idx    E Section Name        Object

    0x20000000   0x00000004   Data   RW          668    .data               stm32f0xx_hal.o
    0x20000004   0x00000004   Data   RW         2624    .data               system_stm32f0xx_1.o
    0x20000008   0x00000002   Data   RW         2909    .data               hotter.o
    0x2000000a   0x00000002   PAD
    0x2000000c   0x000000d0   Data   RW         3235    .data               msg_task.o
    0x200000dc   0x00000004   PAD
    0x200000e0   0x00000020   Zero   RW          440    .bss                stm32f0xx_hal_flash.o
    0x20000100   0x0000004c   Zero   RW         2541    .bss                adc.o
    0x2000014c   0x0000003c   Zero   RW         2580    .bss                tim.o
    0x20000188   0x00000014   Zero   RW         2659    .bss                rotary.o
    0x2000019c   0x00000010   Zero   RW         2708    .bss                button.o
    0x200001ac   0x00000048   Zero   RW         2765    .bss                tm1650.o
    0x200001f4   0x00000060   Zero   RW         2908    .bss                hotter.o
    0x20000254   0x00000014   Zero   RW         3043    .bss                hotterctrl.o
    0x20000268   0x00000018   Zero   RW         3234    .bss                msg_task.o
    0x20000280   0x0000010c   Zero   RW         3328    .bss                adc_filter.o
    0x2000038c   0x00000016   Zero   RW         3362    .bss                flash.o
    0x200003a2   0x00000006   PAD
    0x200003a8   0x00000400   Zero   RW            1    STACK               startup_stm32f030x6_1.o


==============================================================================

Image component sizes


      Code (inc. data)   RO Data    RW Data    ZI Data      Debug   Object Name

       152         18          0          0         76       1451   adc.o
        90          4          0          0        268       1953   adc_filter.o
       170         16          0          0         16       2760   button.o
       260         36         10          0         22       3194   flash.o
       236         26          0          0          0       1372   gpio.o
       394         54          0          2         96       6051   hotter.o
      1670        142          0          0         20      16503   hotterctrl.o
       178         14          0          0          0       1812   main.o
       306         34          0        208         24       6345   msg_task.o
       276         20          0          0         20       3293   rotary.o
        28          8        176          0       1024        604   startup_stm32f030x6_1.o
        94         18          0          4          0       2899   stm32f0xx_hal.o
      1064         46          0          0          0       5506   stm32f0xx_hal_adc.o
       148          0          0          0          0       1254   stm32f0xx_hal_adc_ex.o
       176         28          0          0          0       9856   stm32f0xx_hal_cortex.o
       348         54          0          0         32       4502   stm32f0xx_hal_flash.o
       232         30          0          0          0       2965   stm32f0xx_hal_flash_ex.o
       374         32          0          0          0       3494   stm32f0xx_hal_gpio.o
        56          6          0          0          0        758   stm32f0xx_hal_msp.o
         0          0          0          0          0     254892   stm32f0xx_hal_pwr_ex.o
      1288         86          0          0          0       4310   stm32f0xx_hal_rcc.o
       580         22          0          0          0       6142   stm32f0xx_hal_tim.o
         4          0          0          0          0       1518   stm32f0xx_hal_tim_ex.o
        38          6          0          0          0       1258   stm32f0xx_it.o
        92         14         16          4          0       1291   system_stm32f0xx_1.o
        98         16          0          0         60       1804   tim.o
       586         34         30          0         72       7355   tm1650.o

    ----------------------------------------------------------------------
      8956        764        266        220       1740     355142   Object Totals
         0          0         32          0          0          0   (incl. Generated)
        18          0          2          2         10          0   (incl. Padding)

    ----------------------------------------------------------------------

      Code (inc. data)   RO Data    RW Data    ZI Data      Debug   Library Member Name

         0          0          0          0          0          0   entry.o
         0          0          0          0          0          0   entry10a.o
         0          0          0          0          0          0   entry11a.o
         8          4          0          0          0          0   entry2.o
         4          0          0          0          0          0   entry5.o
         0          0          0          0          0          0   entry7b.o
         0          0          0          0          0          0   entry8b.o
         8          4          0          0          0          0   entry9a.o
        30          0          0          0          0          0   handlers.o
        40          0          0          0          0         72   idiv.o
        36          8          0          0          0         68   init.o
         0          0          0          0          0          0   iusefp.o
        32          0          0          0          0         68   llshl.o
        34          0          0          0          0         68   llushr.o
        36          0          0          0          0         60   memcpya.o
        44          0          0          0          0         72   uidiv.o
        40          2          0          0          0         68   cdcmple.o
       236          0          0          0          0        216   depilogue.o
        60         10          0          0          0         68   dfixui.o
        40          6          0          0          0         68   dflti.o
       178          0          0          0          0        108   fadd.o
       130          0          0          0          0        144   fepilogue.o
        50          0          0          0          0         60   ffixi.o
        22          0          0          0          0         68   fflti.o
       122          0          0          0          0         72   fmul.o

    ----------------------------------------------------------------------
      1154         34          0          0          0       1280   Library Totals
         4          0          0          0          0          0   (incl. Padding)

    ----------------------------------------------------------------------

      Code (inc. data)   RO Data    RW Data    ZI Data      Debug   Library Name

       272         16          0          0          0        408   mc_p.l
       878         18          0          0          0        872   mf_p.l

    ----------------------------------------------------------------------
      1154         34          0          0          0       1280   Library Totals

    ----------------------------------------------------------------------

==============================================================================


      Code (inc. data)   RO Data    RW Data    ZI Data      Debug   

     10110        798        266        220       1740     350802   Grand Totals
     10110        798        266        220       1740     350802   ELF Image Totals
     10110        798        266        220          0          0   ROM Totals

==============================================================================

    Total RO  Size (Code + RO Data)                10376 (  10.13kB)
    Total RW  Size (RW Data + ZI Data)              1960 (   1.91kB)
    Total ROM Size (Code + RO Data + RW Data)      10596 (  10.35kB)

==============================================================================

