<html>
<body>
<pre>
<h1>µVision Build Log</h1>
<h2>Tool Versions:</h2>
IDE-Version: ¦ÌVision V5.17.0.0
Copyright (C) 2015 ARM Ltd and ARM Germany GmbH. All rights reserved.
License Information: zhang tengwei, ztw, LIC=YA3CX-HLWD4-CX7U6-DLLUF-AINFQ-K250W
 
Tool Versions:
Toolchain:       MDK-ARM Standard  Version: 5.17
Toolchain Path:  C:\Keil_v5\ARM\ARMCC\Bin
C Compiler:      Armcc.exe V5.06 update 1 (build 61)
Assembler:       Armasm.exe V5.06 update 1 (build 61)
Linker/Locator:  ArmLink.exe V5.06 update 1 (build 61)
Library Manager: ArmAr.exe V5.06 update 1 (build 61)
Hex Converter:   FromElf.exe V5.06 update 1 (build 61)
CPU DLL:         SARMCM3.DLL V5.17
Dialog DLL:      DARMCM1.DLL V1.12.0.0
Target DLL:      STLink\ST-LINKIII-KEIL_SWO.dll V2.0.18.0
Dialog DLL:      TARMCM1.DLL V1.9.0.0
 
<h2>Project:</h2>
C:\Users\wolf\Desktop\8586S\MDK-ARM\MEMU.uvprojx
Project File Date:  07/19/2016

<h2>Output:</h2>
*** Using Compiler 'V5.06 update 1 (build 61)', folder: 'C:\Keil_v5\ARM\ARMCC\Bin'
Rebuild target 'MEMU'
assembling startup_stm32f030x6.s...
compiling stm32f0xx_hal_pwr_ex.c...
compiling stm32f0xx_hal_gpio.c...
compiling stm32f0xx_hal_dma.c...
compiling stm32f0xx_hal_flash_ex.c...
compiling stm32f0xx_hal_rcc.c...
compiling stm32f0xx_hal_flash.c...
compiling stm32f0xx_hal_cortex.c...
compiling stm32f0xx_hal_rcc_ex.c...
compiling stm32f0xx_hal.c...
compiling stm32f0xx_hal_pwr.c...
compiling stm32f0xx_hal_tim_ex.c...
compiling stm32f0xx_hal_tim.c...
compiling stm32f0xx_hal_i2c_ex.c...
compiling stm32f0xx_hal_adc_ex.c...
compiling stm32f0xx_hal_i2c.c...
compiling stm32f0xx_hal_adc.c...
compiling main.c...
compiling stm32f0xx_it.c...
compiling stm32f0xx_hal_msp.c...
compiling gpio.c...
compiling adc.c...
compiling tim.c...
compiling system_stm32f0xx.c...
compiling rotary.c...
compiling button.c...
compiling tm1650.c...
compiling hotter.c...
compiling hotterctrl.c...
compiling msg_task.c...
compiling adc_filter.c...
compiling flash.c...
compiling PID.c...
linking...
Program Size: Code=9848 RO-data=260 RW-data=196 ZI-data=1620  
FromELF: creating hex file...
"MEMU\MEMU.axf" - 0 Error(s), 0 Warning(s).

<h2>Software Packages used:</h2>

Package Vendor: ARM
                http://www.keil.com/pack/ARM.CMSIS.4.5.0.pack
                ARM::CMSIS:CORE:4.3.0
                CMSIS (Cortex Microcontroller Software Interface Standard)
   * Component: CORE Version: 4.3.0

<h2>Collection of Component include folders:</h2>
  C:\Users\wolf\Desktop\8586S\MDK-ARM\RTE
  C:\Keil_v5\ARM\PACK\ARM\CMSIS\4.5.0\CMSIS\Include
  C:\Keil_v5\ARM\PACK\Keil\STM32F0xx_DFP\1.5.0\Device\Include

<h2>Collection of Component Files used:</h2>

   * Component: ARM::CMSIS:CORE:4.3.0
Build Time Elapsed:  00:00:11
</pre>
</body>
</html>
