Component: ARM Compiler 5.06 update 1 (build 61) Tool: armlink [4d35a8]

==============================================================================

Section Cross References

    startup_stm32f030x6_1.o(RESET) refers to startup_stm32f030x6_1.o(STACK) for __initial_sp
    startup_stm32f030x6_1.o(RESET) refers to startup_stm32f030x6_1.o(.text) for Reset_Handler
    startup_stm32f030x6_1.o(RESET) refers to stm32f0xx_it.o(i.SysTick_Handler) for SysTick_Handler
    startup_stm32f030x6_1.o(RESET) refers to stm32f0xx_it.o(i.EXTI0_1_IRQHandler) for EXTI0_1_IRQHandler
    startup_stm32f030x6_1.o(RESET) refers to stm32f0xx_it.o(i.TIM14_IRQHandler) for TIM14_IRQHandler
    startup_stm32f030x6_1.o(.text) refers to system_stm32f0xx.o(i.SystemInit) for SystemInit
    startup_stm32f030x6_1.o(.text) refers to entry.o(.ARM.Collect$$$$00000000) for __main
    stm32f0xx_hal_gpio.o(i.HAL_GPIO_EXTI_IRQHandler) refers to gpio.o(i.HAL_GPIO_EXTI_Callback) for HAL_GPIO_EXTI_Callback
    stm32f0xx_hal_dma.o(i.HAL_DMA_Abort) refers to stm32f0xx_hal.o(i.HAL_GetTick) for HAL_GetTick
    stm32f0xx_hal_dma.o(i.HAL_DMA_PollForTransfer) refers to stm32f0xx_hal.o(i.HAL_GetTick) for HAL_GetTick
    stm32f0xx_hal_dma.o(i.HAL_DMA_Start) refers to stm32f0xx_hal_dma.o(i.DMA_SetConfig) for DMA_SetConfig
    stm32f0xx_hal_dma.o(i.HAL_DMA_Start_IT) refers to stm32f0xx_hal_dma.o(i.DMA_SetConfig) for DMA_SetConfig
    stm32f0xx_hal_rcc.o(i.HAL_RCC_ClockConfig) refers to stm32f0xx_hal.o(i.HAL_GetTick) for HAL_GetTick
    stm32f0xx_hal_rcc.o(i.HAL_RCC_ClockConfig) refers to stm32f0xx_hal.o(i.HAL_InitTick) for HAL_InitTick
    stm32f0xx_hal_rcc.o(i.HAL_RCC_GetHCLKFreq) refers to stm32f0xx_hal_rcc.o(i.HAL_RCC_GetSysClockFreq) for HAL_RCC_GetSysClockFreq
    stm32f0xx_hal_rcc.o(i.HAL_RCC_GetHCLKFreq) refers to stm32f0xx_hal_rcc.o(.constdata) for .constdata
    stm32f0xx_hal_rcc.o(i.HAL_RCC_GetHCLKFreq) refers to system_stm32f0xx.o(.data) for SystemCoreClock
    stm32f0xx_hal_rcc.o(i.HAL_RCC_GetPCLK1Freq) refers to stm32f0xx_hal_rcc.o(i.HAL_RCC_GetHCLKFreq) for HAL_RCC_GetHCLKFreq
    stm32f0xx_hal_rcc.o(i.HAL_RCC_GetPCLK1Freq) refers to stm32f0xx_hal_rcc.o(.constdata) for .constdata
    stm32f0xx_hal_rcc.o(i.HAL_RCC_GetSysClockFreq) refers to uidiv.o(.text) for __aeabi_uidivmod
    stm32f0xx_hal_rcc.o(i.HAL_RCC_MCOConfig) refers to memseta.o(.text) for __aeabi_memclr4
    stm32f0xx_hal_rcc.o(i.HAL_RCC_MCOConfig) refers to stm32f0xx_hal_gpio.o(i.HAL_GPIO_Init) for HAL_GPIO_Init
    stm32f0xx_hal_rcc.o(i.HAL_RCC_NMI_IRQHandler) refers to stm32f0xx_hal_rcc.o(i.HAL_RCC_CSSCallback) for HAL_RCC_CSSCallback
    stm32f0xx_hal_rcc.o(i.HAL_RCC_OscConfig) refers to stm32f0xx_hal.o(i.HAL_GetTick) for HAL_GetTick
    stm32f0xx_hal_flash_ex.o(i.FLASH_MassErase) refers to stm32f0xx_hal_flash.o(.bss) for pFlash
    stm32f0xx_hal_flash_ex.o(i.FLASH_OB_RDP_LevelConfig) refers to stm32f0xx_hal_flash.o(i.FLASH_WaitForLastOperation) for FLASH_WaitForLastOperation
    stm32f0xx_hal_flash_ex.o(i.FLASH_OB_RDP_LevelConfig) refers to stm32f0xx_hal_flash.o(.bss) for pFlash
    stm32f0xx_hal_flash_ex.o(i.FLASH_PageErase) refers to stm32f0xx_hal_flash.o(.bss) for pFlash
    stm32f0xx_hal_flash_ex.o(i.HAL_FLASHEx_Erase) refers to stm32f0xx_hal_flash.o(i.FLASH_WaitForLastOperation) for FLASH_WaitForLastOperation
    stm32f0xx_hal_flash_ex.o(i.HAL_FLASHEx_Erase) refers to stm32f0xx_hal_flash_ex.o(i.FLASH_MassErase) for FLASH_MassErase
    stm32f0xx_hal_flash_ex.o(i.HAL_FLASHEx_Erase) refers to stm32f0xx_hal_flash_ex.o(i.FLASH_PageErase) for FLASH_PageErase
    stm32f0xx_hal_flash_ex.o(i.HAL_FLASHEx_Erase) refers to stm32f0xx_hal_flash.o(.bss) for pFlash
    stm32f0xx_hal_flash_ex.o(i.HAL_FLASHEx_Erase_IT) refers to stm32f0xx_hal_flash_ex.o(i.FLASH_PageErase) for FLASH_PageErase
    stm32f0xx_hal_flash_ex.o(i.HAL_FLASHEx_Erase_IT) refers to stm32f0xx_hal_flash_ex.o(i.FLASH_MassErase) for FLASH_MassErase
    stm32f0xx_hal_flash_ex.o(i.HAL_FLASHEx_Erase_IT) refers to stm32f0xx_hal_flash.o(.bss) for pFlash
    stm32f0xx_hal_flash_ex.o(i.HAL_FLASHEx_OBErase) refers to stm32f0xx_hal_flash_ex.o(i.FLASH_OB_GetRDP) for FLASH_OB_GetRDP
    stm32f0xx_hal_flash_ex.o(i.HAL_FLASHEx_OBErase) refers to stm32f0xx_hal_flash.o(i.FLASH_WaitForLastOperation) for FLASH_WaitForLastOperation
    stm32f0xx_hal_flash_ex.o(i.HAL_FLASHEx_OBErase) refers to stm32f0xx_hal_flash_ex.o(i.FLASH_OB_RDP_LevelConfig) for FLASH_OB_RDP_LevelConfig
    stm32f0xx_hal_flash_ex.o(i.HAL_FLASHEx_OBErase) refers to stm32f0xx_hal_flash.o(.bss) for pFlash
    stm32f0xx_hal_flash_ex.o(i.HAL_FLASHEx_OBGetConfig) refers to stm32f0xx_hal_flash_ex.o(i.FLASH_OB_GetRDP) for FLASH_OB_GetRDP
    stm32f0xx_hal_flash_ex.o(i.HAL_FLASHEx_OBProgram) refers to stm32f0xx_hal_flash.o(i.FLASH_WaitForLastOperation) for FLASH_WaitForLastOperation
    stm32f0xx_hal_flash_ex.o(i.HAL_FLASHEx_OBProgram) refers to stm32f0xx_hal_flash_ex.o(i.HAL_FLASHEx_OBErase) for HAL_FLASHEx_OBErase
[...]
    Removing stm32f0xx_hal_pwr.o(.rev16_text), (4 bytes).
    Removing stm32f0xx_hal_pwr.o(.revsh_text), (4 bytes).
    Removing stm32f0xx_hal_pwr.o(i.HAL_PWR_DeInit), (24 bytes).
    Removing stm32f0xx_hal_pwr.o(i.HAL_PWR_DisableBkUpAccess), (16 bytes).
    Removing stm32f0xx_hal_pwr.o(i.HAL_PWR_DisableSEVOnPend), (16 bytes).
    Removing stm32f0xx_hal_pwr.o(i.HAL_PWR_DisableSleepOnExit), (16 bytes).
    Removing stm32f0xx_hal_pwr.o(i.HAL_PWR_DisableWakeUpPin), (20 bytes).
    Removing stm32f0xx_hal_pwr.o(i.HAL_PWR_EnableBkUpAccess), (16 bytes).
    Removing stm32f0xx_hal_pwr.o(i.HAL_PWR_EnableSEVOnPend), (16 bytes).
    Removing stm32f0xx_hal_pwr.o(i.HAL_PWR_EnableSleepOnExit), (16 bytes).
    Removing stm32f0xx_hal_pwr.o(i.HAL_PWR_EnableWakeUpPin), (20 bytes).
    Removing stm32f0xx_hal_pwr.o(i.HAL_PWR_EnterSLEEPMode), (32 bytes).
    Removing stm32f0xx_hal_pwr.o(i.HAL_PWR_EnterSTANDBYMode), (32 bytes).
    Removing stm32f0xx_hal_pwr.o(i.HAL_PWR_EnterSTOPMode), (52 bytes).
    Removing stm32f0xx_hal_tim.o(.rev16_text), (4 bytes).
    Removing stm32f0xx_hal_tim.o(.revsh_text), (4 bytes).
    Removing stm32f0xx_hal_tim.o(i.HAL_TIM_Base_DeInit), (52 bytes).
    Removing stm32f0xx_hal_tim.o(i.HAL_TIM_Base_GetState), (6 bytes).
    Removing stm32f0xx_hal_tim.o(i.HAL_TIM_Base_MspDeInit), (2 bytes).
    Removing stm32f0xx_hal_tim.o(i.HAL_TIM_Base_MspInit), (2 bytes).
    Removing stm32f0xx_hal_tim.o(i.HAL_TIM_Base_Start_DMA), (100 bytes).
    Removing stm32f0xx_hal_tim.o(i.HAL_TIM_Base_Start_IT), (22 bytes).
    Removing stm32f0xx_hal_tim.o(i.HAL_TIM_Base_Stop), (48 bytes).
    Removing stm32f0xx_hal_tim.o(i.HAL_TIM_Base_Stop_DMA), (52 bytes).
    Removing stm32f0xx_hal_tim.o(i.HAL_TIM_Base_Stop_IT), (44 bytes).
    Removing stm32f0xx_hal_tim.o(i.HAL_TIM_ConfigClockSource), (236 bytes).
    Removing stm32f0xx_hal_tim.o(i.HAL_TIM_ConfigOCrefClear), (188 bytes).
    Removing stm32f0xx_hal_tim.o(i.HAL_TIM_ConfigTI1Input), (16 bytes).
    Removing stm32f0xx_hal_tim.o(i.HAL_TIM_DMABurst_ReadStart), (268 bytes).
    Removing stm32f0xx_hal_tim.o(i.HAL_TIM_DMABurst_ReadStop), (100 bytes).
    Removing stm32f0xx_hal_tim.o(i.HAL_TIM_DMABurst_WriteStart), (268 bytes).
    Removing stm32f0xx_hal_tim.o(i.HAL_TIM_DMABurst_WriteStop), (100 bytes).
    Removing stm32f0xx_hal_tim.o(i.HAL_TIM_Encoder_DeInit), (52 bytes).
    Removing stm32f0xx_hal_tim.o(i.HAL_TIM_Encoder_GetState), (6 bytes).
    Removing stm32f0xx_hal_tim.o(i.HAL_TIM_Encoder_Init), (152 bytes).
    Removing stm32f0xx_hal_tim.o(i.HAL_TIM_Encoder_MspDeInit), (2 bytes).
    Removing stm32f0xx_hal_tim.o(i.HAL_TIM_Encoder_MspInit), (2 bytes).
    Removing stm32f0xx_hal_tim.o(i.HAL_TIM_Encoder_Start), (52 bytes).
    Removing stm32f0xx_hal_tim.o(i.HAL_TIM_Encoder_Start_DMA), (284 bytes).
    Removing stm32f0xx_hal_tim.o(i.HAL_TIM_Encoder_Start_IT), (92 bytes).
    Removing stm32f0xx_hal_tim.o(i.HAL_TIM_Encoder_Stop), (72 bytes).
    Removing stm32f0xx_hal_tim.o(i.HAL_TIM_Encoder_Stop_DMA), (120 bytes).
    Removing stm32f0xx_hal_tim.o(i.HAL_TIM_Encoder_Stop_IT), (120 bytes).
    Removing stm32f0xx_hal_tim.o(i.HAL_TIM_ErrorCallback), (2 bytes).
    Removing stm32f0xx_hal_tim.o(i.HAL_TIM_GenerateEvent), (36 bytes).
    Removing stm32f0xx_hal_tim.o(i.HAL_TIM_IC_ConfigChannel), (286 bytes).
    Removing stm32f0xx_hal_tim.o(i.HAL_TIM_IC_DeInit), (52 bytes).
    Removing stm32f0xx_hal_tim.o(i.HAL_TIM_IC_GetState), (6 bytes).
    Removing stm32f0xx_hal_tim.o(i.HAL_TIM_IC_Init), (52 bytes).
    Removing stm32f0xx_hal_tim.o(i.HAL_TIM_IC_MspDeInit), (2 bytes).
    Removing stm32f0xx_hal_tim.o(i.HAL_TIM_IC_MspInit), (2 bytes).
    Removing stm32f0xx_hal_tim.o(i.HAL_TIM_IC_Start), (26 bytes).
    Removing stm32f0xx_hal_tim.o(i.HAL_TIM_IC_Start_DMA), (212 bytes).
    Removing stm32f0xx_hal_tim.o(i.HAL_TIM_IC_Start_IT), (72 bytes).
    Removing stm32f0xx_hal_tim.o(i.HAL_TIM_IC_Stop), (48 bytes).
    Removing stm32f0xx_hal_tim.o(i.HAL_TIM_IC_Stop_DMA), (108 bytes).
    Removing stm32f0xx_hal_tim.o(i.HAL_TIM_IC_Stop_IT), (92 bytes).
    Removing stm32f0xx_hal_tim.o(i.HAL_TIM_OC_ConfigChannel), (80 bytes).
    Removing stm32f0xx_hal_tim.o(i.HAL_TIM_OC_DeInit), (52 bytes).
    Removing stm32f0xx_hal_tim.o(i.HAL_TIM_OC_GetState), (6 bytes).
    Removing stm32f0xx_hal_tim.o(i.HAL_TIM_OC_Init), (52 bytes).
    Removing stm32f0xx_hal_tim.o(i.HAL_TIM_OC_MspDeInit), (2 bytes).
    Removing stm32f0xx_hal_tim.o(i.HAL_TIM_OC_MspInit), (2 bytes).
    Removing stm32f0xx_hal_tim.o(i.HAL_TIM_OC_Start), (68 bytes).
    Removing stm32f0xx_hal_tim.o(i.HAL_TIM_OC_Start_DMA), (264 bytes).
    Removing stm32f0xx_hal_tim.o(i.HAL_TIM_OC_Start_IT), (116 bytes).
    Removing stm32f0xx_hal_tim.o(i.HAL_TIM_OC_Stop), (100 bytes).
    Removing stm32f0xx_hal_tim.o(i.HAL_TIM_OC_Stop_DMA), (160 bytes).
    Removing stm32f0xx_hal_tim.o(i.HAL_TIM_OC_Stop_IT), (148 bytes).
    Removing stm32f0xx_hal_tim.o(i.HAL_TIM_OnePulse_ConfigChannel), (214 bytes).
    Removing stm32f0xx_hal_tim.o(i.HAL_TIM_OnePulse_DeInit), (52 bytes).
    Removing stm32f0xx_hal_tim.o(i.HAL_TIM_OnePulse_GetState), (6 bytes).
    Removing stm32f0xx_hal_tim.o(i.HAL_TIM_OnePulse_Init), (72 bytes).
    Removing stm32f0xx_hal_tim.o(i.HAL_TIM_OnePulse_MspDeInit), (2 bytes).
    Removing stm32f0xx_hal_tim.o(i.HAL_TIM_OnePulse_MspInit), (2 bytes).
    Removing stm32f0xx_hal_tim.o(i.HAL_TIM_OnePulse_Start), (72 bytes).
    Removing stm32f0xx_hal_tim.o(i.HAL_TIM_OnePulse_Start_IT), (92 bytes).
    Removing stm32f0xx_hal_tim.o(i.HAL_TIM_OnePulse_Stop), (112 bytes).
    Removing stm32f0xx_hal_tim.o(i.HAL_TIM_OnePulse_Stop_IT), (132 bytes).
    Removing stm32f0xx_hal_tim.o(i.HAL_TIM_PWM_ConfigChannel), (208 bytes).
    Removing stm32f0xx_hal_tim.o(i.HAL_TIM_PWM_DeInit), (52 bytes).
    Removing stm32f0xx_hal_tim.o(i.HAL_TIM_PWM_GetState), (6 bytes).
    Removing stm32f0xx_hal_tim.o(i.HAL_TIM_PWM_Init), (52 bytes).
    Removing stm32f0xx_hal_tim.o(i.HAL_TIM_PWM_MspDeInit), (2 bytes).
    Removing stm32f0xx_hal_tim.o(i.HAL_TIM_PWM_MspInit), (2 bytes).
    Removing stm32f0xx_hal_tim.o(i.HAL_TIM_PWM_Start), (68 bytes).
    Removing stm32f0xx_hal_tim.o(i.HAL_TIM_PWM_Start_DMA), (264 bytes).
    Removing stm32f0xx_hal_tim.o(i.HAL_TIM_PWM_Start_IT), (116 bytes).
    Removing stm32f0xx_hal_tim.o(i.HAL_TIM_PWM_Stop), (108 bytes).
    Removing stm32f0xx_hal_tim.o(i.HAL_TIM_PWM_Stop_DMA), (160 bytes).
    Removing stm32f0xx_hal_tim.o(i.HAL_TIM_PWM_Stop_IT), (148 bytes).
    Removing stm32f0xx_hal_tim.o(i.HAL_TIM_PeriodElapsedCallback), (2 bytes).
    Removing stm32f0xx_hal_tim.o(i.HAL_TIM_ReadCapturedValue), (70 bytes).
    Removing stm32f0xx_hal_tim.o(i.HAL_TIM_SlaveConfigSynchronization), (60 bytes).
    Removing stm32f0xx_hal_tim.o(i.HAL_TIM_SlaveConfigSynchronization_IT), (60 bytes).
    Removing stm32f0xx_hal_tim.o(i.TIM_CCxChannelCmd), (22 bytes).
    Removing stm32f0xx_hal_tim.o(i.TIM_DMACaptureCplt), (62 bytes).
    Removing stm32f0xx_hal_tim.o(i.TIM_DMADelayPulseCplt), (62 bytes).
    Removing stm32f0xx_hal_tim.o(i.TIM_DMAError), (16 bytes).
    Removing stm32f0xx_hal_tim.o(i.TIM_DMAPeriodElapsedCplt), (16 bytes).
    Removing stm32f0xx_hal_tim.o(i.TIM_DMATriggerCplt), (16 bytes).
    Removing stm32f0xx_hal_tim.o(i.TIM_ETR_SetConfig), (22 bytes).
    Removing stm32f0xx_hal_tim.o(i.TIM_ITRx_SetConfig), (16 bytes).
    Removing stm32f0xx_hal_tim.o(i.TIM_OC1_SetConfig), (120 bytes).
    Removing stm32f0xx_hal_tim.o(i.TIM_OC2_SetConfig), (120 bytes).
    Removing stm32f0xx_hal_tim.o(i.TIM_OC3_SetConfig), (124 bytes).
    Removing stm32f0xx_hal_tim.o(i.TIM_OC4_SetConfig), (100 bytes).
    Removing stm32f0xx_hal_tim.o(i.TIM_SlaveTimer_SetConfig), (122 bytes).
    Removing stm32f0xx_hal_tim.o(i.TIM_TI1_ConfigInputStage), (34 bytes).
    Removing stm32f0xx_hal_tim.o(i.TIM_TI1_SetConfig), (68 bytes).
    Removing stm32f0xx_hal_tim.o(i.TIM_TI2_ConfigInputStage), (38 bytes).
    Removing stm32f0xx_hal_tim.o(i.TIM_TI2_SetConfig), (52 bytes).
    Removing stm32f0xx_hal_tim_ex.o(.rev16_text), (4 bytes).
    Removing stm32f0xx_hal_tim_ex.o(.revsh_text), (4 bytes).
    Removing stm32f0xx_hal_tim_ex.o(i.HAL_TIMEx_ConfigBreakDeadTime), (60 bytes).
    Removing stm32f0xx_hal_tim_ex.o(i.HAL_TIMEx_ConfigCommutationEvent), (88 bytes).
    Removing stm32f0xx_hal_tim_ex.o(i.HAL_TIMEx_ConfigCommutationEvent_DMA), (120 bytes).
    Removing stm32f0xx_hal_tim_ex.o(i.HAL_TIMEx_ConfigCommutationEvent_IT), (98 bytes).
    Removing stm32f0xx_hal_tim_ex.o(i.HAL_TIMEx_HallSensor_DeInit), (52 bytes).
    Removing stm32f0xx_hal_tim_ex.o(i.HAL_TIMEx_HallSensor_GetState), (6 bytes).
    Removing stm32f0xx_hal_tim_ex.o(i.HAL_TIMEx_HallSensor_Init), (184 bytes).
    Removing stm32f0xx_hal_tim_ex.o(i.HAL_TIMEx_HallSensor_MspDeInit), (2 bytes).
    Removing stm32f0xx_hal_tim_ex.o(i.HAL_TIMEx_HallSensor_MspInit), (2 bytes).
    Removing stm32f0xx_hal_tim_ex.o(i.HAL_TIMEx_HallSensor_Start), (28 bytes).
    Removing stm32f0xx_hal_tim_ex.o(i.HAL_TIMEx_HallSensor_Start_DMA), (116 bytes).
    Removing stm32f0xx_hal_tim_ex.o(i.HAL_TIMEx_HallSensor_Start_IT), (38 bytes).
    Removing stm32f0xx_hal_tim_ex.o(i.HAL_TIMEx_HallSensor_Stop), (48 bytes).
    Removing stm32f0xx_hal_tim_ex.o(i.HAL_TIMEx_HallSensor_Stop_DMA), (60 bytes).
    Removing stm32f0xx_hal_tim_ex.o(i.HAL_TIMEx_HallSensor_Stop_IT), (60 bytes).
    Removing stm32f0xx_hal_tim_ex.o(i.HAL_TIMEx_MasterConfigSynchronization), (72 bytes).
    Removing stm32f0xx_hal_tim_ex.o(i.HAL_TIMEx_OCN_Start), (38 bytes).
    Removing stm32f0xx_hal_tim_ex.o(i.HAL_TIMEx_OCN_Start_DMA), (232 bytes).
    Removing stm32f0xx_hal_tim_ex.o(i.HAL_TIMEx_OCN_Start_IT), (94 bytes).
    Removing stm32f0xx_hal_tim_ex.o(i.HAL_TIMEx_OCN_Stop), (76 bytes).
    Removing stm32f0xx_hal_tim_ex.o(i.HAL_TIMEx_OCN_Stop_DMA), (136 bytes).
    Removing stm32f0xx_hal_tim_ex.o(i.HAL_TIMEx_OCN_Stop_IT), (136 bytes).
    Removing stm32f0xx_hal_tim_ex.o(i.HAL_TIMEx_OnePulseN_Start), (28 bytes).
    Removing stm32f0xx_hal_tim_ex.o(i.HAL_TIMEx_OnePulseN_Start_IT), (48 bytes).
    Removing stm32f0xx_hal_tim_ex.o(i.HAL_TIMEx_OnePulseN_Stop), (76 bytes).
    Removing stm32f0xx_hal_tim_ex.o(i.HAL_TIMEx_OnePulseN_Stop_IT), (96 bytes).
    Removing stm32f0xx_hal_tim_ex.o(i.HAL_TIMEx_PWMN_Start), (38 bytes).
    Removing stm32f0xx_hal_tim_ex.o(i.HAL_TIMEx_PWMN_Start_DMA), (232 bytes).
    Removing stm32f0xx_hal_tim_ex.o(i.HAL_TIMEx_PWMN_Start_IT), (94 bytes).
    Removing stm32f0xx_hal_tim_ex.o(i.HAL_TIMEx_PWMN_Stop), (76 bytes).
    Removing stm32f0xx_hal_tim_ex.o(i.HAL_TIMEx_PWMN_Stop_DMA), (136 bytes).
    Removing stm32f0xx_hal_tim_ex.o(i.HAL_TIMEx_PWMN_Stop_IT), (136 bytes).
    Removing stm32f0xx_hal_tim_ex.o(i.HAL_TIMEx_RemapConfig), (30 bytes).
    Removing stm32f0xx_hal_tim_ex.o(i.TIMEx_DMACommutationCplt), (16 bytes).
    Removing stm32f0xx_hal_tim_ex.o(i.TIM_CCxNChannelCmd), (22 bytes).
    Removing stm32f0xx_hal_i2c_ex.o(.rev16_text), (4 bytes).
    Removing stm32f0xx_hal_i2c_ex.o(.revsh_text), (4 bytes).
    Removing stm32f0xx_hal_i2c_ex.o(i.HAL_I2CEx_ConfigAnalogFilter), (74 bytes).
    Removing stm32f0xx_hal_i2c_ex.o(i.HAL_I2CEx_ConfigDigitalFilter), (72 bytes).
    Removing stm32f0xx_hal_i2c_ex.o(i.HAL_I2CEx_DisableFastModePlus), (36 bytes).
    Removing stm32f0xx_hal_i2c_ex.o(i.HAL_I2CEx_EnableFastModePlus), (36 bytes).
    Removing stm32f0xx_hal_i2c.o(.rev16_text), (4 bytes).
    Removing stm32f0xx_hal_i2c.o(.revsh_text), (4 bytes).
    Removing stm32f0xx_hal_i2c.o(i.HAL_I2C_DeInit), (46 bytes).
    Removing stm32f0xx_hal_i2c.o(i.HAL_I2C_ER_IRQHandler), (112 bytes).
    Removing stm32f0xx_hal_i2c.o(i.HAL_I2C_EV_IRQHandler), (290 bytes).
    Removing stm32f0xx_hal_i2c.o(i.HAL_I2C_ErrorCallback), (2 bytes).
    Removing stm32f0xx_hal_i2c.o(i.HAL_I2C_GetError), (4 bytes).
    Removing stm32f0xx_hal_i2c.o(i.HAL_I2C_GetMode), (6 bytes).
    Removing stm32f0xx_hal_i2c.o(i.HAL_I2C_GetState), (6 bytes).
    Removing stm32f0xx_hal_i2c.o(i.HAL_I2C_Init), (168 bytes).
    Removing stm32f0xx_hal_i2c.o(i.HAL_I2C_IsDeviceReady), (276 bytes).
    Removing stm32f0xx_hal_i2c.o(i.HAL_I2C_MasterRxCpltCallback), (2 bytes).
    Removing stm32f0xx_hal_i2c.o(i.HAL_I2C_MasterTxCpltCallback), (2 bytes).
    Removing stm32f0xx_hal_i2c.o(i.HAL_I2C_Master_Receive), (284 bytes).
    Removing stm32f0xx_hal_i2c.o(i.HAL_I2C_Master_Receive_DMA), (248 bytes).
    Removing stm32f0xx_hal_i2c.o(i.HAL_I2C_Master_Receive_IT), (124 bytes).
    Removing stm32f0xx_hal_i2c.o(i.HAL_I2C_Master_Transmit), (252 bytes).
    Removing stm32f0xx_hal_i2c.o(i.HAL_I2C_Master_Transmit_DMA), (268 bytes).
    Removing stm32f0xx_hal_i2c.o(i.HAL_I2C_Master_Transmit_IT), (122 bytes).
    Removing stm32f0xx_hal_i2c.o(i.HAL_I2C_MemRxCpltCallback), (2 bytes).
    Removing stm32f0xx_hal_i2c.o(i.HAL_I2C_MemTxCpltCallback), (2 bytes).
    Removing stm32f0xx_hal_i2c.o(i.HAL_I2C_Mem_Read), (280 bytes).
    Removing stm32f0xx_hal_i2c.o(i.HAL_I2C_Mem_Read_DMA), (224 bytes).
    Removing stm32f0xx_hal_i2c.o(i.HAL_I2C_Mem_Read_IT), (164 bytes).
    Removing stm32f0xx_hal_i2c.o(i.HAL_I2C_Mem_Write), (268 bytes).
    Removing stm32f0xx_hal_i2c.o(i.HAL_I2C_Mem_Write_DMA), (224 bytes).
    Removing stm32f0xx_hal_i2c.o(i.HAL_I2C_Mem_Write_IT), (162 bytes).
    Removing stm32f0xx_hal_i2c.o(i.HAL_I2C_MspDeInit), (2 bytes).
    Removing stm32f0xx_hal_i2c.o(i.HAL_I2C_MspInit), (2 bytes).
    Removing stm32f0xx_hal_i2c.o(i.HAL_I2C_SlaveRxCpltCallback), (2 bytes).
    Removing stm32f0xx_hal_i2c.o(i.HAL_I2C_SlaveTxCpltCallback), (2 bytes).
    Removing stm32f0xx_hal_i2c.o(i.HAL_I2C_Slave_Receive), (266 bytes).
    Removing stm32f0xx_hal_i2c.o(i.HAL_I2C_Slave_Receive_DMA), (176 bytes).
    Removing stm32f0xx_hal_i2c.o(i.HAL_I2C_Slave_Receive_IT), (84 bytes).
    Removing stm32f0xx_hal_i2c.o(i.HAL_I2C_Slave_Transmit), (284 bytes).
    Removing stm32f0xx_hal_i2c.o(i.HAL_I2C_Slave_Transmit_DMA), (208 bytes).
    Removing stm32f0xx_hal_i2c.o(i.HAL_I2C_Slave_Transmit_IT), (84 bytes).
    Removing stm32f0xx_hal_i2c.o(i.I2C_DMAError), (42 bytes).
    Removing stm32f0xx_hal_i2c.o(i.I2C_DMAMasterReceiveCplt), (340 bytes).
    Removing stm32f0xx_hal_i2c.o(i.I2C_DMAMasterTransmitCplt), (324 bytes).
    Removing stm32f0xx_hal_i2c.o(i.I2C_DMAMemReceiveCplt), (340 bytes).
    Removing stm32f0xx_hal_i2c.o(i.I2C_DMAMemTransmitCplt), (368 bytes).
    Removing stm32f0xx_hal_i2c.o(i.I2C_DMASlaveReceiveCplt), (112 bytes).
    Removing stm32f0xx_hal_i2c.o(i.I2C_DMASlaveTransmitCplt), (104 bytes).
    Removing stm32f0xx_hal_i2c.o(i.I2C_IsAcknowledgeFailed), (132 bytes).
    Removing stm32f0xx_hal_i2c.o(i.I2C_MasterReceive_ISR), (296 bytes).
    Removing stm32f0xx_hal_i2c.o(i.I2C_MasterTransmit_ISR), (312 bytes).
    Removing stm32f0xx_hal_i2c.o(i.I2C_RequestMemoryRead), (100 bytes).
    Removing stm32f0xx_hal_i2c.o(i.I2C_RequestMemoryWrite), (100 bytes).
    Removing stm32f0xx_hal_i2c.o(i.I2C_SlaveReceive_ISR), (150 bytes).
    Removing stm32f0xx_hal_i2c.o(i.I2C_SlaveTransmit_ISR), (160 bytes).
    Removing stm32f0xx_hal_i2c.o(i.I2C_TransferConfig), (36 bytes).
    Removing stm32f0xx_hal_i2c.o(i.I2C_WaitOnFlagUntilTimeout), (106 bytes).
    Removing stm32f0xx_hal_i2c.o(i.I2C_WaitOnRXNEFlagUntilTimeout), (124 bytes).
    Removing stm32f0xx_hal_i2c.o(i.I2C_WaitOnSTOPFlagUntilTimeout), (80 bytes).
    Removing stm32f0xx_hal_i2c.o(i.I2C_WaitOnTXISFlagUntilTimeout), (84 bytes).
    Removing stm32f0xx_hal_adc_ex.o(.rev16_text), (4 bytes).
    Removing stm32f0xx_hal_adc_ex.o(.revsh_text), (4 bytes).
    Removing stm32f0xx_hal_adc.o(.rev16_text), (4 bytes).
    Removing stm32f0xx_hal_adc.o(.revsh_text), (4 bytes).
    Removing stm32f0xx_hal_adc.o(i.ADC_ConversionStop), (82 bytes).
    Removing stm32f0xx_hal_adc.o(i.ADC_DMAConvCplt), (108 bytes).
    Removing stm32f0xx_hal_adc.o(i.ADC_DMAError), (26 bytes).
    Removing stm32f0xx_hal_adc.o(i.ADC_DMAHalfConvCplt), (10 bytes).
    Removing stm32f0xx_hal_adc.o(i.ADC_Disable), (102 bytes).
    Removing stm32f0xx_hal_adc.o(i.HAL_ADC_AnalogWDGConfig), (156 bytes).
    Removing stm32f0xx_hal_adc.o(i.HAL_ADC_ConvCpltCallback), (2 bytes).
    Removing stm32f0xx_hal_adc.o(i.HAL_ADC_ConvHalfCpltCallback), (2 bytes).
    Removing stm32f0xx_hal_adc.o(i.HAL_ADC_DeInit), (160 bytes).
    Removing stm32f0xx_hal_adc.o(i.HAL_ADC_ErrorCallback), (2 bytes).
    Removing stm32f0xx_hal_adc.o(i.HAL_ADC_GetError), (4 bytes).
    Removing stm32f0xx_hal_adc.o(i.HAL_ADC_GetState), (4 bytes).
    Removing stm32f0xx_hal_adc.o(i.HAL_ADC_IRQHandler), (208 bytes).
    Removing stm32f0xx_hal_adc.o(i.HAL_ADC_LevelOutOfWindowCallback), (2 bytes).
    Removing stm32f0xx_hal_adc.o(i.HAL_ADC_MspDeInit), (2 bytes).
    Removing stm32f0xx_hal_adc.o(i.HAL_ADC_MspInit), (2 bytes).
    Removing stm32f0xx_hal_adc.o(i.HAL_ADC_PollForEvent), (116 bytes).
    Removing stm32f0xx_hal_adc.o(i.HAL_ADC_Start_DMA), (160 bytes).
    Removing stm32f0xx_hal_adc.o(i.HAL_ADC_Start_IT), (124 bytes).
    Removing stm32f0xx_hal_adc.o(i.HAL_ADC_Stop), (62 bytes).
    Removing stm32f0xx_hal_adc.o(i.HAL_ADC_Stop_DMA), (112 bytes).
    Removing stm32f0xx_hal_adc.o(i.HAL_ADC_Stop_IT), (72 bytes).
    Removing main.o(.rev16_text), (4 bytes).
    Removing main.o(.revsh_text), (4 bytes).
    Removing stm32f0xx_it.o(.rev16_text), (4 bytes).
    Removing stm32f0xx_it.o(.revsh_text), (4 bytes).
    Removing stm32f0xx_hal_msp.o(.rev16_text), (4 bytes).
    Removing stm32f0xx_hal_msp.o(.revsh_text), (4 bytes).
    Removing gpio.o(.rev16_text), (4 bytes).
    Removing gpio.o(.revsh_text), (4 bytes).
    Removing adc.o(.rev16_text), (4 bytes).
    Removing adc.o(.revsh_text), (4 bytes).
    Removing adc.o(i.HAL_ADC_MspDeInit), (40 bytes).
    Removing tim.o(.rev16_text), (4 bytes).
    Removing tim.o(.revsh_text), (4 bytes).
    Removing tim.o(i.HAL_TIM_Base_MspDeInit), (36 bytes).
    Removing system_stm32f0xx.o(.rev16_text), (4 bytes).
    Removing system_stm32f0xx.o(.revsh_text), (4 bytes).
    Removing system_stm32f0xx.o(i.SystemCoreClockUpdate), (108 bytes).
    Removing system_stm32f0xx.o(.constdata), (16 bytes).
    Removing hotter.o(.rev16_text), (4 bytes).
    Removing hotter.o(.revsh_text), (4 bytes).
    Removing button.o(.rev16_text), (4 bytes).
    Removing button.o(.revsh_text), (4 bytes).
    Removing rotary.o(.rev16_text), (4 bytes).
    Removing rotary.o(.revsh_text), (4 bytes).
    Removing tm1650.o(.rev16_text), (4 bytes).
    Removing tm1650.o(.revsh_text), (4 bytes).
    Removing tm1650.o(i.FD650_READ), (34 bytes).
    Removing tm1650.o(i.FD650_read_button), (72 bytes).
    Removing tm1650.o(i.TM1650_BreathLightPWM), (44 bytes).
    Removing tm1650.o(.constdata), (4 bytes).
    Removing tm1650.o(.constdata), (4 bytes).
    Removing tm1650.o(.constdata), (4 bytes).
    Removing tm1650.o(.constdata), (4 bytes).
    Removing tm1650.o(.constdata), (4 bytes).
    Removing tm1650.o(.constdata), (4 bytes).
    Removing tm1650.o(.constdata), (4 bytes).
    Removing tm1650.o(.constdata), (4 bytes).
    Removing tm1650.o(.constdata), (4 bytes).
    Removing tm1650.o(.constdata), (4 bytes).
    Removing tm1650.o(.constdata), (4 bytes).
    Removing tm1650.o(.constdata), (4 bytes).
    Removing tm1650.o(.constdata), (4 bytes).
    Removing tm1650.o(.constdata), (4 bytes).
    Removing tm1650.o(.constdata), (4 bytes).
    Removing tm1650.o(.constdata), (4 bytes).
    Removing tm1650.o(.constdata), (4 bytes).
    Removing tm1650.o(.constdata), (4 bytes).
    Removing tm1650.o(.constdata), (4 bytes).
    Removing hotterctrl.o(.rev16_text), (4 bytes).
    Removing hotterctrl.o(.revsh_text), (4 bytes).
    Removing msg_task.o(.rev16_text), (4 bytes).
    Removing msg_task.o(.revsh_text), (4 bytes).
    Removing msg_task.o(i.HalTimeDelay), (52 bytes).
    Removing msg_task.o(i.Msg_delayms_Init), (28 bytes).
    Removing adc_filter.o(.rev16_text), (4 bytes).
    Removing adc_filter.o(.revsh_text), (4 bytes).
    Removing adc_filter.o(.bss), (256 bytes).
    Removing adc_filter.o(.data), (1 bytes).
    Removing flash.o(.rev16_text), (4 bytes).
    Removing flash.o(.revsh_text), (4 bytes).
    Removing flash.o(i.APP_DataRead), (22 bytes).
    Removing flash.o(i.APP_DataSaveIsError), (80 bytes).
    Removing flash.o(.bss), (12 bytes).
    Removing hal_adc.o(.rev16_text), (4 bytes).
    Removing hal_adc.o(.revsh_text), (4 bytes).
    Removing hal_adc.o(i.get_dev_adc), (2 bytes).
    Removing pid.o(.rev16_text), (4 bytes).
    Removing pid.o(.revsh_text), (4 bytes).
    Removing pid.o(i.Get_HeatingTime), (12 bytes).
    Removing pid.o(i.Heating_Time), (16 bytes).
    Removing pid.o(i.Pid_Realize), (116 bytes).
    Removing pid.o(i.Set_HeatingTime), (12 bytes).
    Removing pid.o(.data), (28 bytes).

390 unused section(s) (total 26335 bytes) removed from the image.

==============================================================================

Image Symbol Table

    Local Symbols

    Symbol Name                              Value     Ov Type        Size  Object(Section)

    ../Drivers/CMSIS/Device/ST/STM32F0xx/Source/Templates/system_stm32f0xx.c 0x00000000   Number         0  system_stm32f0xx.o ABSOLUTE
    ../Drivers/STM32F0xx_HAL_Driver/Src/stm32f0xx_hal.c 0x00000000   Number         0  stm32f0xx_hal.o ABSOLUTE
    ../Drivers/STM32F0xx_HAL_Driver/Src/stm32f0xx_hal_adc.c 0x00000000   Number         0  stm32f0xx_hal_adc.o ABSOLUTE
    ../Drivers/STM32F0xx_HAL_Driver/Src/stm32f0xx_hal_adc_ex.c 0x00000000   Number         0  stm32f0xx_hal_adc_ex.o ABSOLUTE
    ../Drivers/STM32F0xx_HAL_Driver/Src/stm32f0xx_hal_cortex.c 0x00000000   Number         0  stm32f0xx_hal_cortex.o ABSOLUTE
    ../Drivers/STM32F0xx_HAL_Driver/Src/stm32f0xx_hal_dma.c 0x00000000   Number         0  stm32f0xx_hal_dma.o ABSOLUTE
    ../Drivers/STM32F0xx_HAL_Driver/Src/stm32f0xx_hal_flash.c 0x00000000   Number         0  stm32f0xx_hal_flash.o ABSOLUTE
    ../Drivers/STM32F0xx_HAL_Driver/Src/stm32f0xx_hal_flash_ex.c 0x00000000   Number         0  stm32f0xx_hal_flash_ex.o ABSOLUTE
    ../Drivers/STM32F0xx_HAL_Driver/Src/stm32f0xx_hal_gpio.c 0x00000000   Number         0  stm32f0xx_hal_gpio.o ABSOLUTE
    ../Drivers/STM32F0xx_HAL_Driver/Src/stm32f0xx_hal_i2c.c 0x00000000   Number         0  stm32f0xx_hal_i2c.o ABSOLUTE
    ../Drivers/STM32F0xx_HAL_Driver/Src/stm32f0xx_hal_i2c_ex.c 0x00000000   Number         0  stm32f0xx_hal_i2c_ex.o ABSOLUTE
    ../Drivers/STM32F0xx_HAL_Driver/Src/stm32f0xx_hal_pwr.c 0x00000000   Number         0  stm32f0xx_hal_pwr.o ABSOLUTE
    ../Drivers/STM32F0xx_HAL_Driver/Src/stm32f0xx_hal_pwr_ex.c 0x00000000   Number         0  stm32f0xx_hal_pwr_ex.o ABSOLUTE
    ../Drivers/STM32F0xx_HAL_Driver/Src/stm32f0xx_hal_rcc.c 0x00000000   Number         0  stm32f0xx_hal_rcc.o ABSOLUTE
    ../Drivers/STM32F0xx_HAL_Driver/Src/stm32f0xx_hal_rcc_ex.c 0x00000000   Number         0  stm32f0xx_hal_rcc_ex.o ABSOLUTE
    ../Drivers/STM32F0xx_HAL_Driver/Src/stm32f0xx_hal_tim.c 0x00000000   Number         0  stm32f0xx_hal_tim.o ABSOLUTE
    ../Drivers/STM32F0xx_HAL_Driver/Src/stm32f0xx_hal_tim_ex.c 0x00000000   Number         0  stm32f0xx_hal_tim_ex.o ABSOLUTE
    ../Src/adc.c                             0x00000000   Number         0  adc.o ABSOLUTE
    ../Src/gpio.c                            0x00000000   Number         0  gpio.o ABSOLUTE
    ../Src/main.c                            0x00000000   Number         0  main.o ABSOLUTE
    ../Src/stm32f0xx_hal_msp.c               0x00000000   Number         0  stm32f0xx_hal_msp.o ABSOLUTE
    ../Src/stm32f0xx_it.c                    0x00000000   Number         0  stm32f0xx_it.o ABSOLUTE
    ../Src/tim.c                             0x00000000   Number         0  tim.o ABSOLUTE
    ../clib/microlib/division.c              0x00000000   Number         0  idiv.o ABSOLUTE
    ../clib/microlib/division.c              0x00000000   Number         0  uidiv.o ABSOLUTE
    ../clib/microlib/init/entry.s            0x00000000   Number         0  entry11b.o ABSOLUTE
    ../clib/microlib/init/entry.s            0x00000000   Number         0  entry11a.o ABSOLUTE
    ../clib/microlib/init/entry.s            0x00000000   Number         0  entry10b.o ABSOLUTE
    ../clib/microlib/init/entry.s            0x00000000   Number         0  entry10a.o ABSOLUTE
    ../clib/microlib/init/entry.s            0x00000000   Number         0  entry9b.o ABSOLUTE
    ../clib/microlib/init/entry.s            0x00000000   Number         0  entry9a.o ABSOLUTE
    ../clib/microlib/init/entry.s            0x00000000   Number         0  entry8b.o ABSOLUTE
    ../clib/microlib/init/entry.s            0x00000000   Number         0  entry8a.o ABSOLUTE
    ../clib/microlib/init/entry.s            0x00000000   Number         0  entry7b.o ABSOLUTE
    ../clib/microlib/init/entry.s            0x00000000   Number         0  entry7a.o ABSOLUTE
    ../clib/microlib/init/entry.s            0x00000000   Number         0  entry5.o ABSOLUTE
    ../clib/microlib/init/entry.s            0x00000000   Number         0  entry2.o ABSOLUTE
    ../clib/microlib/init/entry.s            0x00000000   Number         0  entry.o ABSOLUTE
    ../clib/microlib/longlong.c              0x00000000   Number         0  llushr.o ABSOLUTE
    ../clib/microlib/longlong.c              0x00000000   Number         0  llshl.o ABSOLUTE
    ../clib/microlib/string/memcpy.c         0x00000000   Number         0  memcpya.o ABSOLUTE
    ../clib/microlib/string/memcpy.c         0x00000000   Number         0  memcpyb.o ABSOLUTE
    ../clib/microlib/string/memset.c         0x00000000   Number         0  memseta.o ABSOLUTE
    ../clib/microlib/stubs.s                 0x00000000   Number         0  iusefp.o ABSOLUTE
    ../fplib/microlib/fpadd.c                0x00000000   Number         0  fadd.o ABSOLUTE
    ../fplib/microlib/fpepilogue.c           0x00000000   Number         0  depilogue.o ABSOLUTE
    ../fplib/microlib/fpepilogue.c           0x00000000   Number         0  fepilogue.o ABSOLUTE
    ../fplib/microlib/fpfix.c                0x00000000   Number         0  dfixui.o ABSOLUTE
    ../fplib/microlib/fpfix.c                0x00000000   Number         0  ffixui.o ABSOLUTE
    ../fplib/microlib/fpflt.c                0x00000000   Number         0  dflti.o ABSOLUTE
    ../fplib/microlib/fpflt.c                0x00000000   Number         0  ffltui.o ABSOLUTE
    ../fplib/microlib/fpflt.c                0x00000000   Number         0  fflti.o ABSOLUTE
    ../fplib/microlib/fpmul.c                0x00000000   Number         0  fmul.o ABSOLUTE
    ..\BSP\button.c                          0x00000000   Number         0  button.o ABSOLUTE
    ..\BSP\hotter.c                          0x00000000   Number         0  hotter.o ABSOLUTE
    ..\Drivers\CMSIS\Device\ST\STM32F0xx\Source\Templates\system_stm32f0xx.c 0x00000000   Number         0  system_stm32f0xx.o ABSOLUTE
    ..\Drivers\STM32F0xx_HAL_Driver\Src\stm32f0xx_hal.c 0x00000000   Number         0  stm32f0xx_hal.o ABSOLUTE
    ..\Drivers\STM32F0xx_HAL_Driver\Src\stm32f0xx_hal_adc.c 0x00000000   Number         0  stm32f0xx_hal_adc.o ABSOLUTE
    ..\Drivers\STM32F0xx_HAL_Driver\Src\stm32f0xx_hal_adc_ex.c 0x00000000   Number         0  stm32f0xx_hal_adc_ex.o ABSOLUTE
    ..\Drivers\STM32F0xx_HAL_Driver\Src\stm32f0xx_hal_cortex.c 0x00000000   Number         0  stm32f0xx_hal_cortex.o ABSOLUTE
    ..\Drivers\STM32F0xx_HAL_Driver\Src\stm32f0xx_hal_dma.c 0x00000000   Number         0  stm32f0xx_hal_dma.o ABSOLUTE
    ..\Drivers\STM32F0xx_HAL_Driver\Src\stm32f0xx_hal_flash.c 0x00000000   Number         0  stm32f0xx_hal_flash.o ABSOLUTE
    ..\Drivers\STM32F0xx_HAL_Driver\Src\stm32f0xx_hal_flash_ex.c 0x00000000   Number         0  stm32f0xx_hal_flash_ex.o ABSOLUTE
    ..\Drivers\STM32F0xx_HAL_Driver\Src\stm32f0xx_hal_gpio.c 0x00000000   Number         0  stm32f0xx_hal_gpio.o ABSOLUTE
    ..\Drivers\STM32F0xx_HAL_Driver\Src\stm32f0xx_hal_i2c.c 0x00000000   Number         0  stm32f0xx_hal_i2c.o ABSOLUTE
    ..\Drivers\STM32F0xx_HAL_Driver\Src\stm32f0xx_hal_i2c_ex.c 0x00000000   Number         0  stm32f0xx_hal_i2c_ex.o ABSOLUTE
    ..\Drivers\STM32F0xx_HAL_Driver\Src\stm32f0xx_hal_pwr.c 0x00000000   Number         0  stm32f0xx_hal_pwr.o ABSOLUTE
    ..\Drivers\STM32F0xx_HAL_Driver\Src\stm32f0xx_hal_pwr_ex.c 0x00000000   Number         0  stm32f0xx_hal_pwr_ex.o ABSOLUTE
    ..\Drivers\STM32F0xx_HAL_Driver\Src\stm32f0xx_hal_rcc.c 0x00000000   Number         0  stm32f0xx_hal_rcc.o ABSOLUTE
    ..\Drivers\STM32F0xx_HAL_Driver\Src\stm32f0xx_hal_rcc_ex.c 0x00000000   Number         0  stm32f0xx_hal_rcc_ex.o ABSOLUTE
    ..\Drivers\STM32F0xx_HAL_Driver\Src\stm32f0xx_hal_tim.c 0x00000000   Number         0  stm32f0xx_hal_tim.o ABSOLUTE
    ..\Drivers\STM32F0xx_HAL_Driver\Src\stm32f0xx_hal_tim_ex.c 0x00000000   Number         0  stm32f0xx_hal_tim_ex.o ABSOLUTE
    ..\Src\adc.c                             0x00000000   Number         0  adc.o ABSOLUTE
    ..\Src\gpio.c                            0x00000000   Number         0  gpio.o ABSOLUTE
    ..\Src\main.c                            0x00000000   Number         0  main.o ABSOLUTE
    ..\Src\stm32f0xx_hal_msp.c               0x00000000   Number         0  stm32f0xx_hal_msp.o ABSOLUTE
    ..\Src\stm32f0xx_it.c                    0x00000000   Number         0  stm32f0xx_it.o ABSOLUTE
    ..\Src\tim.c                             0x00000000   Number         0  tim.o ABSOLUTE
    ..\TOOL\HAL_ADC.c                        0x00000000   Number         0  hal_adc.o ABSOLUTE
    ..\TOOL\PID.c                            0x00000000   Number         0  pid.o ABSOLUTE
    ..\TOOL\adc_filter.c                     0x00000000   Number         0  adc_filter.o ABSOLUTE
    ..\TOOL\flash.c                          0x00000000   Number         0  flash.o ABSOLUTE
    ..\\BSP\\button.c                        0x00000000   Number         0  button.o ABSOLUTE
    ..\\BSP\\hotter.c                        0x00000000   Number         0  hotter.o ABSOLUTE
    ..\\TOOL\\HAL_ADC.c                      0x00000000   Number         0  hal_adc.o ABSOLUTE
    ..\\TOOL\\PID.c                          0x00000000   Number         0  pid.o ABSOLUTE
    ..\\TOOL\\adc_filter.c                   0x00000000   Number         0  adc_filter.o ABSOLUTE
    ..\\TOOL\\flash.c                        0x00000000   Number         0  flash.o ABSOLUTE
    ..\\bsp\\rotary.c                        0x00000000   Number         0  rotary.o ABSOLUTE
    ..\\bsp\\tm1650.c                        0x00000000   Number         0  tm1650.o ABSOLUTE
    ..\\cantor\\hotterctrl.c                 0x00000000   Number         0  hotterctrl.o ABSOLUTE
    ..\\tool\\msg_task.c                     0x00000000   Number         0  msg_task.o ABSOLUTE
    ..\bsp\rotary.c                          0x00000000   Number         0  rotary.o ABSOLUTE
    ..\bsp\tm1650.c                          0x00000000   Number         0  tm1650.o ABSOLUTE
    ..\cantor\hotterctrl.c                   0x00000000   Number         0  hotterctrl.o ABSOLUTE
    ..\tool\msg_task.c                       0x00000000   Number         0  msg_task.o ABSOLUTE
    dc.s                                     0x00000000   Number         0  dc.o ABSOLUTE
    handlers.s                               0x00000000   Number         0  handlers.o ABSOLUTE
    init.s                                   0x00000000   Number         0  init.o ABSOLUTE
    startup_stm32f030x6.s                    0x00000000   Number         0  startup_stm32f030x6_1.o ABSOLUTE
    RESET                                    0x08000000   Section      176  startup_stm32f030x6_1.o(RESET)
    .ARM.Collect$$$$00000000                 0x080000b0   Section        0  entry.o(.ARM.Collect$$$$00000000)
    .ARM.Collect$$$$00000001                 0x080000b0   Section        4  entry2.o(.ARM.Collect$$$$00000001)
    .ARM.Collect$$$$00000004                 0x080000b4   Section        4  entry5.o(.ARM.Collect$$$$00000004)
    .ARM.Collect$$$$00000008                 0x080000b8   Section        0  entry7b.o(.ARM.Collect$$$$00000008)
    .ARM.Collect$$$$0000000A                 0x080000b8   Section        0  entry8b.o(.ARM.Collect$$$$0000000A)
    .ARM.Collect$$$$0000000B                 0x080000b8   Section        8  entry9a.o(.ARM.Collect$$$$0000000B)
    .ARM.Collect$$$$0000000D                 0x080000c0   Section        0  entry10a.o(.ARM.Collect$$$$0000000D)
    .ARM.Collect$$$$0000000F                 0x080000c0   Section        0  entry11a.o(.ARM.Collect$$$$0000000F)
    .ARM.Collect$$$$00002712                 0x080000c0   Section        4  entry2.o(.ARM.Collect$$$$00002712)
    __lit__00000000                          0x080000c0   Data           4  entry2.o(.ARM.Collect$$$$00002712)
    .text                                    0x080000c4   Section       28  startup_stm32f030x6_1.o(.text)
    .text                                    0x080000e0   Section        0  uidiv.o(.text)
    .text                                    0x0800010c   Section        0  idiv.o(.text)
    .text                                    0x08000134   Section        0  llushr.o(.text)
    .text                                    0x08000156   Section        0  memcpya.o(.text)
    .text                                    0x0800017a   Section        0  fadd.o(.text)
    .text                                    0x0800022c   Section        0  fmul.o(.text)
    .text                                    0x080002a6   Section        0  fflti.o(.text)
    .text                                    0x080002bc   Section        0  ffltui.o(.text)
    .text                                    0x080002cc   Section        0  dflti.o(.text)
    .text                                    0x080002f4   Section        0  ffixui.o(.text)
    .text                                    0x0800031c   Section        0  dfixui.o(.text)
    .text                                    0x08000358   Section        0  iusefp.o(.text)
    .text                                    0x08000358   Section        0  fepilogue.o(.text)
    .text                                    0x080003da   Section        0  depilogue.o(.text)
    .text                                    0x08000498   Section       36  init.o(.text)
    .text                                    0x080004bc   Section        0  llshl.o(.text)
    i.ADC_Enable                             0x080004dc   Section        0  stm32f0xx_hal_adc.o(i.ADC_Enable)
    ADC_Enable                               0x080004dd   Thumb Code   120  stm32f0xx_hal_adc.o(i.ADC_Enable)
    i.BUTTON_1_ISR                           0x08000560   Section        0  button.o(i.BUTTON_1_ISR)
    i.BUTTON_scan                            0x08000570   Section        0  button.o(i.BUTTON_scan)
    i.Button_1_init                          0x080005e8   Section        0  button.o(i.Button_1_init)
    i.EXTI0_1_IRQHandler                     0x08000604   Section        0  stm32f0xx_it.o(i.EXTI0_1_IRQHandler)
    i.Error_Handler                          0x0800060e   Section        0  main.o(i.Error_Handler)
    i.FD650_START                            0x08000610   Section        0  tm1650.o(i.FD650_START)
    i.FD650_STOP                             0x0800062e   Section        0  tm1650.o(i.FD650_STOP)
    i.FD650_send                             0x08000646   Section        0  tm1650.o(i.FD650_send)
    i.FD650_write                            0x0800066a   Section        0  tm1650.o(i.FD650_write)
    i.FLASH_MassErase                        0x080006ac   Section        0  stm32f0xx_hal_flash_ex.o(i.FLASH_MassErase)
    FLASH_MassErase                          0x080006ad   Thumb Code    26  stm32f0xx_hal_flash_ex.o(i.FLASH_MassErase)
    i.FLASH_PageErase                        0x080006d0   Section        0  stm32f0xx_hal_flash_ex.o(i.FLASH_PageErase)
    i.FLASH_Program_HalfWord                 0x080006f4   Section        0  stm32f0xx_hal_flash.o(i.FLASH_Program_HalfWord)
    FLASH_Program_HalfWord                   0x080006f5   Thumb Code    22  stm32f0xx_hal_flash.o(i.FLASH_Program_HalfWord)
    i.FLASH_SetErrorCode                     0x08000714   Section        0  stm32f0xx_hal_flash.o(i.FLASH_SetErrorCode)
    FLASH_SetErrorCode                       0x08000715   Thumb Code    38  stm32f0xx_hal_flash.o(i.FLASH_SetErrorCode)
    i.FLASH_WaitForLastOperation             0x08000744   Section        0  stm32f0xx_hal_flash.o(i.FLASH_WaitForLastOperation)
    i.Filter_hotter1321_adc_ISR              0x08000794   Section        0  hotter.o(i.Filter_hotter1321_adc_ISR)
    i.FlshPara_Init                          0x080007b0   Section        0  flash.o(i.FlshPara_Init)
    i.FlshPara_Save                          0x08000830   Section        0  flash.o(i.FlshPara_Save)
    i.Get_hotter1321_adc                     0x08000888   Section        0  hotter.o(i.Get_hotter1321_adc)
    i.HAL_ADCEx_Calibration_Start            0x080008a8   Section        0  stm32f0xx_hal_adc_ex.o(i.HAL_ADCEx_Calibration_Start)
    i.HAL_ADC_ConfigChannel                  0x0800093c   Section        0  stm32f0xx_hal_adc.o(i.HAL_ADC_ConfigChannel)
    i.HAL_ADC_GetValue                       0x08000a4c   Section        0  stm32f0xx_hal_adc.o(i.HAL_ADC_GetValue)
    i.HAL_ADC_Init                           0x08000a54   Section        0  stm32f0xx_hal_adc.o(i.HAL_ADC_Init)
    i.HAL_ADC_MspInit                        0x08000bc8   Section        0  adc.o(i.HAL_ADC_MspInit)
    i.HAL_ADC_PollForConversion              0x08000c08   Section        0  stm32f0xx_hal_adc.o(i.HAL_ADC_PollForConversion)
    i.HAL_ADC_Start                          0x08000cc8   Section        0  stm32f0xx_hal_adc.o(i.HAL_ADC_Start)
    i.HAL_FLASHEx_Erase                      0x08000d24   Section        0  stm32f0xx_hal_flash_ex.o(i.HAL_FLASHEx_Erase)
    i.HAL_FLASH_Lock                         0x08000dc4   Section        0  stm32f0xx_hal_flash.o(i.HAL_FLASH_Lock)
    i.HAL_FLASH_Program                      0x08000dd8   Section        0  stm32f0xx_hal_flash.o(i.HAL_FLASH_Program)
    i.HAL_FLASH_Unlock                       0x08000e54   Section        0  stm32f0xx_hal_flash.o(i.HAL_FLASH_Unlock)
    i.HAL_GPIO_EXTI_Callback                 0x08000e78   Section        0  gpio.o(i.HAL_GPIO_EXTI_Callback)
    i.HAL_GPIO_EXTI_IRQHandler               0x08000e8c   Section        0  stm32f0xx_hal_gpio.o(i.HAL_GPIO_EXTI_IRQHandler)
    i.HAL_GPIO_Init                          0x08000ea4   Section        0  stm32f0xx_hal_gpio.o(i.HAL_GPIO_Init)
    i.HAL_GPIO_ReadPin                       0x08000fec   Section        0  stm32f0xx_hal_gpio.o(i.HAL_GPIO_ReadPin)
    i.HAL_GPIO_WritePin                      0x08000ff6   Section        0  stm32f0xx_hal_gpio.o(i.HAL_GPIO_WritePin)
    i.HAL_GetTick                            0x08001004   Section        0  stm32f0xx_hal.o(i.HAL_GetTick)
    i.HAL_IncTick                            0x08001010   Section        0  stm32f0xx_hal.o(i.HAL_IncTick)
    i.HAL_Init                               0x08001020   Section        0  stm32f0xx_hal.o(i.HAL_Init)
    i.HAL_InitTick                           0x08001040   Section        0  stm32f0xx_hal.o(i.HAL_InitTick)
    i.HAL_MspInit                            0x08001064   Section        0  stm32f0xx_hal_msp.o(i.HAL_MspInit)
    i.HAL_NVIC_EnableIRQ                     0x0800109c   Section        0  stm32f0xx_hal_cortex.o(i.HAL_NVIC_EnableIRQ)
    i.HAL_NVIC_SetPriority                   0x080010b0   Section        0  stm32f0xx_hal_cortex.o(i.HAL_NVIC_SetPriority)
    i.HAL_RCC_ClockConfig                    0x080010b8   Section        0  stm32f0xx_hal_rcc.o(i.HAL_RCC_ClockConfig)
    i.HAL_RCC_GetHCLKFreq                    0x080011c8   Section        0  stm32f0xx_hal_rcc.o(i.HAL_RCC_GetHCLKFreq)
    i.HAL_RCC_GetSysClockFreq                0x080011f0   Section        0  stm32f0xx_hal_rcc.o(i.HAL_RCC_GetSysClockFreq)
    i.HAL_RCC_OscConfig                      0x0800126c   Section        0  stm32f0xx_hal_rcc.o(i.HAL_RCC_OscConfig)
    i.HAL_SYSTICK_CLKSourceConfig            0x08001600   Section        0  stm32f0xx_hal_cortex.o(i.HAL_SYSTICK_CLKSourceConfig)
    i.HAL_SYSTICK_Callback                   0x08001618   Section        0  msg_task.o(i.HAL_SYSTICK_Callback)
    i.HAL_SYSTICK_Config                     0x0800165c   Section        0  stm32f0xx_hal_cortex.o(i.HAL_SYSTICK_Config)
    i.HAL_SYSTICK_IRQHandler                 0x0800168c   Section        0  stm32f0xx_hal_cortex.o(i.HAL_SYSTICK_IRQHandler)
    i.HAL_TIMEx_BreakCallback                0x08001694   Section        0  stm32f0xx_hal_tim_ex.o(i.HAL_TIMEx_BreakCallback)
    i.HAL_TIMEx_CommutationCallback          0x08001696   Section        0  stm32f0xx_hal_tim_ex.o(i.HAL_TIMEx_CommutationCallback)
    i.HAL_TIM_Base_Init                      0x08001698   Section        0  stm32f0xx_hal_tim.o(i.HAL_TIM_Base_Init)
    i.HAL_TIM_Base_MspInit                   0x080016cc   Section        0  tim.o(i.HAL_TIM_Base_MspInit)
    i.HAL_TIM_Base_Start                     0x08001700   Section        0  stm32f0xx_hal_tim.o(i.HAL_TIM_Base_Start)
    i.HAL_TIM_IC_CaptureCallback             0x08001718   Section        0  stm32f0xx_hal_tim.o(i.HAL_TIM_IC_CaptureCallback)
    i.HAL_TIM_IRQHandler                     0x0800171a   Section        0  stm32f0xx_hal_tim.o(i.HAL_TIM_IRQHandler)
    i.HAL_TIM_OC_DelayElapsedCallback        0x0800187c   Section        0  stm32f0xx_hal_tim.o(i.HAL_TIM_OC_DelayElapsedCallback)
    i.HAL_TIM_PWM_PulseFinishedCallback      0x0800187e   Section        0  stm32f0xx_hal_tim.o(i.HAL_TIM_PWM_PulseFinishedCallback)
    i.HAL_TIM_PeriodElapsedCallback          0x08001880   Section        0  tim.o(i.HAL_TIM_PeriodElapsedCallback)
    i.HAL_TIM_TriggerCallback                0x08001882   Section        0  stm32f0xx_hal_tim.o(i.HAL_TIM_TriggerCallback)
    i.HalTimeDelaySimple                     0x08001884   Section        0  msg_task.o(i.HalTimeDelaySimple)
    i.Heat_hotter1321                        0x080018ac   Section        0  hotter.o(i.Heat_hotter1321)
    i.Hotter1321Adc2temp                     0x080018c8   Section        0  hotter.o(i.Hotter1321Adc2temp)
    i.Hotter1321WorkingState_ISR             0x08001908   Section        0  hotter.o(i.Hotter1321WorkingState_ISR)
    i.Hotter1321_heated_time_count_ISR       0x08001958   Section        0  hotter.o(i.Hotter1321_heated_time_count_ISR)
    i.Hotter1321_init                        0x08001968   Section        0  hotter.o(i.Hotter1321_init)
    i.Hotter1321_power_on_scan_ISR           0x080019e0   Section        0  hotter.o(i.Hotter1321_power_on_scan_ISR)
    i.Hotter1321_realTemp_ISR                0x08001a04   Section        0  hotter.o(i.Hotter1321_realTemp_ISR)
    i.MX_ADC_Init                            0x08001a18   Section        0  adc.o(i.MX_ADC_Init)
    i.MX_GPIO_Init                           0x08001a70   Section        0  gpio.o(i.MX_GPIO_Init)
    i.MX_TIM14_Init                          0x08001b2c   Section        0  tim.o(i.MX_TIM14_Init)
    i.Msg_delayms_process                    0x08001b58   Section        0  msg_task.o(i.Msg_delayms_process)
    i.NVIC_SetPriority                       0x08001b84   Section        0  stm32f0xx_hal_cortex.o(i.NVIC_SetPriority)
    NVIC_SetPriority                         0x08001b85   Thumb Code    60  stm32f0xx_hal_cortex.o(i.NVIC_SetPriority)
    i.Rotary_1_init                          0x08001bc8   Section        0  rotary.o(i.Rotary_1_init)
    i.Rotary_1_scan_ISR                      0x08001bec   Section        0  rotary.o(i.Rotary_1_scan_ISR)
    i.Rotary_scan                            0x08001bfc   Section        0  rotary.o(i.Rotary_scan)
    i.SOLDER_ALARM_operate                   0x08001ce8   Section        0  hotterctrl.o(i.SOLDER_ALARM_operate)
    i.SOLDER_IDLE_operate                    0x08001d60   Section        0  hotterctrl.o(i.SOLDER_IDLE_operate)
    i.SOLDER_POWERON_operate                 0x08001de8   Section        0  hotterctrl.o(i.SOLDER_POWERON_operate)
    i.SOLDER_TempADJUST_operate              0x08001e6c   Section        0  hotterctrl.o(i.SOLDER_TempADJUST_operate)
    i.SOLDER_TempCTRL_operate                0x08001f48   Section        0  hotterctrl.o(i.SOLDER_TempCTRL_operate)
    i.SOLDER_TempSET_operate                 0x080020dc   Section        0  hotterctrl.o(i.SOLDER_TempSET_operate)
    i.Solder_1_Transformation                0x0800216c   Section        0  hotterctrl.o(i.Solder_1_Transformation)
    i.Solder_1_poweron_ISR                   0x080021ac   Section        0  hotterctrl.o(i.Solder_1_poweron_ISR)
    i.SysTick_Handler                        0x080021c4   Section        0  stm32f0xx_it.o(i.SysTick_Handler)
    i.SystemClock_Config                     0x080021d0   Section        0  main.o(i.SystemClock_Config)
    i.SystemInit                             0x08002230   Section        0  system_stm32f0xx.o(i.SystemInit)
    i.TIM14_IRQHandler                       0x0800228c   Section        0  stm32f0xx_it.o(i.TIM14_IRQHandler)
    i.TIM_Base_SetConfig                     0x0800229c   Section        0  stm32f0xx_hal_tim.o(i.TIM_Base_SetConfig)
    i.Tm1650_1_init                          0x08002310   Section        0  tm1650.o(i.Tm1650_1_init)
    i.Tm1650_1_show_ISR                      0x0800233c   Section        0  tm1650.o(i.Tm1650_1_show_ISR)
    i.__ARM_clz                              0x0800246c   Section        0  depilogue.o(i.__ARM_clz)
    i.__ARM_common_switch8                   0x0800249a   Section        0  stm32f0xx_hal_tim.o(i.__ARM_common_switch8)
    i.__scatterload_copy                     0x080024b4   Section       14  handlers.o(i.__scatterload_copy)
    i.__scatterload_null                     0x080024c2   Section        2  handlers.o(i.__scatterload_null)
    i.__scatterload_zeroinit                 0x080024c4   Section       14  handlers.o(i.__scatterload_zeroinit)
    i.avg_filter                             0x080024d4   Section        0  adc_filter.o(i.avg_filter)
    i.delaymsTask_CTRL                       0x0800250c   Section        0  msg_task.o(i.delaymsTask_CTRL)
    i.delaymsTask_ISR                        0x08002530   Section        0  msg_task.o(i.delaymsTask_ISR)
    i.main                                   0x08002568   Section        0  main.o(i.main)
    i.read_button_1                          0x080025a8   Section        0  button.o(i.read_button_1)
    i.read_rotary_a                          0x080025c0   Section        0  rotary.o(i.read_rotary_a)
    i.read_rotary_b                          0x080025ce   Section        0  rotary.o(i.read_rotary_b)
    i.solder1_init                           0x080025dc   Section        0  hotterctrl.o(i.solder1_init)
    i.tm1650_clk_1                           0x080025e8   Section        0  tm1650.o(i.tm1650_clk_1)
    i.tm1650_dio_1                           0x080025fa   Section        0  tm1650.o(i.tm1650_dio_1)
    i.tm1650_read_dio_1                      0x0800260c   Section        0  tm1650.o(i.tm1650_read_dio_1)
    .constdata                               0x08002628   Section       16  stm32f0xx_hal_rcc.o(.constdata)
    .constdata                               0x08002638   Section       14  tm1650.o(.constdata)
    .constdata                               0x08002646   Section        4  tm1650.o(.constdata)
    .constdata                               0x0800264a   Section        4  tm1650.o(.constdata)
    .constdata                               0x0800264e   Section        4  tm1650.o(.constdata)
    .constdata                               0x08002652   Section        4  tm1650.o(.constdata)
    .constdata                               0x08002656   Section        6  flash.o(.constdata)
    .data                                    0x20000000   Section        4  stm32f0xx_hal.o(.data)
    uwTick                                   0x20000000   Data           4  stm32f0xx_hal.o(.data)
    .data                                    0x20000004   Section        4  system_stm32f0xx.o(.data)
    .data                                    0x20000008   Section        1  hotter.o(.data)
    data_pre                                 0x20000008   Data           1  hotter.o(.data)
    .data                                    0x20000009   Section        2  button.o(.data)
    dir                                      0x20000009   Data           1  button.o(.data)
    continue_dir                             0x2000000a   Data           1  button.o(.data)
    .data                                    0x2000000b   Section        4  rotary.o(.data)
    N                                        0x2000000c   Data           1  rotary.o(.data)
    elec_leval_a_pre                         0x2000000d   Data           1  rotary.o(.data)
    elec_leval_b_pre                         0x2000000e   Data           1  rotary.o(.data)
    .data                                    0x20000010   Section        6  tm1650.o(.data)
    dir                                      0x20000010   Data           1  tm1650.o(.data)
    dir                                      0x20000011   Data           1  tm1650.o(.data)
    n                                        0x20000012   Data           1  tm1650.o(.data)
    led0pwmval                               0x20000014   Data           2  tm1650.o(.data)
    .data                                    0x20000018   Section       20  hotterctrl.o(.data)
    dir                                      0x20000018   Data           1  hotterctrl.o(.data)
    dir                                      0x20000019   Data           1  hotterctrl.o(.data)
    dir_1                                    0x2000001a   Data           1  hotterctrl.o(.data)
    check_time                               0x2000001b   Data           1  hotterctrl.o(.data)
    dir                                      0x2000001c   Data           1  hotterctrl.o(.data)
    minus_pre                                0x2000001e   Data           2  hotterctrl.o(.data)
    number                                   0x20000020   Data           2  hotterctrl.o(.data)
    .data                                    0x2000002c   Section      132  msg_task.o(.data)
    StaticFlag_1ms                           0x20000030   Data           1  msg_task.o(.data)
    StaticFlag_10ms                          0x20000031   Data           1  msg_task.o(.data)
    StaticFlag_100ms                         0x20000032   Data           1  msg_task.o(.data)
    times_count                              0x20000034   Data           2  msg_task.o(.data)
    count                                    0x20000036   Data           2  msg_task.o(.data)
    .data                                    0x200000b0   Section        2  adc_filter.o(.data)
    count                                    0x200000b0   Data           2  adc_filter.o(.data)
    .bss                                     0x200000b8   Section       32  stm32f0xx_hal_flash.o(.bss)
    .bss                                     0x200000d8   Section       76  adc.o(.bss)
    .bss                                     0x20000124   Section       60  tim.o(.bss)
    .bss                                     0x20000160   Section      328  hotter.o(.bss)
    solder_adc_array                         0x20000160   Data         256  hotter.o(.bss)
    .bss                                     0x200002a8   Section       20  button.o(.bss)
    .bss                                     0x200002bc   Section       12  rotary.o(.bss)
    .bss                                     0x200002c8   Section       28  tm1650.o(.bss)
    .bss                                     0x200002e4   Section       20  msg_task.o(.bss)
    temp                                     0x200002e4   Data          20  msg_task.o(.bss)
    STACK                                    0x200002f8   Section     1024  startup_stm32f030x6_1.o(STACK)

    Global Symbols

    Symbol Name                              Value     Ov Type        Size  Object(Section)

    BuildAttributes$$THM_ISAv3M$S$PE$A:L22$X:L11$S22$IEEE1$IW$USESV6$~STKCKD$USESV7$~SHL$OTIME$ROPI$EBA8$MICROLIB$REQ8$PRES8$EABIv2 0x00000000   Number         0  anon$$obj.o ABSOLUTE
    __ARM_use_no_argv                        0x00000000   Number         0  main.o ABSOLUTE
    __cpp_initialize__aeabi_                  - Undefined Weak Reference
    __cxa_finalize                            - Undefined Weak Reference
    __decompress                              - Undefined Weak Reference
    _clock_init                               - Undefined Weak Reference
    _microlib_exit                            - Undefined Weak Reference
    __Vectors_Size                           0x000000b0   Number         0  startup_stm32f030x6_1.o ABSOLUTE
    __Vectors                                0x08000000   Data           4  startup_stm32f030x6_1.o(RESET)
    __Vectors_End                            0x080000b0   Data           0  startup_stm32f030x6_1.o(RESET)
    __main                                   0x080000b1   Thumb Code     0  entry.o(.ARM.Collect$$$$00000000)
    _main_stk                                0x080000b1   Thumb Code     0  entry2.o(.ARM.Collect$$$$00000001)
    _main_scatterload                        0x080000b5   Thumb Code     0  entry5.o(.ARM.Collect$$$$00000004)
    __main_after_scatterload                 0x080000b9   Thumb Code     0  entry5.o(.ARM.Collect$$$$00000004)
    _main_clock                              0x080000b9   Thumb Code     0  entry7b.o(.ARM.Collect$$$$00000008)
    _main_cpp_init                           0x080000b9   Thumb Code     0  entry8b.o(.ARM.Collect$$$$0000000A)
    _main_init                               0x080000b9   Thumb Code     0  entry9a.o(.ARM.Collect$$$$0000000B)
    __rt_final_cpp                           0x080000c1   Thumb Code     0  entry10a.o(.ARM.Collect$$$$0000000D)
    __rt_final_exit                          0x080000c1   Thumb Code     0  entry11a.o(.ARM.Collect$$$$0000000F)
    Reset_Handler                            0x080000c5   Thumb Code     8  startup_stm32f030x6_1.o(.text)
    NMI_Handler                              0x080000cd   Thumb Code     2  startup_stm32f030x6_1.o(.text)
    HardFault_Handler                        0x080000cf   Thumb Code     2  startup_stm32f030x6_1.o(.text)
    SVC_Handler                              0x080000d1   Thumb Code     2  startup_stm32f030x6_1.o(.text)
    PendSV_Handler                           0x080000d3   Thumb Code     2  startup_stm32f030x6_1.o(.text)
    ADC1_IRQHandler                          0x080000d7   Thumb Code     0  startup_stm32f030x6_1.o(.text)
    DMA1_Channel1_IRQHandler                 0x080000d7   Thumb Code     0  startup_stm32f030x6_1.o(.text)
    DMA1_Channel2_3_IRQHandler               0x080000d7   Thumb Code     0  startup_stm32f030x6_1.o(.text)
    DMA1_Channel4_5_IRQHandler               0x080000d7   Thumb Code     0  startup_stm32f030x6_1.o(.text)
    EXTI2_3_IRQHandler                       0x080000d7   Thumb Code     0  startup_stm32f030x6_1.o(.text)
    EXTI4_15_IRQHandler                      0x080000d7   Thumb Code     0  startup_stm32f030x6_1.o(.text)
    FLASH_IRQHandler                         0x080000d7   Thumb Code     0  startup_stm32f030x6_1.o(.text)
    I2C1_IRQHandler                          0x080000d7   Thumb Code     0  startup_stm32f030x6_1.o(.text)
    RCC_IRQHandler                           0x080000d7   Thumb Code     0  startup_stm32f030x6_1.o(.text)
    RTC_IRQHandler                           0x080000d7   Thumb Code     0  startup_stm32f030x6_1.o(.text)
    SPI1_IRQHandler                          0x080000d7   Thumb Code     0  startup_stm32f030x6_1.o(.text)
    TIM16_IRQHandler                         0x080000d7   Thumb Code     0  startup_stm32f030x6_1.o(.text)
    TIM17_IRQHandler                         0x080000d7   Thumb Code     0  startup_stm32f030x6_1.o(.text)
    TIM1_BRK_UP_TRG_COM_IRQHandler           0x080000d7   Thumb Code     0  startup_stm32f030x6_1.o(.text)
    TIM1_CC_IRQHandler                       0x080000d7   Thumb Code     0  startup_stm32f030x6_1.o(.text)
    TIM3_IRQHandler                          0x080000d7   Thumb Code     0  startup_stm32f030x6_1.o(.text)
    USART1_IRQHandler                        0x080000d7   Thumb Code     0  startup_stm32f030x6_1.o(.text)
    WWDG_IRQHandler                          0x080000d7   Thumb Code     0  startup_stm32f030x6_1.o(.text)
    __aeabi_uidiv                            0x080000e1   Thumb Code     0  uidiv.o(.text)
    __aeabi_uidivmod                         0x080000e1   Thumb Code    44  uidiv.o(.text)
    __aeabi_idiv                             0x0800010d   Thumb Code     0  idiv.o(.text)
    __aeabi_idivmod                          0x0800010d   Thumb Code    40  idiv.o(.text)
    __aeabi_llsr                             0x08000135   Thumb Code    34  llushr.o(.text)
    _ll_ushift_r                             0x08000135   Thumb Code     0  llushr.o(.text)
    __aeabi_memcpy                           0x08000157   Thumb Code    36  memcpya.o(.text)
    __aeabi_memcpy4                          0x08000157   Thumb Code     0  memcpya.o(.text)
    __aeabi_memcpy8                          0x08000157   Thumb Code     0  memcpya.o(.text)
    __aeabi_fadd                             0x0800017b   Thumb Code   162  fadd.o(.text)
    __aeabi_fsub                             0x0800021d   Thumb Code     8  fadd.o(.text)
    __aeabi_frsub                            0x08000225   Thumb Code     8  fadd.o(.text)
    __aeabi_fmul                             0x0800022d   Thumb Code   122  fmul.o(.text)
    __aeabi_i2f                              0x080002a7   Thumb Code    22  fflti.o(.text)
    __aeabi_ui2f                             0x080002bd   Thumb Code    14  ffltui.o(.text)
    __aeabi_i2d                              0x080002cd   Thumb Code    34  dflti.o(.text)
    __aeabi_f2uiz                            0x080002f5   Thumb Code    40  ffixui.o(.text)
    __aeabi_d2uiz                            0x0800031d   Thumb Code    50  dfixui.o(.text)
    __I$use$fp                               0x08000359   Thumb Code     0  iusefp.o(.text)
    _float_round                             0x08000359   Thumb Code    16  fepilogue.o(.text)
    _float_epilogue                          0x08000369   Thumb Code   114  fepilogue.o(.text)
    _double_round                            0x080003db   Thumb Code    26  depilogue.o(.text)
    _double_epilogue                         0x080003f5   Thumb Code   164  depilogue.o(.text)
    __scatterload                            0x08000499   Thumb Code    28  init.o(.text)
    __scatterload_rt2                        0x08000499   Thumb Code     0  init.o(.text)
    __aeabi_llsl                             0x080004bd   Thumb Code    32  llshl.o(.text)
    _ll_shift_l                              0x080004bd   Thumb Code     0  llshl.o(.text)
    BUTTON_1_ISR                             0x08000561   Thumb Code    10  button.o(i.BUTTON_1_ISR)
    BUTTON_scan                              0x08000571   Thumb Code   114  button.o(i.BUTTON_scan)
    Button_1_init                            0x080005e9   Thumb Code    20  button.o(i.Button_1_init)
    EXTI0_1_IRQHandler                       0x08000605   Thumb Code    10  stm32f0xx_it.o(i.EXTI0_1_IRQHandler)
    Error_Handler                            0x0800060f   Thumb Code     2  main.o(i.Error_Handler)
    FD650_START                              0x08000611   Thumb Code    30  tm1650.o(i.FD650_START)
    FD650_STOP                               0x0800062f   Thumb Code    24  tm1650.o(i.FD650_STOP)
    FD650_send                               0x08000647   Thumb Code    36  tm1650.o(i.FD650_send)
    FD650_write                              0x0800066b   Thumb Code    66  tm1650.o(i.FD650_write)
    FLASH_PageErase                          0x080006d1   Thumb Code    28  stm32f0xx_hal_flash_ex.o(i.FLASH_PageErase)
    FLASH_WaitForLastOperation               0x08000745   Thumb Code    76  stm32f0xx_hal_flash.o(i.FLASH_WaitForLastOperation)
    Filter_hotter1321_adc_ISR                0x08000795   Thumb Code    18  hotter.o(i.Filter_hotter1321_adc_ISR)
    FlshPara_Init                            0x080007b1   Thumb Code   116  flash.o(i.FlshPara_Init)
    FlshPara_Save                            0x08000831   Thumb Code    80  flash.o(i.FlshPara_Save)
    Get_hotter1321_adc                       0x08000889   Thumb Code    26  hotter.o(i.Get_hotter1321_adc)
    HAL_ADCEx_Calibration_Start              0x080008a9   Thumb Code   148  stm32f0xx_hal_adc_ex.o(i.HAL_ADCEx_Calibration_Start)
    HAL_ADC_ConfigChannel                    0x0800093d   Thumb Code   254  stm32f0xx_hal_adc.o(i.HAL_ADC_ConfigChannel)
    HAL_ADC_GetValue                         0x08000a4d   Thumb Code     6  stm32f0xx_hal_adc.o(i.HAL_ADC_GetValue)
    HAL_ADC_Init                             0x08000a55   Thumb Code   362  stm32f0xx_hal_adc.o(i.HAL_ADC_Init)
    HAL_ADC_MspInit                          0x08000bc9   Thumb Code    54  adc.o(i.HAL_ADC_MspInit)
    HAL_ADC_PollForConversion                0x08000c09   Thumb Code   190  stm32f0xx_hal_adc.o(i.HAL_ADC_PollForConversion)
    HAL_ADC_Start                            0x08000cc9   Thumb Code    86  stm32f0xx_hal_adc.o(i.HAL_ADC_Start)
    HAL_FLASHEx_Erase                        0x08000d25   Thumb Code   148  stm32f0xx_hal_flash_ex.o(i.HAL_FLASHEx_Erase)
    HAL_FLASH_Lock                           0x08000dc5   Thumb Code    14  stm32f0xx_hal_flash.o(i.HAL_FLASH_Lock)
    HAL_FLASH_Program                        0x08000dd9   Thumb Code   112  stm32f0xx_hal_flash.o(i.HAL_FLASH_Program)
    HAL_FLASH_Unlock                         0x08000e55   Thumb Code    24  stm32f0xx_hal_flash.o(i.HAL_FLASH_Unlock)
    HAL_GPIO_EXTI_Callback                   0x08000e79   Thumb Code    14  gpio.o(i.HAL_GPIO_EXTI_Callback)
    HAL_GPIO_EXTI_IRQHandler                 0x08000e8d   Thumb Code    18  stm32f0xx_hal_gpio.o(i.HAL_GPIO_EXTI_IRQHandler)
    HAL_GPIO_Init                            0x08000ea5   Thumb Code   302  stm32f0xx_hal_gpio.o(i.HAL_GPIO_Init)
    HAL_GPIO_ReadPin                         0x08000fed   Thumb Code    10  stm32f0xx_hal_gpio.o(i.HAL_GPIO_ReadPin)
    HAL_GPIO_WritePin                        0x08000ff7   Thumb Code    12  stm32f0xx_hal_gpio.o(i.HAL_GPIO_WritePin)
    HAL_GetTick                              0x08001005   Thumb Code     6  stm32f0xx_hal.o(i.HAL_GetTick)
    HAL_IncTick                              0x08001011   Thumb Code    10  stm32f0xx_hal.o(i.HAL_IncTick)
    HAL_Init                                 0x08001021   Thumb Code    26  stm32f0xx_hal.o(i.HAL_Init)
    HAL_InitTick                             0x08001041   Thumb Code    34  stm32f0xx_hal.o(i.HAL_InitTick)
    HAL_MspInit                              0x08001065   Thumb Code    50  stm32f0xx_hal_msp.o(i.HAL_MspInit)
    HAL_NVIC_EnableIRQ                       0x0800109d   Thumb Code    14  stm32f0xx_hal_cortex.o(i.HAL_NVIC_EnableIRQ)
    HAL_NVIC_SetPriority                     0x080010b1   Thumb Code     8  stm32f0xx_hal_cortex.o(i.HAL_NVIC_SetPriority)
    HAL_RCC_ClockConfig                      0x080010b9   Thumb Code   260  stm32f0xx_hal_rcc.o(i.HAL_RCC_ClockConfig)
    HAL_RCC_GetHCLKFreq                      0x080011c9   Thumb Code    26  stm32f0xx_hal_rcc.o(i.HAL_RCC_GetHCLKFreq)
    HAL_RCC_GetSysClockFreq                  0x080011f1   Thumb Code    78  stm32f0xx_hal_rcc.o(i.HAL_RCC_GetSysClockFreq)
    HAL_RCC_OscConfig                        0x0800126d   Thumb Code   902  stm32f0xx_hal_rcc.o(i.HAL_RCC_OscConfig)
    HAL_SYSTICK_CLKSourceConfig              0x08001601   Thumb Code    20  stm32f0xx_hal_cortex.o(i.HAL_SYSTICK_CLKSourceConfig)
    HAL_SYSTICK_Callback                     0x08001619   Thumb Code    64  msg_task.o(i.HAL_SYSTICK_Callback)
    HAL_SYSTICK_Config                       0x0800165d   Thumb Code    38  stm32f0xx_hal_cortex.o(i.HAL_SYSTICK_Config)
    HAL_SYSTICK_IRQHandler                   0x0800168d   Thumb Code     8  stm32f0xx_hal_cortex.o(i.HAL_SYSTICK_IRQHandler)
    HAL_TIMEx_BreakCallback                  0x08001695   Thumb Code     2  stm32f0xx_hal_tim_ex.o(i.HAL_TIMEx_BreakCallback)
    HAL_TIMEx_CommutationCallback            0x08001697   Thumb Code     2  stm32f0xx_hal_tim_ex.o(i.HAL_TIMEx_CommutationCallback)
    HAL_TIM_Base_Init                        0x08001699   Thumb Code    52  stm32f0xx_hal_tim.o(i.HAL_TIM_Base_Init)
    HAL_TIM_Base_MspInit                     0x080016cd   Thumb Code    44  tim.o(i.HAL_TIM_Base_MspInit)
    HAL_TIM_Base_Start                       0x08001701   Thumb Code    24  stm32f0xx_hal_tim.o(i.HAL_TIM_Base_Start)
    HAL_TIM_IC_CaptureCallback               0x08001719   Thumb Code     2  stm32f0xx_hal_tim.o(i.HAL_TIM_IC_CaptureCallback)
    HAL_TIM_IRQHandler                       0x0800171b   Thumb Code   354  stm32f0xx_hal_tim.o(i.HAL_TIM_IRQHandler)
    HAL_TIM_OC_DelayElapsedCallback          0x0800187d   Thumb Code     2  stm32f0xx_hal_tim.o(i.HAL_TIM_OC_DelayElapsedCallback)
    HAL_TIM_PWM_PulseFinishedCallback        0x0800187f   Thumb Code     2  stm32f0xx_hal_tim.o(i.HAL_TIM_PWM_PulseFinishedCallback)
    HAL_TIM_PeriodElapsedCallback            0x08001881   Thumb Code     2  tim.o(i.HAL_TIM_PeriodElapsedCallback)
    HAL_TIM_TriggerCallback                  0x08001883   Thumb Code     2  stm32f0xx_hal_tim.o(i.HAL_TIM_TriggerCallback)
    HalTimeDelaySimple                       0x08001885   Thumb Code    34  msg_task.o(i.HalTimeDelaySimple)
    Heat_hotter1321                          0x080018ad   Thumb Code    24  hotter.o(i.Heat_hotter1321)
    Hotter1321Adc2temp                       0x080018c9   Thumb Code    58  hotter.o(i.Hotter1321Adc2temp)
    Hotter1321WorkingState_ISR               0x08001909   Thumb Code    74  hotter.o(i.Hotter1321WorkingState_ISR)
    Hotter1321_heated_time_count_ISR         0x08001959   Thumb Code    10  hotter.o(i.Hotter1321_heated_time_count_ISR)
    Hotter1321_init                          0x08001969   Thumb Code    92  hotter.o(i.Hotter1321_init)
    Hotter1321_power_on_scan_ISR             0x080019e1   Thumb Code    26  hotter.o(i.Hotter1321_power_on_scan_ISR)
    Hotter1321_realTemp_ISR                  0x08001a05   Thumb Code    14  hotter.o(i.Hotter1321_realTemp_ISR)
    MX_ADC_Init                              0x08001a19   Thumb Code    80  adc.o(i.MX_ADC_Init)
    MX_GPIO_Init                             0x08001a71   Thumb Code   170  gpio.o(i.MX_GPIO_Init)
    MX_TIM14_Init                            0x08001b2d   Thumb Code    36  tim.o(i.MX_TIM14_Init)
    Msg_delayms_process                      0x08001b59   Thumb Code    40  msg_task.o(i.Msg_delayms_process)
    Rotary_1_init                            0x08001bc9   Thumb Code    22  rotary.o(i.Rotary_1_init)
    Rotary_1_scan_ISR                        0x08001bed   Thumb Code    10  rotary.o(i.Rotary_1_scan_ISR)
    Rotary_scan                              0x08001bfd   Thumb Code   230  rotary.o(i.Rotary_scan)
    SOLDER_ALARM_operate                     0x08001ce9   Thumb Code   100  hotterctrl.o(i.SOLDER_ALARM_operate)
    SOLDER_IDLE_operate                      0x08001d61   Thumb Code   116  hotterctrl.o(i.SOLDER_IDLE_operate)
    SOLDER_POWERON_operate                   0x08001de9   Thumb Code   118  hotterctrl.o(i.SOLDER_POWERON_operate)
    SOLDER_TempADJUST_operate                0x08001e6d   Thumb Code   194  hotterctrl.o(i.SOLDER_TempADJUST_operate)
    SOLDER_TempCTRL_operate                  0x08001f49   Thumb Code   378  hotterctrl.o(i.SOLDER_TempCTRL_operate)
    SOLDER_TempSET_operate                   0x080020dd   Thumb Code   122  hotterctrl.o(i.SOLDER_TempSET_operate)
    Solder_1_Transformation                  0x0800216d   Thumb Code    58  hotterctrl.o(i.Solder_1_Transformation)
    Solder_1_poweron_ISR                     0x080021ad   Thumb Code    16  hotterctrl.o(i.Solder_1_poweron_ISR)
    SysTick_Handler                          0x080021c5   Thumb Code    12  stm32f0xx_it.o(i.SysTick_Handler)
    SystemClock_Config                       0x080021d1   Thumb Code    96  main.o(i.SystemClock_Config)
    SystemInit                               0x08002231   Thumb Code    78  system_stm32f0xx.o(i.SystemInit)
    TIM14_IRQHandler                         0x0800228d   Thumb Code    10  stm32f0xx_it.o(i.TIM14_IRQHandler)
    TIM_Base_SetConfig                       0x0800229d   Thumb Code    94  stm32f0xx_hal_tim.o(i.TIM_Base_SetConfig)
    Tm1650_1_init                            0x08002311   Thumb Code    26  tm1650.o(i.Tm1650_1_init)
    Tm1650_1_show_ISR                        0x0800233d   Thumb Code   292  tm1650.o(i.Tm1650_1_show_ISR)
    __ARM_clz                                0x0800246d   Thumb Code    46  depilogue.o(i.__ARM_clz)
    __ARM_common_switch8                     0x0800249b   Thumb Code    26  stm32f0xx_hal_tim.o(i.__ARM_common_switch8)
    __scatterload_copy                       0x080024b5   Thumb Code    14  handlers.o(i.__scatterload_copy)
    __scatterload_null                       0x080024c3   Thumb Code     2  handlers.o(i.__scatterload_null)
    __scatterload_zeroinit                   0x080024c5   Thumb Code    14  handlers.o(i.__scatterload_zeroinit)
    avg_filter                               0x080024d5   Thumb Code    50  adc_filter.o(i.avg_filter)
    delaymsTask_CTRL                         0x0800250d   Thumb Code    30  msg_task.o(i.delaymsTask_CTRL)
    delaymsTask_ISR                          0x08002531   Thumb Code    48  msg_task.o(i.delaymsTask_ISR)
    main                                     0x08002569   Thumb Code    54  main.o(i.main)
    read_button_1                            0x080025a9   Thumb Code    24  button.o(i.read_button_1)
    read_rotary_a                            0x080025c1   Thumb Code    14  rotary.o(i.read_rotary_a)
    read_rotary_b                            0x080025cf   Thumb Code    14  rotary.o(i.read_rotary_b)
    solder1_init                             0x080025dd   Thumb Code     8  hotterctrl.o(i.solder1_init)
    tm1650_clk_1                             0x080025e9   Thumb Code    18  tm1650.o(i.tm1650_clk_1)
    tm1650_dio_1                             0x080025fb   Thumb Code    18  tm1650.o(i.tm1650_dio_1)
    tm1650_read_dio_1                        0x0800260d   Thumb Code    28  tm1650.o(i.tm1650_read_dio_1)
    aAPBAHBPrescTable                        0x08002628   Data          16  stm32f0xx_hal_rcc.o(.constdata)
    CODE_Clean                               0x08002638   Data           4  tm1650.o(.constdata)
    CODE00                                   0x0800263c   Data          10  tm1650.o(.constdata)
    S_E                                      0x08002646   Data           4  tm1650.o(.constdata)
    H_E                                      0x0800264a   Data           4  tm1650.o(.constdata)
    OFF                                      0x0800264e   Data           4  tm1650.o(.constdata)
    CAL                                      0x08002652   Data           4  tm1650.o(.constdata)
    hotter_flash_default                     0x08002656   Data           6  flash.o(.constdata)
    Region$$Table$$Base                      0x0800265c   Number         0  anon$$obj.o(Region$$Table)
    Region$$Table$$Limit                     0x0800267c   Number         0  anon$$obj.o(Region$$Table)
    SystemCoreClock                          0x20000004   Data           4  system_stm32f0xx.o(.data)
    temple                                   0x2000000b   Data           1  rotary.o(.data)
    solder1                                  0x20000024   Data           8  hotterctrl.o(.data)
    hal_1ms_flag                             0x2000002c   Data           1  msg_task.o(.data)
    hal_10ms_flag                            0x2000002d   Data           1  msg_task.o(.data)
    hal_100ms_flag                           0x2000002e   Data           1  msg_task.o(.data)
    hal_1s_flag                              0x2000002f   Data           1  msg_task.o(.data)
    Msg_delayms                              0x20000038   Data         120  msg_task.o(.data)
    pFlash                                   0x200000b8   Data          32  stm32f0xx_hal_flash.o(.bss)
    hadc                                     0x200000d8   Data          76  adc.o(.bss)
    htim14                                   0x20000124   Data          60  tim.o(.bss)
    hotter1321                               0x20000260   Data          72  hotter.o(.bss)
    button_1                                 0x200002a8   Data          20  button.o(.bss)
    rotary_1                                 0x200002bc   Data          12  rotary.o(.bss)
    tm1650_1                                 0x200002c8   Data          28  tm1650.o(.bss)
    __initial_sp                             0x200006f8   Data           0  startup_stm32f030x6_1.o(STACK)



==============================================================================

Memory Map of the image

  Image Entry point : 0x080000b1

  Load Region LR_IROM1 (Base: 0x08000000, Size: 0x00002730, Max: 0x00004000, ABSOLUTE)

    Execution Region ER_IROM1 (Base: 0x08000000, Size: 0x0000267c, Max: 0x00004000, ABSOLUTE)

    Base Addr    Size         Type   Attr      Idx    E Section Name        Object

    0x08000000   0x000000b0   Data   RO            3    RESET               startup_stm32f030x6_1.o
    0x080000b0   0x00000000   Code   RO         3172  * .ARM.Collect$$$$00000000  mc_p.l(entry.o)
    0x080000b0   0x00000004   Code   RO         3201    .ARM.Collect$$$$00000001  mc_p.l(entry2.o)
    0x080000b4   0x00000004   Code   RO         3204    .ARM.Collect$$$$00000004  mc_p.l(entry5.o)
    0x080000b8   0x00000000   Code   RO         3206    .ARM.Collect$$$$00000008  mc_p.l(entry7b.o)
    0x080000b8   0x00000000   Code   RO         3208    .ARM.Collect$$$$0000000A  mc_p.l(entry8b.o)
    0x080000b8   0x00000008   Code   RO         3209    .ARM.Collect$$$$0000000B  mc_p.l(entry9a.o)
    0x080000c0   0x00000000   Code   RO         3211    .ARM.Collect$$$$0000000D  mc_p.l(entry10a.o)
    0x080000c0   0x00000000   Code   RO         3213    .ARM.Collect$$$$0000000F  mc_p.l(entry11a.o)
    0x080000c0   0x00000004   Code   RO         3202    .ARM.Collect$$$$00002712  mc_p.l(entry2.o)
    0x080000c4   0x0000001c   Code   RO            4    .text               startup_stm32f030x6_1.o
    0x080000e0   0x0000002c   Code   RO         3175    .text               mc_p.l(uidiv.o)
    0x0800010c   0x00000028   Code   RO         3177    .text               mc_p.l(idiv.o)
    0x08000134   0x00000022   Code   RO         3179    .text               mc_p.l(llushr.o)
    0x08000156   0x00000024   Code   RO         3181    .text               mc_p.l(memcpya.o)
    0x0800017a   0x000000b2   Code   RO         3187    .text               mf_p.l(fadd.o)
    0x0800022c   0x0000007a   Code   RO         3189    .text               mf_p.l(fmul.o)
    0x080002a6   0x00000016   Code   RO         3191    .text               mf_p.l(fflti.o)
    0x080002bc   0x0000000e   Code   RO         3193    .text               mf_p.l(ffltui.o)
    0x080002ca   0x00000002   PAD
    0x080002cc   0x00000028   Code   RO         3195    .text               mf_p.l(dflti.o)
    0x080002f4   0x00000028   Code   RO         3197    .text               mf_p.l(ffixui.o)
    0x0800031c   0x0000003c   Code   RO         3199    .text               mf_p.l(dfixui.o)
    0x08000358   0x00000000   Code   RO         3215    .text               mc_p.l(iusefp.o)
    0x08000358   0x00000082   Code   RO         3216    .text               mf_p.l(fepilogue.o)
    0x080003da   0x000000be   Code   RO         3218    .text               mf_p.l(depilogue.o)
    0x08000498   0x00000024   Code   RO         3222    .text               mc_p.l(init.o)
    0x080004bc   0x00000020   Code   RO         3224    .text               mc_p.l(llshl.o)
    0x080004dc   0x00000084   Code   RO         2098    i.ADC_Enable        stm32f0xx_hal_adc.o
    0x08000560   0x00000010   Code   RO         2621    i.BUTTON_1_ISR      button.o
    0x08000570   0x00000078   Code   RO         2622    i.BUTTON_scan       button.o
    0x080005e8   0x0000001c   Code   RO         2623    i.Button_1_init     button.o
    0x08000604   0x0000000a   Code   RO         2335    i.EXTI0_1_IRQHandler  stm32f0xx_it.o
    0x0800060e   0x00000002   Code   RO         2269    i.Error_Handler     main.o
    0x08000610   0x0000001e   Code   RO         2718    i.FD650_START       tm1650.o
    0x0800062e   0x00000018   Code   RO         2719    i.FD650_STOP        tm1650.o
    0x08000646   0x00000024   Code   RO         2721    i.FD650_send        tm1650.o
    0x0800066a   0x00000042   Code   RO         2722    i.FD650_write       tm1650.o
    0x080006ac   0x00000024   Code   RO          352    i.FLASH_MassErase   stm32f0xx_hal_flash_ex.o
    0x080006d0   0x00000024   Code   RO          355    i.FLASH_PageErase   stm32f0xx_hal_flash_ex.o
    0x080006f4   0x00000020   Code   RO          423    i.FLASH_Program_HalfWord  stm32f0xx_hal_flash.o
    0x08000714   0x00000030   Code   RO          424    i.FLASH_SetErrorCode  stm32f0xx_hal_flash.o
    0x08000744   0x00000050   Code   RO          425    i.FLASH_WaitForLastOperation  stm32f0xx_hal_flash.o
    0x08000794   0x0000001c   Code   RO         2543    i.Filter_hotter1321_adc_ISR  hotter.o
    0x080007b0   0x00000080   Code   RO         3060    i.FlshPara_Init     flash.o
    0x08000830   0x00000058   Code   RO         3061    i.FlshPara_Save     flash.o
    0x08000888   0x00000020   Code   RO         2544    i.Get_hotter1321_adc  hotter.o
    0x080008a8   0x00000094   Code   RO         2073    i.HAL_ADCEx_Calibration_Start  stm32f0xx_hal_adc_ex.o
    0x0800093c   0x00000110   Code   RO         2100    i.HAL_ADC_ConfigChannel  stm32f0xx_hal_adc.o
    0x08000a4c   0x00000006   Code   RO         2107    i.HAL_ADC_GetValue  stm32f0xx_hal_adc.o
    0x08000a52   0x00000002   PAD
    0x08000a54   0x00000174   Code   RO         2109    i.HAL_ADC_Init      stm32f0xx_hal_adc.o
    0x08000bc8   0x00000040   Code   RO         2429    i.HAL_ADC_MspInit   adc.o
    0x08000c08   0x000000be   Code   RO         2113    i.HAL_ADC_PollForConversion  stm32f0xx_hal_adc.o
    0x08000cc6   0x00000002   PAD
    0x08000cc8   0x0000005c   Code   RO         2115    i.HAL_ADC_Start     stm32f0xx_hal_adc.o
    0x08000d24   0x000000a0   Code   RO          356    i.HAL_FLASHEx_Erase  stm32f0xx_hal_flash_ex.o
    0x08000dc4   0x00000014   Code   RO          429    i.HAL_FLASH_Lock    stm32f0xx_hal_flash.o
    0x08000dd8   0x0000007c   Code   RO          434    i.HAL_FLASH_Program  stm32f0xx_hal_flash.o
    0x08000e54   0x00000024   Code   RO          436    i.HAL_FLASH_Unlock  stm32f0xx_hal_flash.o
    0x08000e78   0x00000014   Code   RO         2394    i.HAL_GPIO_EXTI_Callback  gpio.o
    0x08000e8c   0x00000018   Code   RO          124    i.HAL_GPIO_EXTI_IRQHandler  stm32f0xx_hal_gpio.o
    0x08000ea4   0x00000148   Code   RO          125    i.HAL_GPIO_Init     stm32f0xx_hal_gpio.o
    0x08000fec   0x0000000a   Code   RO          127    i.HAL_GPIO_ReadPin  stm32f0xx_hal_gpio.o
    0x08000ff6   0x0000000c   Code   RO          129    i.HAL_GPIO_WritePin  stm32f0xx_hal_gpio.o
    0x08001002   0x00000002   PAD
    0x08001004   0x0000000c   Code   RO          657    i.HAL_GetTick       stm32f0xx_hal.o
    0x08001010   0x00000010   Code   RO          658    i.HAL_IncTick       stm32f0xx_hal.o
    0x08001020   0x00000020   Code   RO          659    i.HAL_Init          stm32f0xx_hal.o
    0x08001040   0x00000022   Code   RO          660    i.HAL_InitTick      stm32f0xx_hal.o
    0x08001062   0x00000002   PAD
    0x08001064   0x00000038   Code   RO         2374    i.HAL_MspInit       stm32f0xx_hal_msp.o
    0x0800109c   0x00000014   Code   RO          556    i.HAL_NVIC_EnableIRQ  stm32f0xx_hal_cortex.o
    0x080010b0   0x00000008   Code   RO          560    i.HAL_NVIC_SetPriority  stm32f0xx_hal_cortex.o
    0x080010b8   0x00000110   Code   RO          258    i.HAL_RCC_ClockConfig  stm32f0xx_hal_rcc.o
    0x080011c8   0x00000028   Code   RO          263    i.HAL_RCC_GetHCLKFreq  stm32f0xx_hal_rcc.o
    0x080011f0   0x0000007c   Code   RO          266    i.HAL_RCC_GetSysClockFreq  stm32f0xx_hal_rcc.o
    0x0800126c   0x00000394   Code   RO          269    i.HAL_RCC_OscConfig  stm32f0xx_hal_rcc.o
    0x08001600   0x00000018   Code   RO          562    i.HAL_SYSTICK_CLKSourceConfig  stm32f0xx_hal_cortex.o
    0x08001618   0x00000044   Code   RO         2942    i.HAL_SYSTICK_Callback  msg_task.o
    0x0800165c   0x00000030   Code   RO          564    i.HAL_SYSTICK_Config  stm32f0xx_hal_cortex.o
    0x0800168c   0x00000008   Code   RO          565    i.HAL_SYSTICK_IRQHandler  stm32f0xx_hal_cortex.o
    0x08001694   0x00000002   Code   RO         1481    i.HAL_TIMEx_BreakCallback  stm32f0xx_hal_tim_ex.o
    0x08001696   0x00000002   Code   RO         1482    i.HAL_TIMEx_CommutationCallback  stm32f0xx_hal_tim_ex.o
    0x08001698   0x00000034   Code   RO          854    i.HAL_TIM_Base_Init  stm32f0xx_hal_tim.o
    0x080016cc   0x00000034   Code   RO         2467    i.HAL_TIM_Base_MspInit  tim.o
    0x08001700   0x00000018   Code   RO          857    i.HAL_TIM_Base_Start  stm32f0xx_hal_tim.o
    0x08001718   0x00000002   Code   RO          883    i.HAL_TIM_IC_CaptureCallback  stm32f0xx_hal_tim.o
    0x0800171a   0x00000162   Code   RO          896    i.HAL_TIM_IRQHandler  stm32f0xx_hal_tim.o
    0x0800187c   0x00000002   Code   RO          899    i.HAL_TIM_OC_DelayElapsedCallback  stm32f0xx_hal_tim.o
    0x0800187e   0x00000002   Code   RO          926    i.HAL_TIM_PWM_PulseFinishedCallback  stm32f0xx_hal_tim.o
    0x08001880   0x00000002   Code   RO         2468    i.HAL_TIM_PeriodElapsedCallback  tim.o
    0x08001882   0x00000002   Code   RO          937    i.HAL_TIM_TriggerCallback  stm32f0xx_hal_tim.o
    0x08001884   0x00000028   Code   RO         2944    i.HalTimeDelaySimple  msg_task.o
    0x080018ac   0x0000001c   Code   RO         2545    i.Heat_hotter1321   hotter.o
    0x080018c8   0x00000040   Code   RO         2546    i.Hotter1321Adc2temp  hotter.o
    0x08001908   0x00000050   Code   RO         2547    i.Hotter1321WorkingState_ISR  hotter.o
    0x08001958   0x00000010   Code   RO         2548    i.Hotter1321_heated_time_count_ISR  hotter.o
    0x08001968   0x00000078   Code   RO         2549    i.Hotter1321_init   hotter.o
    0x080019e0   0x00000024   Code   RO         2550    i.Hotter1321_power_on_scan_ISR  hotter.o
    0x08001a04   0x00000014   Code   RO         2551    i.Hotter1321_realTemp_ISR  hotter.o
    0x08001a18   0x00000058   Code   RO         2430    i.MX_ADC_Init       adc.o
    0x08001a70   0x000000bc   Code   RO         2395    i.MX_GPIO_Init      gpio.o
    0x08001b2c   0x0000002c   Code   RO         2469    i.MX_TIM14_Init     tim.o
    0x08001b58   0x0000002c   Code   RO         2946    i.Msg_delayms_process  msg_task.o
    0x08001b84   0x00000044   Code   RO          566    i.NVIC_SetPriority  stm32f0xx_hal_cortex.o
    0x08001bc8   0x00000024   Code   RO         2666    i.Rotary_1_init     rotary.o
    0x08001bec   0x00000010   Code   RO         2667    i.Rotary_1_scan_ISR  rotary.o
    0x08001bfc   0x000000ec   Code   RO         2668    i.Rotary_scan       rotary.o
    0x08001ce8   0x00000078   Code   RO         2832    i.SOLDER_ALARM_operate  hotterctrl.o
    0x08001d60   0x00000088   Code   RO         2833    i.SOLDER_IDLE_operate  hotterctrl.o
    0x08001de8   0x00000084   Code   RO         2834    i.SOLDER_POWERON_operate  hotterctrl.o
    0x08001e6c   0x000000dc   Code   RO         2835    i.SOLDER_TempADJUST_operate  hotterctrl.o
    0x08001f48   0x00000194   Code   RO         2836    i.SOLDER_TempCTRL_operate  hotterctrl.o
    0x080020dc   0x00000090   Code   RO         2837    i.SOLDER_TempSET_operate  hotterctrl.o
    0x0800216c   0x00000040   Code   RO         2838    i.Solder_1_Transformation  hotterctrl.o
    0x080021ac   0x00000018   Code   RO         2839    i.Solder_1_poweron_ISR  hotterctrl.o
    0x080021c4   0x0000000c   Code   RO         2336    i.SysTick_Handler   stm32f0xx_it.o
    0x080021d0   0x00000060   Code   RO         2270    i.SystemClock_Config  main.o
    0x08002230   0x0000005c   Code   RO         2511    i.SystemInit        system_stm32f0xx.o
    0x0800228c   0x00000010   Code   RO         2337    i.TIM14_IRQHandler  stm32f0xx_it.o
    0x0800229c   0x00000074   Code   RO          938    i.TIM_Base_SetConfig  stm32f0xx_hal_tim.o
    0x08002310   0x0000002c   Code   RO         2724    i.Tm1650_1_init     tm1650.o
    0x0800233c   0x00000130   Code   RO         2725    i.Tm1650_1_show_ISR  tm1650.o
    0x0800246c   0x0000002e   Code   RO         3220    i.__ARM_clz         mf_p.l(depilogue.o)
    0x0800249a   0x0000001a   Code   RO         1473    i.__ARM_common_switch8  stm32f0xx_hal_tim.o
    0x080024b4   0x0000000e   Code   RO         3228    i.__scatterload_copy  mc_p.l(handlers.o)
    0x080024c2   0x00000002   Code   RO         3229    i.__scatterload_null  mc_p.l(handlers.o)
    0x080024c4   0x0000000e   Code   RO         3230    i.__scatterload_zeroinit  mc_p.l(handlers.o)
    0x080024d2   0x00000002   PAD
    0x080024d4   0x00000038   Code   RO         3030    i.avg_filter        adc_filter.o
    0x0800250c   0x00000024   Code   RO         2947    i.delaymsTask_CTRL  msg_task.o
    0x08002530   0x00000038   Code   RO         2948    i.delaymsTask_ISR   msg_task.o
    0x08002568   0x00000040   Code   RO         2271    i.main              main.o
    0x080025a8   0x00000018   Code   RO         2624    i.read_button_1     button.o
    0x080025c0   0x0000000e   Code   RO         2669    i.read_rotary_a     rotary.o
    0x080025ce   0x0000000e   Code   RO         2670    i.read_rotary_b     rotary.o
    0x080025dc   0x0000000c   Code   RO         2840    i.solder1_init      hotterctrl.o
    0x080025e8   0x00000012   Code   RO         2726    i.tm1650_clk_1      tm1650.o
    0x080025fa   0x00000012   Code   RO         2727    i.tm1650_dio_1      tm1650.o
    0x0800260c   0x0000001c   Code   RO         2728    i.tm1650_read_dio_1  tm1650.o
    0x08002628   0x00000010   Data   RO          270    .constdata          stm32f0xx_hal_rcc.o
    0x08002638   0x0000000e   Data   RO         2730    .constdata          tm1650.o
    0x08002646   0x00000004   Data   RO         2733    .constdata          tm1650.o
    0x0800264a   0x00000004   Data   RO         2734    .constdata          tm1650.o
    0x0800264e   0x00000004   Data   RO         2735    .constdata          tm1650.o
    0x08002652   0x00000004   Data   RO         2736    .constdata          tm1650.o
    0x08002656   0x00000006   Data   RO         3063    .constdata          flash.o
    0x0800265c   0x00000020   Data   RO         3226    Region$$Table       anon$$obj.o


    Execution Region RW_IRAM1 (Base: 0x20000000, Size: 0x000006f8, Max: 0x00001000, ABSOLUTE)

    Base Addr    Size         Type   Attr      Idx    E Section Name        Object

    0x20000000   0x00000004   Data   RW          665    .data               stm32f0xx_hal.o
    0x20000004   0x00000004   Data   RW         2513    .data               system_stm32f0xx.o
    0x20000008   0x00000001   Data   RW         2553    .data               hotter.o
    0x20000009   0x00000002   Data   RW         2626    .data               button.o
    0x2000000b   0x00000004   Data   RW         2672    .data               rotary.o
    0x2000000f   0x00000001   PAD
    0x20000010   0x00000006   Data   RW         2754    .data               tm1650.o
    0x20000016   0x00000002   PAD
    0x20000018   0x00000014   Data   RW         2841    .data               hotterctrl.o
    0x2000002c   0x00000084   Data   RW         2950    .data               msg_task.o
    0x200000b0   0x00000002   Data   RW         3033    .data               adc_filter.o
    0x200000b2   0x00000006   PAD
    0x200000b8   0x00000020   Zero   RW          437    .bss                stm32f0xx_hal_flash.o
    0x200000d8   0x0000004c   Zero   RW         2431    .bss                adc.o
    0x20000124   0x0000003c   Zero   RW         2470    .bss                tim.o
    0x20000160   0x00000148   Zero   RW         2552    .bss                hotter.o
    0x200002a8   0x00000014   Zero   RW         2625    .bss                button.o
    0x200002bc   0x0000000c   Zero   RW         2671    .bss                rotary.o
    0x200002c8   0x0000001c   Zero   RW         2729    .bss                tm1650.o
    0x200002e4   0x00000014   Zero   RW         2949    .bss                msg_task.o
    0x200002f8   0x00000400   Zero   RW            1    STACK               startup_stm32f030x6_1.o


==============================================================================

Image component sizes


      Code (inc. data)   RO Data    RW Data    ZI Data      Debug   Object Name

       152         18          0          0         76       1455   adc.o
        56          6          0          2          0        937   adc_filter.o
       188         20          0          2         20       2884   button.o
       216         20          6          0          0       2351   flash.o
       208         24          0          0          0       1360   gpio.o
       424         82          0          1        328       5708   hotter.o
      1256        156          0         20          0       6439   hotterctrl.o
       162         10          0          0          0       1804   main.o
       244         28          0        132         20       4806   msg_task.o
       316         34          0          4         12       3592   rotary.o
        28          8        176          0       1024        604   startup_stm32f030x6_1.o
        94         18          0          4          0       2870   stm32f0xx_hal.o
      1064         46          0          0          0       5506   stm32f0xx_hal_adc.o
       148          0          0          0          0       1254   stm32f0xx_hal_adc_ex.o
       176         28          0          0          0       9856   stm32f0xx_hal_cortex.o
       340         54          0          0         32       4422   stm32f0xx_hal_flash.o
       232         30          0          0          0       2965   stm32f0xx_hal_flash_ex.o
       374         32          0          0          0       3494   stm32f0xx_hal_gpio.o
        56          6          0          0          0        758   stm32f0xx_hal_msp.o
         0          0          0          0          0     179188   stm32f0xx_hal_pwr_ex.o
      1352         86         16          0          0       4702   stm32f0xx_hal_rcc.o
       580         22          0          0          0       6120   stm32f0xx_hal_tim.o
         4          0          0          0          0       1518   stm32f0xx_hal_tim_ex.o
        38          6          0          0          0       1258   stm32f0xx_it.o
        92         14          0          4          0       1233   system_stm32f0xx.o
        98         16          0          0         60       1804   tim.o
       568         30         30          6         28       7016   tm1650.o

    ----------------------------------------------------------------------
      8474        794        260        180       1604     265904   Object Totals
         0          0         32          0          0          0   (incl. Generated)
         8          0          0          5          4          0   (incl. Padding)

    ----------------------------------------------------------------------

      Code (inc. data)   RO Data    RW Data    ZI Data      Debug   Library Member Name

         0          0          0          0          0          0   entry.o
         0          0          0          0          0          0   entry10a.o
         0          0          0          0          0          0   entry11a.o
         8          4          0          0          0          0   entry2.o
         4          0          0          0          0          0   entry5.o
         0          0          0          0          0          0   entry7b.o
         0          0          0          0          0          0   entry8b.o
         8          4          0          0          0          0   entry9a.o
        30          0          0          0          0          0   handlers.o
        40          0          0          0          0         72   idiv.o
        36          8          0          0          0         68   init.o
         0          0          0          0          0          0   iusefp.o
        32          0          0          0          0         68   llshl.o
        34          0          0          0          0         68   llushr.o
        36          0          0          0          0         60   memcpya.o
        44          0          0          0          0         72   uidiv.o
       236          0          0          0          0        216   depilogue.o
        60         10          0          0          0         68   dfixui.o
        40          6          0          0          0         68   dflti.o
       178          0          0          0          0        108   fadd.o
       130          0          0          0          0        144   fepilogue.o
        40          0          0          0          0         60   ffixui.o
        22          0          0          0          0         68   fflti.o
        14          0          0          0          0         68   ffltui.o
       122          0          0          0          0         72   fmul.o

    ----------------------------------------------------------------------
      1118         32          0          0          0       1280   Library Totals
         4          0          0          0          0          0   (incl. Padding)

    ----------------------------------------------------------------------

      Code (inc. data)   RO Data    RW Data    ZI Data      Debug   Library Name

       272         16          0          0          0        408   mc_p.l
       842         16          0          0          0        872   mf_p.l

    ----------------------------------------------------------------------
      1118         32          0          0          0       1280   Library Totals

    ----------------------------------------------------------------------

==============================================================================


      Code (inc. data)   RO Data    RW Data    ZI Data      Debug   

      9592        826        260        180       1604     262276   Grand Totals
      9592        826        260        180       1604     262276   ELF Image Totals
      9592        826        260        180          0          0   ROM Totals

==============================================================================

    Total RO  Size (Code + RO Data)                 9852 (   9.62kB)
    Total RW  Size (RW Data + ZI Data)              1784 (   1.74kB)
    Total ROM Size (Code + RO Data + RW Data)      10032 (   9.80kB)

==============================================================================

